Archive member included to satisfy reference by file (symbol)

C:/devkitPro/libctru/lib\libctru.a(gfx.o)
                              main.o (gfxSet3D)
C:/devkitPro/libctru/lib\libctru.a(apt.o)
                              main.o (aptMainLoop)
C:/devkitPro/libctru/lib\libctru.a(cam.o)
                              main.o (camInit)
C:/devkitPro/libctru/lib\libctru.a(gspgpu.o)
                              C:/devkitPro/libctru/lib\libctru.a(gfx.o) (gspInit)
C:/devkitPro/libctru/lib\libctru.a(hid.o)
                              main.o (hidScanInput)
C:/devkitPro/libctru/lib\libctru.a(irrst.o)
                              C:/devkitPro/libctru/lib\libctru.a(hid.o) (irrstInit)
C:/devkitPro/libctru/lib\libctru.a(ctru_init.o)
                              C:/devkitPro/libctru/lib\libctru.a(apt.o) (__system_retAddr)
C:/devkitPro/libctru/lib\libctru.a(initArgv.o)
                              C:/devkitPro/libctru/lib\libctru.a(ctru_init.o) (__system_initArgv)
C:/devkitPro/libctru/lib\libctru.a(syscalls.o)
                              C:/devkitPro/libctru/lib\libctru.a(ctru_init.o) (__system_initSyscalls)
C:/devkitPro/libctru/lib\libctru.a(svc.o)
                              main.o (svcSleepThread)
C:/devkitPro/libctru/lib\libctru.a(stack_adjust.o)
                              C:/devkitPro/devkitARM/bin/../lib/gcc/arm-none-eabi/16.1.0/../../../../arm-none-eabi/lib/armv6k/fpu/3dsx_crt0.o (initSystem)
C:/devkitPro/libctru/lib\libctru.a(linear.o)
                              C:/devkitPro/libctru/lib\libctru.a(gfx.o) (linearAlloc)
C:/devkitPro/libctru/lib\libctru.a(mem_pool.o)
                              C:/devkitPro/libctru/lib\libctru.a(linear.o) (MemPool::Allocate(MemChunk&, unsigned long, int))
C:/devkitPro/libctru/lib\libctru.a(vram.o)
                              C:/devkitPro/libctru/lib\libctru.a(gfx.o) (vramAlloc)
C:/devkitPro/libctru/lib\libctru.a(3dslink.o)
                              C:/devkitPro/libctru/lib\libctru.a(initArgv.o) (__3dslink_host)
C:/devkitPro/libctru/lib\libctru.a(env.o)
                              C:/devkitPro/libctru/lib\libctru.a(irrst.o) (envGetHandle)
C:/devkitPro/libctru/lib\libctru.a(os.o)
                              C:/devkitPro/libctru/lib\libctru.a(syscalls.o) (osGetTime)
C:/devkitPro/libctru/lib\libctru.a(srv.o)
                              C:/devkitPro/libctru/lib\libctru.a(apt.o) (srvInit)
C:/devkitPro/libctru/lib\libctru.a(synchronization.o)
                              C:/devkitPro/libctru/lib\libctru.a(ctru_init.o) (__sync_init)
C:/devkitPro/libctru/lib\libctru.a(thread.o)
                              C:/devkitPro/libctru/lib\libctru.a(apt.o) (threadCreate)
C:/devkitPro/libctru/lib\libctru.a(mappable.o)
                              C:/devkitPro/libctru/lib\libctru.a(apt.o) (mappableAlloc)
C:/devkitPro/libctru/lib\libctru.a(ptmsysm.o)
                              C:/devkitPro/libctru/lib\libctru.a(os.o) (ptmSysmInit)
C:/devkitPro/libctru/lib\libctru.a(srvpm.o)
                              C:/devkitPro/libctru/lib\libctru.a(srv.o) (srvPmGetSessionHandle)
C:/devkitPro/libctru/lib\libctru.a(soc_connect.o)
                              C:/devkitPro/libctru/lib\libctru.a(3dslink.o) (connect)
C:/devkitPro/libctru/lib\libctru.a(soc_socket.o)
                              C:/devkitPro/libctru/lib\libctru.a(3dslink.o) (socket)
C:/devkitPro/libctru/lib\libctru.a(rbtree_find.o)
                              C:/devkitPro/libctru/lib\libctru.a(linear.o) (rbtree_find)
C:/devkitPro/libctru/lib\libctru.a(rbtree_init.o)
                              C:/devkitPro/libctru/lib\libctru.a(linear.o) (rbtree_init)
C:/devkitPro/libctru/lib\libctru.a(rbtree_insert.o)
                              C:/devkitPro/libctru/lib\libctru.a(linear.o) (rbtree_insert)
C:/devkitPro/libctru/lib\libctru.a(rbtree_remove.o)
                              C:/devkitPro/libctru/lib\libctru.a(linear.o) (rbtree_remove)
C:/devkitPro/libctru/lib\libctru.a(rbtree_rotate.o)
                              C:/devkitPro/libctru/lib\libctru.a(rbtree_insert.o) (rbtree_rotate)
C:/devkitPro/libctru/lib\libctru.a(allocateHeaps.o)
                              C:/devkitPro/libctru/lib\libctru.a(ctru_init.o) (__system_allocateHeaps)
C:/devkitPro/libctru/lib\libctru.a(appExit.o)
                              C:/devkitPro/libctru/lib\libctru.a(stack_adjust.o) (__appExit)
C:/devkitPro/libctru/lib\libctru.a(appInit.o)
                              C:/devkitPro/libctru/lib\libctru.a(stack_adjust.o) (__appInit)
C:/devkitPro/libctru/lib\libctru.a(ctru_exit.o)
                              C:/devkitPro/libctru/lib\libctru.a(stack_adjust.o) (__libctru_exit)
C:/devkitPro/libctru/lib\libctru.a(archive_dev.o)
                              C:/devkitPro/libctru/lib\libctru.a(appInit.o) (archiveMountSdmc)
C:/devkitPro/libctru/lib\libctru.a(path_buf.o)
                              C:/devkitPro/libctru/lib\libctru.a(archive_dev.o) (__ctru_dev_utf16_buf)
[...]
Memory Configuration

Name             Origin             Length             Attributes
*default*        0x00000000         0xffffffff

Linker script and memory map

                0x00000000                        __sync_synchronize = __sync_synchronize_dmb
                0x00100000                        PROVIDE (__start__ = 0x100000)
                0x00100000                        . = __start__

.text           0x00100000    0x29614
 *(.crt0)
 .crt0          0x00100000       0x94 C:/devkitPro/devkitARM/bin/../lib/gcc/arm-none-eabi/16.1.0/../../../../arm-none-eabi/lib/armv6k/fpu/3dsx_crt0.o
                0x00100000                _start
                0x00100008                __service_ptr
                0x0010000c                __apt_appid
                0x00100010                __heap_size
                0x00100014                __linear_heap_size
                0x00100018                __system_arglist
                0x0010001c                __system_runflags
 *(.init)
 .init          0x00100094        0xc C:/devkitPro/devkitARM/bin/../lib/gcc/arm-none-eabi/16.1.0/armv6k/fpu/crti.o
                0x00100094                _init
 .init          0x001000a0        0xc C:/devkitPro/devkitARM/bin/../lib/gcc/arm-none-eabi/16.1.0/armv6k/fpu/crtn.o
                0x001000ac                        . = ALIGN (0x4)
 *(.text)
 .text          0x001000ac      0x240 C:/devkitPro/devkitARM/bin/../lib/gcc/arm-none-eabi/16.1.0/armv6k/fpu\libgcc.a(_divsi3.o)
                0x001000ac                __divsi3
                0x001000ac                __aeabi_idiv
                0x001002cc                __aeabi_idivmod
 .text          0x001002ec        0x4 C:/devkitPro/devkitARM/bin/../lib/gcc/arm-none-eabi/16.1.0/armv6k/fpu\libgcc.a(_dvmd_tls.o)
                0x001002ec                __aeabi_idiv0
                0x001002ec                __aeabi_ldiv0
 .text          0x001002f0       0xd4 C:/devkitPro/devkitARM/bin/../lib/gcc/arm-none-eabi/16.1.0/armv6k/fpu\libgcc.a(_aeabi_ldivmod.o)
                0x001002f0                __aeabi_ldivmod
 .text          0x001003c4       0x3c C:/devkitPro/devkitARM/bin/../lib/gcc/arm-none-eabi/16.1.0/armv6k/fpu\libgcc.a(_aeabi_uldivmod.o)
                0x001003c4                __aeabi_uldivmod
 .text          0x00100400      0x390 C:/devkitPro/devkitARM/bin/../lib/gcc/arm-none-eabi/16.1.0/../../../../arm-none-eabi/lib/armv6k/fpu\libg.a(libc_a-strcmp.o)
                0x00100408                strcmp
 .text          0x00100790      0x20c C:/devkitPro/devkitARM/bin/../lib/gcc/arm-none-eabi/16.1.0/armv6k/fpu\libgcc.a(_udivsi3.o)
                0x00100790                __aeabi_uidiv
                0x00100790                __udivsi3
                0x0010097c                __aeabi_uidivmod
 .text          0x0010099c      0x3c0 C:/devkitPro/devkitARM/bin/../lib/gcc/arm-none-eabi/16.1.0/armv6k/fpu\libgcc.a(_arm_addsubdf3.o)
                0x0010099c                __aeabi_drsub
                0x001009a4                __aeabi_dsub
                0x001009a4                __subdf3
                0x001009a8                __aeabi_dadd
                0x001009a8                __adddf3
                0x00100c54                __floatunsidf
                0x00100c54                __aeabi_ui2d
                0x00100c78                __floatsidf
                0x00100c78                __aeabi_i2d
                0x00100ca0                __aeabi_f2d
                0x00100ca0                __extendsfdf2
                0x00100ce8                __floatundidf
                0x00100ce8                __aeabi_ul2d
                0x00100cfc                __floatdidf
                0x00100cfc                __aeabi_l2d
 *(.text.*)
 .text.__do_global_dtors_aux
                0x00100d5c       0x50 C:/devkitPro/devkitARM/bin/../lib/gcc/arm-none-eabi/16.1.0/armv6k/fpu/crtbegin.o
 .text.frame_dummy
                0x00100dac       0x2c C:/devkitPro/devkitARM/bin/../lib/gcc/arm-none-eabi/16.1.0/armv6k/fpu/crtbegin.o
 .text.drawFrame
                0x00100dd8       0x68 main.o
 .text.clearTopBoth
                0x00100e40       0x68 main.o
 .text.refreshGallery
                0x00100ea8      0x124 main.o
 .text.applyZoom
                0x00100fcc      0x10c main.o
 .text.nowClock
                0x001010d8       0x84 main.o
 .text.saveBmpScaled
                0x0010115c      0x3cc main.o
 .text.saveSettings.constprop.0
                0x00101528       0xcc main.o
 .text.enhanceQuality
                0x001015f4      0x14c main.o
 .text.stampDate
                0x00101740      0x130 main.o
 .text.filterFrame
                0x00101870      0x598 main.o
 .text.setupCamera
                0x00101e08      0x184 main.o
 .text.saveShot
                0x00101f8c      0x448 main.o
 .text.fbRect.constprop.0
                0x001023d4       0xd0 main.o
 .text.fbText.constprop.0
                0x001024a4      0x460 main.o
 .text.fbPanel.constprop.0
                0x00102904      0x144 main.o
 .text.drawCameraBottom
                0x00102a48      0x490 main.o
 .text.drawGalleryBottom
                0x00102ed8      0x290 main.o
 .text.startup.main
                0x00103168     0x1708 main.o
                0x00103168                main
 .text.gfxPresentFramebuffer
                0x00104870       0xcc C:/devkitPro/libctru/lib\libctru.a(gfx.o)
 .text.gfxSet3D
                0x0010493c       0x10 C:/devkitPro/libctru/lib\libctru.a(gfx.o)
                0x0010493c                gfxSet3D
 .text.gfxSetScreenFormat
                0x0010494c       0xf8 C:/devkitPro/libctru/lib\libctru.a(gfx.o)
                0x0010494c                gfxSetScreenFormat
 .text.gfxSetDoubleBuffering
                0x00104a44       0x10 C:/devkitPro/libctru/lib\libctru.a(gfx.o)
                0x00104a44                gfxSetDoubleBuffering
 .text.gfxInit  0x00104a54       0xd8 C:/devkitPro/libctru/lib\libctru.a(gfx.o)
                0x00104a54                gfxInit
 .text.gfxInitDefault
                0x00104b2c       0x10 C:/devkitPro/libctru/lib\libctru.a(gfx.o)
                0x00104b2c                gfxInitDefault
 .text.gfxExit  0x00104b3c       0xb8 C:/devkitPro/libctru/lib\libctru.a(gfx.o)
                0x00104b3c                gfxExit
 .text.gfxGetFramebuffer
                0x00104bf4       0xa0 C:/devkitPro/libctru/lib\libctru.a(gfx.o)
                0x00104bf4                gfxGetFramebuffer
 .text.gfxFlushBuffers
                0x00104c94      0x100 C:/devkitPro/libctru/lib\libctru.a(gfx.o)
                0x00104c94                gfxFlushBuffers
 .text.gfxScreenSwapBuffers
                0x00104d94       0x28 C:/devkitPro/libctru/lib\libctru.a(gfx.o)
                0x00104d94                gfxScreenSwapBuffers
 .text.aptConvertScreenForCapture
                0x00104dbc      0x180 C:/devkitPro/libctru/lib\libctru.a(apt.o)
 .text.aptDspSleep
                0x00104f3c        0x8 C:/devkitPro/libctru/lib\libctru.a(apt.o)
                0x00104f3c                aptDspSleep
 .text.aptDspWakeup
                0x00104f44        0x4 C:/devkitPro/libctru/lib\libctru.a(apt.o)
                0x00104f44                aptDspWakeup
 .text.aptDspCancel
                0x00104f48        0x4 C:/devkitPro/libctru/lib\libctru.a(apt.o)
                0x00104f48                aptDspCancel
 .text.aptSendCommand
                0x00104f4c      0x138 C:/devkitPro/libctru/lib\libctru.a(apt.o)
                0x00104f4c                aptSendCommand
 *fill*         0x00105084        0x4 
 .text.aptExitProcess
                0x00105088       0x44 C:/devkitPro/libctru/lib\libctru.a(apt.o)
 .text.aptExit  0x001050cc      0x394 C:/devkitPro/libctru/lib\libctru.a(apt.o)
                0x001050cc                aptExit
 .text.aptHandleSleep
                0x00105460       0xd8 C:/devkitPro/libctru/lib\libctru.a(apt.o)
                0x00105460                aptHandleSleep
 .text.APT_SleepIfShellClosed
                0x00105538       0x84 C:/devkitPro/libctru/lib\libctru.a(apt.o)
                0x00105538                APT_SleepIfShellClosed
 .text.aptSetSleepAllowed
                0x001055bc       0x78 C:/devkitPro/libctru/lib\libctru.a(apt.o)
                0x001055bc                aptSetSleepAllowed
 .text.APT_UnlockTransition
                0x00105634       0x84 C:/devkitPro/libctru/lib\libctru.a(apt.o)
                0x00105634                APT_UnlockTransition
 .text.aptEventHandler
                0x001056b8      0x470 C:/devkitPro/libctru/lib\libctru.a(apt.o)
 .text.APT_ReceiveParameter
                0x00105b28       0xbc C:/devkitPro/libctru/lib\libctru.a(apt.o)
                0x00105b28                APT_ReceiveParameter
 .text.aptReceiveParameter.constprop.0
                0x00105be4       0xb0 C:/devkitPro/libctru/lib\libctru.a(apt.o)
 *fill*         0x00105c94        0x4 
 .text.aptScreenTransfer
                0x00105c98      0x294 C:/devkitPro/libctru/lib\libctru.a(apt.o)
 .text.aptWaitForWakeUp.isra.0
                0x00105f2c      0x2d0 C:/devkitPro/libctru/lib\libctru.a(apt.o)
 .text.aptJumpToHomeMenu
                0x001061fc       0xf4 C:/devkitPro/libctru/lib\libctru.a(apt.o)
                0x001061fc                aptJumpToHomeMenu
 .text.aptMainLoop
                0x001062f0       0x58 C:/devkitPro/libctru/lib\libctru.a(apt.o)
                0x001062f0                aptMainLoop
 .text.aptInit  0x00106348      0x240 C:/devkitPro/libctru/lib\libctru.a(apt.o)
                0x00106348                aptInit
 .text.APT_CheckNew3DS
                0x00106588       0x90 C:/devkitPro/libctru/lib\libctru.a(apt.o)
                0x00106588                APT_CheckNew3DS
 .text.camInit  0x00106618       0xe0 C:/devkitPro/libctru/lib\libctru.a(cam.o)
                0x00106618                camInit
 .text.camExit  0x001066f8       0x5c C:/devkitPro/libctru/lib\libctru.a(cam.o)
                0x001066f8                camExit
 .text.CAMU_StartCapture
                0x00106754       0x34 C:/devkitPro/libctru/lib\libctru.a(cam.o)
                0x00106754                CAMU_StartCapture
 .text.CAMU_StopCapture
                0x00106788       0x34 C:/devkitPro/libctru/lib\libctru.a(cam.o)
                0x00106788                CAMU_StopCapture
 .text.CAMU_ClearBuffer
                0x001067bc       0x34 C:/devkitPro/libctru/lib\libctru.a(cam.o)
                0x001067bc                CAMU_ClearBuffer
 .text.CAMU_GetBufferErrorInterruptEvent
                0x001067f0       0x40 C:/devkitPro/libctru/lib\libctru.a(cam.o)
                0x001067f0                CAMU_GetBufferErrorInterruptEvent
 .text.CAMU_SetReceiving
                0x00106830       0x60 C:/devkitPro/libctru/lib\libctru.a(cam.o)
                0x00106830                CAMU_SetReceiving
 .text.CAMU_SetTransferBytes
                0x00106890       0x3c C:/devkitPro/libctru/lib\libctru.a(cam.o)
                0x00106890                CAMU_SetTransferBytes
 .text.CAMU_GetMaxBytes
                0x001068cc       0x44 C:/devkitPro/libctru/lib\libctru.a(cam.o)
                0x001068cc                CAMU_GetMaxBytes
 .text.CAMU_SetTrimming
                0x00106910       0x38 C:/devkitPro/libctru/lib\libctru.a(cam.o)
                0x00106910                CAMU_SetTrimming
 .text.CAMU_Activate
                0x00106948       0x34 C:/devkitPro/libctru/lib\libctru.a(cam.o)
                0x00106948                CAMU_Activate
 .text.CAMU_SetAutoExposure
                0x0010697c       0x38 C:/devkitPro/libctru/lib\libctru.a(cam.o)
                0x0010697c                CAMU_SetAutoExposure
 .text.CAMU_SetAutoWhiteBalance
                0x001069b4       0x38 C:/devkitPro/libctru/lib\libctru.a(cam.o)
                0x001069b4                CAMU_SetAutoWhiteBalance
 .text.CAMU_SetSize
                0x001069ec       0x40 C:/devkitPro/libctru/lib\libctru.a(cam.o)
                0x001069ec                CAMU_SetSize
 .text.CAMU_SetFrameRate
                0x00106a2c       0x38 C:/devkitPro/libctru/lib\libctru.a(cam.o)
                0x00106a2c                CAMU_SetFrameRate
 .text.CAMU_SetOutputFormat
                0x00106a64       0x40 C:/devkitPro/libctru/lib\libctru.a(cam.o)
                0x00106a64                CAMU_SetOutputFormat
 .text.CAMU_SetNoiseFilter
                0x00106aa4       0x38 C:/devkitPro/libctru/lib\libctru.a(cam.o)
                0x00106aa4                CAMU_SetNoiseFilter
 .text.CAMU_SynchronizeVsyncTiming
                0x00106adc       0x38 C:/devkitPro/libctru/lib\libctru.a(cam.o)
                0x00106adc                CAMU_SynchronizeVsyncTiming
 .text.CAMU_PlayShutterSound
                0x00106b14       0x34 C:/devkitPro/libctru/lib\libctru.a(cam.o)
                0x00106b14                CAMU_PlayShutterSound
 .text.gspHardwareInit
                0x00106b48      0xc70 C:/devkitPro/libctru/lib\libctru.a(gspgpu.o)
 .text.gspInit  0x001077b8      0x288 C:/devkitPro/libctru/lib\libctru.a(gspgpu.o)
                0x001077b8                gspInit
 .text.gspExit  0x00107a40      0x104 C:/devkitPro/libctru/lib\libctru.a(gspgpu.o)
                0x00107a40                gspExit
 .text.gspHasGpuRight
                0x00107b44       0x10 C:/devkitPro/libctru/lib\libctru.a(gspgpu.o)
                0x00107b44                gspHasGpuRight
 .text.gspPresentBuffer
                0x00107b54       0xa4 C:/devkitPro/libctru/lib\libctru.a(gspgpu.o)
                0x00107b54                gspPresentBuffer
 .text.gspWaitForEvent
                0x00107bf8       0x50 C:/devkitPro/libctru/lib\libctru.a(gspgpu.o)
                0x00107bf8                gspWaitForEvent
 .text.gxCmdQueueInterrupt
                0x00107c48        0x4 C:/devkitPro/libctru/lib\libctru.a(gspgpu.o)
                0x00107c48                gxCmdQueueInterrupt
 .text.gspEventThreadMain
                0x00107c4c      0x154 C:/devkitPro/libctru/lib\libctru.a(gspgpu.o)
 .text.GSPGPU_FlushDataCache
                0x00107da0       0x50 C:/devkitPro/libctru/lib\libctru.a(gspgpu.o)
                0x00107da0                GSPGPU_FlushDataCache
 .text.GSPGPU_SetLcdForceBlack
                0x00107df0       0x34 C:/devkitPro/libctru/lib\libctru.a(gspgpu.o)
                0x00107df0                GSPGPU_SetLcdForceBlack
 .text.GSPGPU_AcquireRight
                0x00107e24       0x84 C:/devkitPro/libctru/lib\libctru.a(gspgpu.o)
                0x00107e24                GSPGPU_AcquireRight
 .text.GSPGPU_ReleaseRight
                0x00107ea8       0x64 C:/devkitPro/libctru/lib\libctru.a(gspgpu.o)
                0x00107ea8                GSPGPU_ReleaseRight
 .text.GSPGPU_ImportDisplayCaptureInfo
                0x00107f0c       0x7c C:/devkitPro/libctru/lib\libctru.a(gspgpu.o)
                0x00107f0c                GSPGPU_ImportDisplayCaptureInfo
 .text.GSPGPU_SaveVramSysArea
                0x00107f88       0x2c C:/devkitPro/libctru/lib\libctru.a(gspgpu.o)
                0x00107f88                GSPGPU_SaveVramSysArea
 .text.GSPGPU_RestoreVramSysArea
                0x00107fb4       0x2c C:/devkitPro/libctru/lib\libctru.a(gspgpu.o)
                0x00107fb4                GSPGPU_RestoreVramSysArea
 .text.hidShouldUseIrrst
                0x00107fe0       0x24 C:/devkitPro/libctru/lib\libctru.a(hid.o)
                0x00107fe0                hidShouldUseIrrst
 .text.hidInit  0x00108004      0x1cc C:/devkitPro/libctru/lib\libctru.a(hid.o)
                0x00108004                hidInit
 .text.hidExit  0x001081d0       0xe8 C:/devkitPro/libctru/lib\libctru.a(hid.o)
                0x001081d0                hidExit
 .text.hidScanInput
                0x001082b8      0x2a0 C:/devkitPro/libctru/lib\libctru.a(hid.o)
                0x001082b8                hidScanInput
 .text.hidKeysDown
                0x00108558       0x10 C:/devkitPro/libctru/lib\libctru.a(hid.o)
                0x00108558                hidKeysDown
 .text.hidTouchRead
                0x00108568       0x18 C:/devkitPro/libctru/lib\libctru.a(hid.o)
                0x00108568                hidTouchRead
 .text.hidCircleRead
                0x00108580       0x18 C:/devkitPro/libctru/lib\libctru.a(hid.o)
                0x00108580                hidCircleRead
 .text.irrstInit
                0x00108598      0x1a4 C:/devkitPro/libctru/lib\libctru.a(irrst.o)
                0x00108598                irrstInit
 .text.irrstExit
                0x0010873c       0xdc C:/devkitPro/libctru/lib\libctru.a(irrst.o)
                0x0010873c                irrstExit
 .text.irrstScanInput
                0x00108818       0xb4 C:/devkitPro/libctru/lib\libctru.a(irrst.o)
                0x00108818                irrstScanInput
 .text.irrstKeysHeld
                0x001088cc       0x24 C:/devkitPro/libctru/lib\libctru.a(irrst.o)
                0x001088cc                irrstKeysHeld
 .text.__libctru_init
                0x001088f0       0x38 C:/devkitPro/libctru/lib\libctru.a(ctru_init.o)
                0x001088f0                __libctru_init
 .text.__system_initArgv
                0x00108928      0x16c C:/devkitPro/libctru/lib\libctru.a(initArgv.o)
                0x00108928                __system_initArgv
 .text.__syscall_getreent
                0x00108a94       0x30 C:/devkitPro/libctru/lib\libctru.a(syscalls.o)
                0x00108a94                __syscall_getreent
 .text.__syscall_gettod_r
                0x00108ac4       0x64 C:/devkitPro/libctru/lib\libctru.a(syscalls.o)
                0x00108ac4                __syscall_gettod_r
 .text.__syscall_lock_acquire
                0x00108b28        0x4 C:/devkitPro/libctru/lib\libctru.a(syscalls.o)
                0x00108b28                __syscall_lock_acquire
 .text.__syscall_lock_release
                0x00108b2c        0x4 C:/devkitPro/libctru/lib\libctru.a(syscalls.o)
                0x00108b2c                __syscall_lock_release
 .text.__syscall_lock_acquire_recursive
                0x00108b30        0x4 C:/devkitPro/libctru/lib\libctru.a(syscalls.o)
                0x00108b30                __syscall_lock_acquire_recursive
 .text.__syscall_lock_release_recursive
                0x00108b34        0x4 C:/devkitPro/libctru/lib\libctru.a(syscalls.o)
                0x00108b34                __syscall_lock_release_recursive
 .text.__syscall_exit
                0x00108b38        0x4 C:/devkitPro/libctru/lib\libctru.a(syscalls.o)
                0x00108b38                __syscall_exit
 .text.initThreadVars
                0x00108b3c       0x54 C:/devkitPro/libctru/lib\libctru.a(syscalls.o)
                0x00108b3c                initThreadVars
 .text.__system_initSyscalls
                0x00108b90       0x80 C:/devkitPro/libctru/lib\libctru.a(syscalls.o)
                0x00108b90                __system_initSyscalls
 .text.svcControlMemory
                0x00108c10       0x20 C:/devkitPro/libctru/lib\libctru.a(svc.o)
                0x00108c10                svcControlMemory
 .text.svcQueryMemory
                0x00108c30       0x30 C:/devkitPro/libctru/lib\libctru.a(svc.o)
                0x00108c30                svcQueryMemory
 .text.svcExitProcess
                0x00108c60        0x8 C:/devkitPro/libctru/lib\libctru.a(svc.o)
                0x00108c60                svcExitProcess
 .text.svcCreateThread
                0x00108c68       0x20 C:/devkitPro/libctru/lib\libctru.a(svc.o)
                0x00108c68                svcCreateThread
 .text.svcExitThread
                0x00108c88        0x8 C:/devkitPro/libctru/lib\libctru.a(svc.o)
                0x00108c88                svcExitThread
 .text.svcSleepThread
                0x00108c90        0x8 C:/devkitPro/libctru/lib\libctru.a(svc.o)
                0x00108c90                svcSleepThread
 .text.svcReleaseMutex
                0x00108c98        0x8 C:/devkitPro/libctru/lib\libctru.a(svc.o)
                0x00108c98                svcReleaseMutex
 .text.svcCreateEvent
                0x00108ca0       0x14 C:/devkitPro/libctru/lib\libctru.a(svc.o)
                0x00108ca0                svcCreateEvent
 .text.svcSignalEvent
                0x00108cb4        0x8 C:/devkitPro/libctru/lib\libctru.a(svc.o)
                0x00108cb4                svcSignalEvent
 .text.svcClearEvent
                0x00108cbc        0x8 C:/devkitPro/libctru/lib\libctru.a(svc.o)
                0x00108cbc                svcClearEvent
 .text.svcMapMemoryBlock
                0x00108cc4        0x8 C:/devkitPro/libctru/lib\libctru.a(svc.o)
                0x00108cc4                svcMapMemoryBlock
 .text.svcUnmapMemoryBlock
                0x00108ccc        0x8 C:/devkitPro/libctru/lib\libctru.a(svc.o)
                0x00108ccc                svcUnmapMemoryBlock
 .text.svcCreateAddressArbiter
                0x00108cd4       0x14 C:/devkitPro/libctru/lib\libctru.a(svc.o)
                0x00108cd4                svcCreateAddressArbiter
 .text.svcArbitrateAddressNoTimeout
                0x00108ce8        0x8 C:/devkitPro/libctru/lib\libctru.a(svc.o)
                0x00108ce8                svcArbitrateAddressNoTimeout
 .text.svcCloseHandle
                0x00108cf0        0x8 C:/devkitPro/libctru/lib\libctru.a(svc.o)
                0x00108cf0                svcCloseHandle
 .text.svcWaitSynchronization
                0x00108cf8        0x8 C:/devkitPro/libctru/lib\libctru.a(svc.o)
                0x00108cf8                svcWaitSynchronization
 .text.svcWaitSynchronizationN
                0x00108d00       0x28 C:/devkitPro/libctru/lib\libctru.a(svc.o)
                0x00108d00                svcWaitSynchronizationN
 .text.svcDuplicateHandle
                0x00108d28       0x14 C:/devkitPro/libctru/lib\libctru.a(svc.o)
                0x00108d28                svcDuplicateHandle
 .text.svcGetSystemTick
                0x00108d3c        0x8 C:/devkitPro/libctru/lib\libctru.a(svc.o)
                0x00108d3c                svcGetSystemTick
 .text.svcConnectToPort
                0x00108d44       0x14 C:/devkitPro/libctru/lib\libctru.a(svc.o)
                0x00108d44                svcConnectToPort
 .text.svcSendSyncRequest
                0x00108d58        0x8 C:/devkitPro/libctru/lib\libctru.a(svc.o)
                0x00108d58                svcSendSyncRequest
 .text.svcGetResourceLimit
                0x00108d60       0x14 C:/devkitPro/libctru/lib\libctru.a(svc.o)
                0x00108d60                svcGetResourceLimit
 .text.svcGetResourceLimitLimitValues
                0x00108d74        0x8 C:/devkitPro/libctru/lib\libctru.a(svc.o)
                0x00108d74                svcGetResourceLimitLimitValues
 .text.svcGetResourceLimitCurrentValues
                0x00108d7c        0x8 C:/devkitPro/libctru/lib\libctru.a(svc.o)
                0x00108d7c                svcGetResourceLimitCurrentValues
 .text.svcBreak
                0x00108d84        0x8 C:/devkitPro/libctru/lib\libctru.a(svc.o)
                0x00108d84                svcBreak
 .text.initSystem
                0x00108d8c       0x50 C:/devkitPro/libctru/lib\libctru.a(stack_adjust.o)
                0x00108d8c                initSystem
 .text.__ctru_exit
                0x00108ddc       0x14 C:/devkitPro/libctru/lib\libctru.a(stack_adjust.o)
                0x00108ddc                __ctru_exit
 .text._ZL21addrMapNodeComparatorPK11rbtree_nodeS1_
                0x00108df0       0x24 C:/devkitPro/libctru/lib\libctru.a(linear.o)
 .text._ZL21addrMapNodeDestructorP11rbtree_node
                0x00108e14        0x4 C:/devkitPro/libctru/lib\libctru.a(linear.o)
 .text.linearMemAlign
                0x00108e18      0x12c C:/devkitPro/libctru/lib\libctru.a(linear.o)
                0x00108e18                linearMemAlign
 .text.linearAlloc
                0x00108f44        0x8 C:/devkitPro/libctru/lib\libctru.a(linear.o)
                0x00108f44                linearAlloc
 .text.linearFree
                0x00108f4c       0x5c C:/devkitPro/libctru/lib\libctru.a(linear.o)
                0x00108f4c                linearFree
 .text._ZN7MemPool13CoalesceRightEP8MemBlock
                0x00108fa8       0x88 C:/devkitPro/libctru/lib\libctru.a(mem_pool.o)
                0x00108fa8                MemPool::CoalesceRight(MemBlock*)
 .text._ZN7MemPool8AllocateER8MemChunkmi
                0x00109030      0x178 C:/devkitPro/libctru/lib\libctru.a(mem_pool.o)
                0x00109030                MemPool::Allocate(MemChunk&, unsigned long, int)
 .text._ZN7MemPool10DeallocateERK8MemChunk
                0x001091a8      0x118 C:/devkitPro/libctru/lib\libctru.a(mem_pool.o)
                0x001091a8                MemPool::Deallocate(MemChunk const&)
 .text._ZN7MemPool12GetFreeSpaceEv
                0x001092c0       0x30 C:/devkitPro/libctru/lib\libctru.a(mem_pool.o)
                0x001092c0                MemPool::GetFreeSpace()
 .text._ZL21addrMapNodeComparatorPK11rbtree_nodeS1_
                0x001092f0       0x24 C:/devkitPro/libctru/lib\libctru.a(vram.o)
 .text._ZL21addrMapNodeDestructorP11rbtree_node
                0x00109314        0x4 C:/devkitPro/libctru/lib\libctru.a(vram.o)
 .text.vramMemAlignAt
                0x00109318      0x248 C:/devkitPro/libctru/lib\libctru.a(vram.o)
                0x00109318                vramMemAlignAt
 .text.vramAlloc
                0x00109560        0xc C:/devkitPro/libctru/lib\libctru.a(vram.o)
                0x00109560                vramAlloc
 .text.vramFree
                0x0010956c       0x94 C:/devkitPro/libctru/lib\libctru.a(vram.o)
                0x0010956c                vramFree
 .text.envGetHandle
                0x00109600       0x8c C:/devkitPro/libctru/lib\libctru.a(env.o)
                0x00109600                envGetHandle
 .text.envDestroyHandles
                0x0010968c       0x50 C:/devkitPro/libctru/lib\libctru.a(env.o)
                0x0010968c                envDestroyHandles
 .text.osGetTimeRef
                0x001096dc       0x54 C:/devkitPro/libctru/lib\libctru.a(os.o)
                0x001096dc                osGetTimeRef
 .text.osGetTime
                0x00109730       0xec C:/devkitPro/libctru/lib\libctru.a(os.o)
                0x00109730                osGetTime
 .text.__ctru_speedup_config
                0x0010981c       0x34 C:/devkitPro/libctru/lib\libctru.a(os.o)
                0x0010981c                __ctru_speedup_config
 .text.srvInit  0x00109850      0x164 C:/devkitPro/libctru/lib\libctru.a(srv.o)
                0x00109850                srvInit
 .text.srvExit  0x001099b4       0x64 C:/devkitPro/libctru/lib\libctru.a(srv.o)
                0x001099b4                srvExit
 .text.srvEnableNotification
                0x00109a18       0x60 C:/devkitPro/libctru/lib\libctru.a(srv.o)
                0x00109a18                srvEnableNotification
 .text.srvGetServiceHandleDirect
                0x00109a78       0xa0 C:/devkitPro/libctru/lib\libctru.a(srv.o)
                0x00109a78                srvGetServiceHandleDirect
 .text.srvGetServiceHandle
                0x00109b18       0x48 C:/devkitPro/libctru/lib\libctru.a(srv.o)
                0x00109b18                srvGetServiceHandle
 .text.srvSubscribe
                0x00109b60       0x34 C:/devkitPro/libctru/lib\libctru.a(srv.o)
                0x00109b60                srvSubscribe
 .text.srvReceiveNotification
                0x00109b94       0x60 C:/devkitPro/libctru/lib\libctru.a(srv.o)
                0x00109b94                srvReceiveNotification
 .text.srvPublishToSubscriber
                0x00109bf4       0x38 C:/devkitPro/libctru/lib\libctru.a(srv.o)
                0x00109bf4                srvPublishToSubscriber
 .text.__sync_init
                0x00109c2c        0xc C:/devkitPro/libctru/lib\libctru.a(synchronization.o)
                0x00109c2c                __sync_init
 .text.__sync_fini
                0x00109c38       0x18 C:/devkitPro/libctru/lib\libctru.a(synchronization.o)
                0x00109c38                __sync_fini
 .text.syncArbitrateAddress
                0x00109c50       0x28 C:/devkitPro/libctru/lib\libctru.a(synchronization.o)
                0x00109c50                syncArbitrateAddress
 .text.LightLock_Lock
                0x00109c78       0xac C:/devkitPro/libctru/lib\libctru.a(synchronization.o)
                0x00109c78                LightLock_Lock
 .text.LightLock_Unlock
                0x00109d24       0x40 C:/devkitPro/libctru/lib\libctru.a(synchronization.o)
                0x00109d24                LightLock_Unlock
 .text.RecursiveLock_Lock
                0x00109d64       0x54 C:/devkitPro/libctru/lib\libctru.a(synchronization.o)
                0x00109d64                RecursiveLock_Lock
 .text.RecursiveLock_Unlock
                0x00109db8       0x54 C:/devkitPro/libctru/lib\libctru.a(synchronization.o)
                0x00109db8                RecursiveLock_Unlock
 .text.LightEvent_Init
                0x00109e0c       0x44 C:/devkitPro/libctru/lib\libctru.a(synchronization.o)
                0x00109e0c                LightEvent_Init
 .text.LightEvent_Clear
                0x00109e50       0xb8 C:/devkitPro/libctru/lib\libctru.a(synchronization.o)
                0x00109e50                LightEvent_Clear
 .text.LightEvent_Signal
                0x00109f08       0xdc C:/devkitPro/libctru/lib\libctru.a(synchronization.o)
                0x00109f08                LightEvent_Signal
 .text.LightEvent_TryWait
                0x00109fe4       0x50 C:/devkitPro/libctru/lib\libctru.a(synchronization.o)
                0x00109fe4                LightEvent_TryWait
 .text.LightEvent_Wait
                0x0010a034       0xac C:/devkitPro/libctru/lib\libctru.a(synchronization.o)
                0x0010a034                LightEvent_Wait
 .text.threadCreate
                0x0010a0e0      0x1fc C:/devkitPro/libctru/lib\libctru.a(thread.o)
                0x0010a0e0                threadCreate
 .text.threadFree
                0x0010a2dc       0x38 C:/devkitPro/libctru/lib\libctru.a(thread.o)
                0x0010a2dc                threadFree
 .text.threadJoin
                0x0010a314       0x24 C:/devkitPro/libctru/lib\libctru.a(thread.o)
                0x0010a314                threadJoin
 .text.threadGetCurrent
                0x0010a338       0x30 C:/devkitPro/libctru/lib\libctru.a(thread.o)
                0x0010a338                threadGetCurrent
 .text.threadExit
                0x0010a368       0x40 C:/devkitPro/libctru/lib\libctru.a(thread.o)
                0x0010a368                threadExit
 .text._thread_begin
                0x0010a3a8       0x20 C:/devkitPro/libctru/lib\libctru.a(thread.o)
 .text.mappableFindAddressWithin
                0x0010a3c8       0x90 C:/devkitPro/libctru/lib\libctru.a(mappable.o)
 .text.mappableInit
                0x0010a458       0x28 C:/devkitPro/libctru/lib\libctru.a(mappable.o)
                0x0010a458                mappableInit
 .text.mappableAlloc
                0x0010a480       0x7c C:/devkitPro/libctru/lib\libctru.a(mappable.o)
                0x0010a480                mappableAlloc
 .text.mappableFree
                0x0010a4fc        0x4 C:/devkitPro/libctru/lib\libctru.a(mappable.o)
                0x0010a4fc                mappableFree
 .text.ptmSysmInit
                0x0010a500       0x78 C:/devkitPro/libctru/lib\libctru.a(ptmsysm.o)
                0x0010a500                ptmSysmInit
 .text.ptmSysmExit
                0x0010a578       0x3c C:/devkitPro/libctru/lib\libctru.a(ptmsysm.o)
                0x0010a578                ptmSysmExit
 .text.PTMSYSM_ConfigureNew3DSCPU
                0x0010a5b4       0x34 C:/devkitPro/libctru/lib\libctru.a(ptmsysm.o)
                0x0010a5b4                PTMSYSM_ConfigureNew3DSCPU
 .text.srvPmGetSessionHandle
                0x0010a5e8        0xc C:/devkitPro/libctru/lib\libctru.a(srvpm.o)
                0x0010a5e8                srvPmGetSessionHandle
 .text.rbtree_find
                0x0010a5f4       0x74 C:/devkitPro/libctru/lib\libctru.a(rbtree_find.o)
                0x0010a5f4                rbtree_find
 .text.rbtree_init
                0x0010a668       0x10 C:/devkitPro/libctru/lib\libctru.a(rbtree_init.o)
                0x0010a668                rbtree_init
 .text.do_insert
                0x0010a678      0x198 C:/devkitPro/libctru/lib\libctru.a(rbtree_insert.o)
 .text.rbtree_insert
                0x0010a810        0x8 C:/devkitPro/libctru/lib\libctru.a(rbtree_insert.o)
                0x0010a810                rbtree_insert
 .text.rbtree_remove
                0x0010a818      0x310 C:/devkitPro/libctru/lib\libctru.a(rbtree_remove.o)
                0x0010a818                rbtree_remove
 .text.rbtree_rotate
                0x0010ab28       0x90 C:/devkitPro/libctru/lib\libctru.a(rbtree_rotate.o)
                0x0010ab28                rbtree_rotate
 .text.__system_allocateHeaps
                0x0010abb8      0x1e8 C:/devkitPro/libctru/lib\libctru.a(allocateHeaps.o)
                0x0010abb8                __system_allocateHeaps
 .text.__appExit
                0x0010ada0       0x30 C:/devkitPro/libctru/lib\libctru.a(appExit.o)
                0x0010ada0                __appExit
 .text.__appInit
                0x0010add0       0x30 C:/devkitPro/libctru/lib\libctru.a(appInit.o)
                0x0010add0                __appInit
 .text.__libctru_exit
                0x0010ae00       0x90 C:/devkitPro/libctru/lib\libctru.a(ctru_exit.o)
                0x0010ae00                __libctru_exit
 .text.error_cmp
                0x0010ae90       0x24 C:/devkitPro/libctru/lib\libctru.a(archive_dev.o)
 .text.archive_translate_error
                0x0010aeb4       0x50 C:/devkitPro/libctru/lib\libctru.a(archive_dev.o)
 .text.archive_seek
                0x0010af04       0xc0 C:/devkitPro/libctru/lib\libctru.a(archive_dev.o)
 .text._archiveInit.part.0
                0x0010afc4       0x78 C:/devkitPro/libctru/lib\libctru.a(archive_dev.o)
 .text.archiveFindDevice.part.0
                0x0010b03c      0x110 C:/devkitPro/libctru/lib\libctru.a(archive_dev.o)
 .text.archive_utf16path
                0x0010b14c      0x298 C:/devkitPro/libctru/lib\libctru.a(archive_dev.o)
 .text._archiveUnmountDeviceStruct.part.0
                0x0010b3e4       0x98 C:/devkitPro/libctru/lib\libctru.a(archive_dev.o)
 .text._archiveMountDevice
                0x0010b47c      0x178 C:/devkitPro/libctru/lib\libctru.a(archive_dev.o)
 .text.archive_diropen
                0x0010b5f4       0xf8 C:/devkitPro/libctru/lib\libctru.a(archive_dev.o)
 .text.archive_fstat
                0x0010b6ec       0xac C:/devkitPro/libctru/lib\libctru.a(archive_dev.o)
 .text.archive_fsync
                0x0010b798       0x74 C:/devkitPro/libctru/lib\libctru.a(archive_dev.o)
 .text.archive_close
                0x0010b80c       0x74 C:/devkitPro/libctru/lib\libctru.a(archive_dev.o)
 .text.archive_dirclose
                0x0010b880       0x78 C:/devkitPro/libctru/lib\libctru.a(archive_dev.o)
 .text.sdmc_statvfs
                0x0010b8f8       0xec C:/devkitPro/libctru/lib\libctru.a(archive_dev.o)
 .text.archive_chdir
                0x0010b9e4       0xf8 C:/devkitPro/libctru/lib\libctru.a(archive_dev.o)
 .text.archive_ftruncate
                0x0010badc       0x8c C:/devkitPro/libctru/lib\libctru.a(archive_dev.o)
 .text.archive_read
                0x0010bb68       0xbc C:/devkitPro/libctru/lib\libctru.a(archive_dev.o)
 .text.archive_unlink
                0x0010bc24       0xa8 C:/devkitPro/libctru/lib\libctru.a(archive_dev.o)
 .text.archive_rmdir
                0x0010bccc       0xc0 C:/devkitPro/libctru/lib\libctru.a(archive_dev.o)
 .text.archive_mkdir
                0x0010bd8c       0xd8 C:/devkitPro/libctru/lib\libctru.a(archive_dev.o)
 .text.archive_stat
                0x0010be64      0x1a0 C:/devkitPro/libctru/lib\libctru.a(archive_dev.o)
 .text.archive_dirnext
                0x0010c004      0x164 C:/devkitPro/libctru/lib\libctru.a(archive_dev.o)
 .text.archive_write
                0x0010c168      0x13c C:/devkitPro/libctru/lib\libctru.a(archive_dev.o)
 *fill*         0x0010c2a4        0x4 
 .text.archive_open
                0x0010c2a8      0x254 C:/devkitPro/libctru/lib\libctru.a(archive_dev.o)
 .text.archive_rename
                0x0010c4fc      0x270 C:/devkitPro/libctru/lib\libctru.a(archive_dev.o)
 .text.archiveMountSdmc
                0x0010c76c      0x1c8 C:/devkitPro/libctru/lib\libctru.a(archive_dev.o)
                0x0010c76c                archiveMountSdmc
 .text.archiveUnmountAll
                0x0010c934       0x54 C:/devkitPro/libctru/lib\libctru.a(archive_dev.o)
                0x0010c934                archiveUnmountAll
 .text.fsInit   0x0010c988      0x104 C:/devkitPro/libctru/lib\libctru.a(fs.o)
                0x0010c988                fsInit
 .text.fsExit   0x0010ca8c       0x3c C:/devkitPro/libctru/lib\libctru.a(fs.o)
                0x0010ca8c                fsExit
 .text.fsExemptFromSession
                0x0010cac8       0x68 C:/devkitPro/libctru/lib\libctru.a(fs.o)
                0x0010cac8                fsExemptFromSession
 .text.fsUnexemptFromSession
                0x0010cb30       0x50 C:/devkitPro/libctru/lib\libctru.a(fs.o)
                0x0010cb30                fsUnexemptFromSession
 .text.FSUSER_OpenFile
                0x0010cb80       0xcc C:/devkitPro/libctru/lib\libctru.a(fs.o)
                0x0010cb80                FSUSER_OpenFile
 .text.FSUSER_DeleteFile
                0x0010cc4c       0xb8 C:/devkitPro/libctru/lib\libctru.a(fs.o)
                0x0010cc4c                FSUSER_DeleteFile
 .text.FSUSER_RenameFile
                0x0010cd04       0xf4 C:/devkitPro/libctru/lib\libctru.a(fs.o)
                0x0010cd04                FSUSER_RenameFile
 .text.FSUSER_DeleteDirectory
                0x0010cdf8       0xb8 C:/devkitPro/libctru/lib\libctru.a(fs.o)
                0x0010cdf8                FSUSER_DeleteDirectory
 .text.FSUSER_CreateFile
                0x0010ceb0       0xd0 C:/devkitPro/libctru/lib\libctru.a(fs.o)
                0x0010ceb0                FSUSER_CreateFile
 .text.FSUSER_CreateDirectory
                0x0010cf80       0xc0 C:/devkitPro/libctru/lib\libctru.a(fs.o)
                0x0010cf80                FSUSER_CreateDirectory
 .text.FSUSER_RenameDirectory
                0x0010d040       0xf4 C:/devkitPro/libctru/lib\libctru.a(fs.o)
                0x0010d040                FSUSER_RenameDirectory
 .text.FSUSER_OpenDirectory
                0x0010d134       0xb4 C:/devkitPro/libctru/lib\libctru.a(fs.o)
                0x0010d134                FSUSER_OpenDirectory
 .text.FSUSER_OpenArchive
                0x0010d1e8       0x90 C:/devkitPro/libctru/lib\libctru.a(fs.o)
                0x0010d1e8                FSUSER_OpenArchive
 .text.FSUSER_CloseArchive
                0x0010d278       0x8c C:/devkitPro/libctru/lib\libctru.a(fs.o)
                0x0010d278                FSUSER_CloseArchive
 .text.FSUSER_GetSdmcArchiveResource
                0x0010d304       0x74 C:/devkitPro/libctru/lib\libctru.a(fs.o)
                0x0010d304                FSUSER_GetSdmcArchiveResource
 .text.FSUSER_IsSdmcWritable
                0x0010d378       0x64 C:/devkitPro/libctru/lib\libctru.a(fs.o)
                0x0010d378                FSUSER_IsSdmcWritable
 .text.FSFILE_Read
                0x0010d3dc       0x64 C:/devkitPro/libctru/lib\libctru.a(fs.o)
                0x0010d3dc                FSFILE_Read
 .text.FSFILE_Write
                0x0010d440       0x6c C:/devkitPro/libctru/lib\libctru.a(fs.o)
                0x0010d440                FSFILE_Write
 .text.FSFILE_GetSize
                0x0010d4ac       0x44 C:/devkitPro/libctru/lib\libctru.a(fs.o)
                0x0010d4ac                FSFILE_GetSize
 .text.FSFILE_SetSize
                0x0010d4f0       0x28 C:/devkitPro/libctru/lib\libctru.a(fs.o)
                0x0010d4f0                FSFILE_SetSize
 .text.FSFILE_Close
                0x0010d518       0x3c C:/devkitPro/libctru/lib\libctru.a(fs.o)
                0x0010d518                FSFILE_Close
 .text.FSFILE_Flush
                0x0010d554       0x24 C:/devkitPro/libctru/lib\libctru.a(fs.o)
                0x0010d554                FSFILE_Flush
 .text.FSDIR_Read
                0x0010d578       0x60 C:/devkitPro/libctru/lib\libctru.a(fs.o)
                0x0010d578                FSDIR_Read
 .text.FSDIR_Close
                0x0010d5d8       0x3c C:/devkitPro/libctru/lib\libctru.a(fs.o)
                0x0010d5d8                FSDIR_Close
 .text.rbtree_node_next
                0x0010d614       0x60 C:/devkitPro/libctru/lib\libctru.a(rbtree_iterator.o)
                0x0010d614                rbtree_node_next
 .text.decode_utf8
                0x0010d674      0x140 C:/devkitPro/libctru/lib\libctru.a(decode_utf8.o)
                0x0010d674                decode_utf8
 .text.utf16_to_utf8
                0x0010d7b4       0xe8 C:/devkitPro/libctru/lib\libctru.a(utf16_to_utf8.o)
                0x0010d7b4                utf16_to_utf8
 .text.utf8_to_utf16
                0x0010d89c       0xc0 C:/devkitPro/libctru/lib\libctru.a(utf8_to_utf16.o)
                0x0010d89c                utf8_to_utf16
 .text.__aeabi_read_tp
                0x0010d95c        0xc C:/devkitPro/libctru/lib\libctru.a(readtp.o)
                0x0010d95c                __aeabi_read_tp
 .text.decode_utf16
                0x0010d968       0x54 C:/devkitPro/libctru/lib\libctru.a(decode_utf16.o)
                0x0010d968                decode_utf16
 .text.encode_utf16
                0x0010d9bc       0x54 C:/devkitPro/libctru/lib\libctru.a(encode_utf16.o)
                0x0010d9bc                encode_utf16
 .text.encode_utf8
                0x0010da10       0xe0 C:/devkitPro/libctru/lib\libctru.a(encode_utf8.o)
                0x0010da10                encode_utf8
 .text.__fixdfdi
                0x0010daf0       0x2c C:/devkitPro/devkitARM/bin/../lib/gcc/arm-none-eabi/16.1.0/armv6k/fpu\libgcc.a(_fixdfdi.o)
                0x0010daf0                __fixdfdi
                0x0010daf0                __aeabi_d2lz
 *fill*         0x0010db1c        0x4 
 .text.__fixunsdfdi
                0x0010db20       0x40 C:/devkitPro/devkitARM/bin/../lib/gcc/arm-none-eabi/16.1.0/armv6k/fpu\libgcc.a(_fixunsdfdi.o)
                0x0010db20                __fixunsdfdi
                0x0010db20                __aeabi_d2ulz
 .text.__udivmoddi4
                0x0010db60      0x130 C:/devkitPro/devkitARM/bin/../lib/gcc/arm-none-eabi/16.1.0/armv6k/fpu\libgcc.a(_udivmoddi4.o)
                0x0010db60                __udivmoddi4
 .text.strncat  0x0010dc90       0xe4 C:/devkitPro/devkitARM/bin/../lib/gcc/arm-none-eabi/16.1.0/../../../../arm-none-eabi/lib/armv6k/fpu\libg.a(libc_a-strncat.o)
                0x0010dc90                strncat
 .text.memcpy   0x0010dd74      0x128 C:/devkitPro/devkitARM/bin/../lib/gcc/arm-none-eabi/16.1.0/../../../../arm-none-eabi/lib/armv6k/fpu\libg.a(libc_a-memcpy-stub.o)
                0x0010dd74                memcpy
 .text.strlen   0x0010de9c       0x8c C:/devkitPro/devkitARM/bin/../lib/gcc/arm-none-eabi/16.1.0/../../../../arm-none-eabi/lib/armv6k/fpu\libg.a(libc_a-strlen.o)
                0x0010de9c                strlen
 .text._fread_r
                0x0010df28      0x334 C:/devkitPro/devkitARM/bin/../lib/gcc/arm-none-eabi/16.1.0/../../../../arm-none-eabi/lib/armv6k/fpu\libg.a(libc_a-fread.o)
                0x0010df28                _fread_r
 .text.fread    0x0010e25c       0x38 C:/devkitPro/devkitARM/bin/../lib/gcc/arm-none-eabi/16.1.0/../../../../arm-none-eabi/lib/armv6k/fpu\libg.a(libc_a-fread.o)
                0x0010e25c                fread
 .text.bsearch  0x0010e294       0x78 C:/devkitPro/devkitARM/bin/../lib/gcc/arm-none-eabi/16.1.0/../../../../arm-none-eabi/lib/armv6k/fpu\libg.a(libc_a-bsearch.o)
                0x0010e294                bsearch
 .text._fopen_r
                0x0010e30c      0x134 C:/devkitPro/devkitARM/bin/../lib/gcc/arm-none-eabi/16.1.0/../../../../arm-none-eabi/lib/armv6k/fpu\libg.a(libc_a-fopen.o)
                0x0010e30c                _fopen_r
 .text.fopen    0x0010e440       0x28 C:/devkitPro/devkitARM/bin/../lib/gcc/arm-none-eabi/16.1.0/../../../../arm-none-eabi/lib/armv6k/fpu\libg.a(libc_a-fopen.o)
                0x0010e440                fopen
 .text.memalign
                0x0010e468       0x28 C:/devkitPro/devkitARM/bin/../lib/gcc/arm-none-eabi/16.1.0/../../../../arm-none-eabi/lib/armv6k/fpu\libg.a(libc_a-malign.o)
                0x0010e468                memalign
 .text.strcasecmp
                0x0010e490       0x68 C:/devkitPro/devkitARM/bin/../lib/gcc/arm-none-eabi/16.1.0/../../../../arm-none-eabi/lib/armv6k/fpu\libg.a(libc_a-strcasecmp.o)
                0x0010e490                strcasecmp
 .text.snprintf
                0x0010e4f8       0xa0 C:/devkitPro/devkitARM/bin/../lib/gcc/arm-none-eabi/16.1.0/../../../../arm-none-eabi/lib/armv6k/fpu\libg.a(libc_a-snprintf.o)
                0x0010e4f8                snprintf
 .text._strtoul_l.isra.0
                0x0010e598      0x1ec C:/devkitPro/devkitARM/bin/../lib/gcc/arm-none-eabi/16.1.0/../../../../arm-none-eabi/lib/armv6k/fpu\libg.a(libc_a-strtoul.o)
 .text._strtoul_r
                0x0010e784       0x38 C:/devkitPro/devkitARM/bin/../lib/gcc/arm-none-eabi/16.1.0/../../../../arm-none-eabi/lib/armv6k/fpu\libg.a(libc_a-strtoul.o)
                0x0010e784                _strtoul_r
 .text.strtoul  0x0010e7bc       0x3c C:/devkitPro/devkitARM/bin/../lib/gcc/arm-none-eabi/16.1.0/../../../../arm-none-eabi/lib/armv6k/fpu\libg.a(libc_a-strtoul.o)
                0x0010e7bc                strtoul
 .text.remove   0x0010e7f8       0x58 C:/devkitPro/devkitARM/bin/../lib/gcc/arm-none-eabi/16.1.0/../../../../arm-none-eabi/lib/armv6k/fpu\libg.a(libc_a-remove.o)
                0x0010e7f8                remove
 .text._memalign_r
                0x0010e850      0x16c C:/devkitPro/devkitARM/bin/../lib/gcc/arm-none-eabi/16.1.0/../../../../arm-none-eabi/lib/armv6k/fpu\libg.a(libc_a-malignr.o)
                0x0010e850                _memalign_r
 .text.__errno  0x0010e9bc        0xc C:/devkitPro/devkitARM/bin/../lib/gcc/arm-none-eabi/16.1.0/../../../../arm-none-eabi/lib/armv6k/fpu\libg.a(libc_a-errno.o)
                0x0010e9bc                __errno
 .text.__smakebuf_r
                0x0010e9c8      0x164 C:/devkitPro/devkitARM/bin/../lib/gcc/arm-none-eabi/16.1.0/../../../../arm-none-eabi/lib/armv6k/fpu\libg.a(libc_a-makebuf.o)
                0x0010e9c8                __smakebuf_r
 .text.memset   0x0010eb2c       0xe4 C:/devkitPro/devkitARM/bin/../lib/gcc/arm-none-eabi/16.1.0/../../../../arm-none-eabi/lib/armv6k/fpu\libg.a(libc_a-memset.o)
                0x0010eb2c                memset
 .text.__sflush_r
                0x0010ec10      0x22c C:/devkitPro/devkitARM/bin/../lib/gcc/arm-none-eabi/16.1.0/../../../../arm-none-eabi/lib/armv6k/fpu\libg.a(libc_a-fflush.o)
                0x0010ec10                __sflush_r
 .text._fflush_r
                0x0010ee3c       0xc4 C:/devkitPro/devkitARM/bin/../lib/gcc/arm-none-eabi/16.1.0/../../../../arm-none-eabi/lib/armv6k/fpu\libg.a(libc_a-fflush.o)
                0x0010ee3c                _fflush_r
 .text._fwrite_r
                0x0010ef00      0x104 C:/devkitPro/devkitARM/bin/../lib/gcc/arm-none-eabi/16.1.0/../../../../arm-none-eabi/lib/armv6k/fpu\libg.a(libc_a-fwrite.o)
                0x0010ef00                _fwrite_r
 .text.fwrite   0x0010f004       0x38 C:/devkitPro/devkitARM/bin/../lib/gcc/arm-none-eabi/16.1.0/../../../../arm-none-eabi/lib/armv6k/fpu\libg.a(libc_a-fwrite.o)
                0x0010f004                fwrite
 .text.fscanf   0x0010f03c       0x3c C:/devkitPro/devkitARM/bin/../lib/gcc/arm-none-eabi/16.1.0/../../../../arm-none-eabi/lib/armv6k/fpu\libg.a(libc_a-fscanf.o)
                0x0010f03c                fscanf
 .text._malloc_r
                0x0010f078      0x82c C:/devkitPro/devkitARM/bin/../lib/gcc/arm-none-eabi/16.1.0/../../../../arm-none-eabi/lib/armv6k/fpu\libg.a(libc_a-mallocr.o)
                0x0010f078                _malloc_r
 .text._malloc_trim_r
                0x0010f8a4      0x114 C:/devkitPro/devkitARM/bin/../lib/gcc/arm-none-eabi/16.1.0/../../../../arm-none-eabi/lib/armv6k/fpu\libg.a(libc_a-freer.o)
                0x0010f8a4                _malloc_trim_r
 .text._free_r  0x0010f9b8      0x314 C:/devkitPro/devkitARM/bin/../lib/gcc/arm-none-eabi/16.1.0/../../../../arm-none-eabi/lib/armv6k/fpu\libg.a(libc_a-freer.o)
                0x0010f9b8                _free_r
 .text.stdio_exit_handler
                0x0010fccc       0x1c C:/devkitPro/devkitARM/bin/../lib/gcc/arm-none-eabi/16.1.0/../../../../arm-none-eabi/lib/armv6k/fpu\libg.a(libc_a-findfp.o)
 .text.cleanup_stdio
                0x0010fce8       0x5c C:/devkitPro/devkitARM/bin/../lib/gcc/arm-none-eabi/16.1.0/../../../../arm-none-eabi/lib/armv6k/fpu\libg.a(libc_a-findfp.o)
 .text.global_stdio_init.part.0
                0x0010fd44      0x154 C:/devkitPro/devkitARM/bin/../lib/gcc/arm-none-eabi/16.1.0/../../../../arm-none-eabi/lib/armv6k/fpu\libg.a(libc_a-findfp.o)
 .text.__sfp    0x0010fe98      0x138 C:/devkitPro/devkitARM/bin/../lib/gcc/arm-none-eabi/16.1.0/../../../../arm-none-eabi/lib/armv6k/fpu\libg.a(libc_a-findfp.o)
                0x0010fe98                __sfp
 .text.__sinit  0x0010ffd0       0x5c C:/devkitPro/devkitARM/bin/../lib/gcc/arm-none-eabi/16.1.0/../../../../arm-none-eabi/lib/armv6k/fpu\libg.a(libc_a-findfp.o)
                0x0010ffd0                __sinit
 .text.__sfp_lock_acquire
                0x0011002c        0xc C:/devkitPro/devkitARM/bin/../lib/gcc/arm-none-eabi/16.1.0/../../../../arm-none-eabi/lib/armv6k/fpu\libg.a(libc_a-findfp.o)
                0x0011002c                __sfp_lock_acquire
 .text.__sfp_lock_release
                0x00110038        0xc C:/devkitPro/devkitARM/bin/../lib/gcc/arm-none-eabi/16.1.0/../../../../arm-none-eabi/lib/armv6k/fpu\libg.a(libc_a-findfp.o)
                0x00110038                __sfp_lock_release
 .text.__libc_init_array
                0x00110044       0x84 C:/devkitPro/devkitARM/bin/../lib/gcc/arm-none-eabi/16.1.0/../../../../arm-none-eabi/lib/armv6k/fpu\libg.a(libc_a-init.o)
                0x00110044                __libc_init_array
 .text.strncpy  0x001100c8       0xd4 C:/devkitPro/devkitARM/bin/../lib/gcc/arm-none-eabi/16.1.0/../../../../arm-none-eabi/lib/armv6k/fpu\libg.a(libc_a-strncpy.o)
                0x001100c8                strncpy
 .text._fseek_r
                0x0011019c       0x1c C:/devkitPro/devkitARM/bin/../lib/gcc/arm-none-eabi/16.1.0/../../../../arm-none-eabi/lib/armv6k/fpu\libg.a(libc_a-fseek.o)
                0x0011019c                _fseek_r
 .text.malloc   0x001101b8       0x40 C:/devkitPro/devkitARM/bin/../lib/gcc/arm-none-eabi/16.1.0/../../../../arm-none-eabi/lib/armv6k/fpu\libg.a(libc_a-malloc.o)
                0x001101b8                malloc
 .text.free     0x001101f8       0x20 C:/devkitPro/devkitARM/bin/../lib/gcc/arm-none-eabi/16.1.0/../../../../arm-none-eabi/lib/armv6k/fpu\libg.a(libc_a-malloc.o)
                0x001101f8                free
 .text.strrchr  0x00110218       0x48 C:/devkitPro/devkitARM/bin/../lib/gcc/arm-none-eabi/16.1.0/../../../../arm-none-eabi/lib/armv6k/fpu\libg.a(libc_a-strrchr.o)
                0x00110218                strrchr
 .text.__sread  0x00110260       0x44 C:/devkitPro/devkitARM/bin/../lib/gcc/arm-none-eabi/16.1.0/../../../../arm-none-eabi/lib/armv6k/fpu\libg.a(libc_a-stdio.o)
                0x00110260                __sread
 .text.__seofread
                0x001102a4        0x8 C:/devkitPro/devkitARM/bin/../lib/gcc/arm-none-eabi/16.1.0/../../../../arm-none-eabi/lib/armv6k/fpu\libg.a(libc_a-stdio.o)
                0x001102a4                __seofread
 .text.__swrite
                0x001102ac       0x68 C:/devkitPro/devkitARM/bin/../lib/gcc/arm-none-eabi/16.1.0/../../../../arm-none-eabi/lib/armv6k/fpu\libg.a(libc_a-stdio.o)
                0x001102ac                __swrite
 .text.__sseek  0x00110314       0x40 C:/devkitPro/devkitARM/bin/../lib/gcc/arm-none-eabi/16.1.0/../../../../arm-none-eabi/lib/armv6k/fpu\libg.a(libc_a-stdio.o)
                0x00110314                __sseek
 .text.__sclose
                0x00110354        0x8 C:/devkitPro/devkitARM/bin/../lib/gcc/arm-none-eabi/16.1.0/../../../../arm-none-eabi/lib/armv6k/fpu\libg.a(libc_a-stdio.o)
                0x00110354                __sclose
 .text.localtime
                0x0011035c       0x1c C:/devkitPro/devkitARM/bin/../lib/gcc/arm-none-eabi/16.1.0/../../../../arm-none-eabi/lib/armv6k/fpu\libg.a(libc_a-lcltime.o)
                0x0011035c                localtime
 .text.__malloc_lock
                0x00110378        0xc C:/devkitPro/devkitARM/bin/../lib/gcc/arm-none-eabi/16.1.0/../../../../arm-none-eabi/lib/armv6k/fpu\libg.a(libc_a-mlock.o)
                0x00110378                __malloc_lock
 .text.__malloc_unlock
                0x00110384        0xc C:/devkitPro/devkitARM/bin/../lib/gcc/arm-none-eabi/16.1.0/../../../../arm-none-eabi/lib/armv6k/fpu\libg.a(libc_a-mlock.o)
                0x00110384                __malloc_unlock
 .text._fseeko_r
                0x00110390      0x588 C:/devkitPro/devkitARM/bin/../lib/gcc/arm-none-eabi/16.1.0/../../../../arm-none-eabi/lib/armv6k/fpu\libg.a(libc_a-fseeko.o)
                0x00110390                _fseeko_r
 .text._fclose_r
                0x00110918      0x148 C:/devkitPro/devkitARM/bin/../lib/gcc/arm-none-eabi/16.1.0/../../../../arm-none-eabi/lib/armv6k/fpu\libg.a(libc_a-fclose.o)
                0x00110918                _fclose_r
 .text.fclose   0x00110a60       0x20 C:/devkitPro/devkitARM/bin/../lib/gcc/arm-none-eabi/16.1.0/../../../../arm-none-eabi/lib/armv6k/fpu\libg.a(libc_a-fclose.o)
                0x00110a60                fclose
 .text.time     0x00110a80       0x48 C:/devkitPro/devkitARM/bin/../lib/gcc/arm-none-eabi/16.1.0/../../../../arm-none-eabi/lib/armv6k/fpu\libg.a(libc_a-time.o)
                0x00110a80                time
 .text.fprintf  0x00110ac8       0x3c C:/devkitPro/devkitARM/bin/../lib/gcc/arm-none-eabi/16.1.0/../../../../arm-none-eabi/lib/armv6k/fpu\libg.a(libc_a-fprintf.o)
                0x00110ac8                fprintf
 .text.__call_exitprocs
                0x00110b04        0x4 C:/devkitPro/devkitARM/bin/../lib/gcc/arm-none-eabi/16.1.0/../../../../arm-none-eabi/lib/armv6k/fpu\libg.a(libc_a-exit.o)
                0x00110b04                __call_exitprocs
 .text.exit     0x00110b08       0x30 C:/devkitPro/devkitARM/bin/../lib/gcc/arm-none-eabi/16.1.0/../../../../arm-none-eabi/lib/armv6k/fpu\libg.a(libc_a-exit.o)
                0x00110b08                exit
 .text.get_arg  0x00110b38      0x5e0 C:/devkitPro/devkitARM/bin/../lib/gcc/arm-none-eabi/16.1.0/../../../../arm-none-eabi/lib/armv6k/fpu\libg.a(libc_a-svfprintf.o)
 .text._svfprintf_r
                0x00111118     0x345c C:/devkitPro/devkitARM/bin/../lib/gcc/arm-none-eabi/16.1.0/../../../../arm-none-eabi/lib/armv6k/fpu\libg.a(libc_a-svfprintf.o)
                0x00111118                _svfprintf_r
 .text.__sflags
                0x00114574       0xb8 C:/devkitPro/devkitARM/bin/../lib/gcc/arm-none-eabi/16.1.0/../../../../arm-none-eabi/lib/armv6k/fpu\libg.a(libc_a-flags.o)
                0x00114574                __sflags
 .text.__libc_fini_array
                0x0011462c       0x3c C:/devkitPro/devkitARM/bin/../lib/gcc/arm-none-eabi/16.1.0/../../../../arm-none-eabi/lib/armv6k/fpu\libg.a(libc_a-fini.o)
                0x0011462c                __libc_fini_array
 .text.strnlen  0x00114668       0x3c C:/devkitPro/devkitARM/bin/../lib/gcc/arm-none-eabi/16.1.0/../../../../arm-none-eabi/lib/armv6k/fpu\libg.a(libc_a-strnlen.o)
                0x00114668                strnlen
 .text.strncmp  0x001146a4       0xd8 C:/devkitPro/devkitARM/bin/../lib/gcc/arm-none-eabi/16.1.0/../../../../arm-none-eabi/lib/armv6k/fpu\libg.a(libc_a-strncmp.o)
                0x001146a4                strncmp
 .text.lflush   0x0011477c       0x38 C:/devkitPro/devkitARM/bin/../lib/gcc/arm-none-eabi/16.1.0/../../../../arm-none-eabi/lib/armv6k/fpu\libg.a(libc_a-refill.o)
 .text.__srefill_r
                0x001147b4      0x1a8 C:/devkitPro/devkitARM/bin/../lib/gcc/arm-none-eabi/16.1.0/../../../../arm-none-eabi/lib/armv6k/fpu\libg.a(libc_a-refill.o)
                0x001147b4                __srefill_r
 *fill*         0x0011495c        0x4 
 .text.frexp    0x00114960       0x88 C:/devkitPro/devkitARM/bin/../lib/gcc/arm-none-eabi/16.1.0/../../../../arm-none-eabi/lib/armv6k/fpu\libg.a(libm_a-s_frexp.o)
                0x00114960                frexp
 .text._fwalk_sglue
                0x001149e8       0x70 C:/devkitPro/devkitARM/bin/../lib/gcc/arm-none-eabi/16.1.0/../../../../arm-none-eabi/lib/armv6k/fpu\libg.a(libc_a-fwalk.o)
                0x001149e8                _fwalk_sglue
 .text.get_arg  0x00114a58      0x5e0 C:/devkitPro/devkitARM/bin/../lib/gcc/arm-none-eabi/16.1.0/../../../../arm-none-eabi/lib/armv6k/fpu\libg.a(libc_a-vfprintf.o)
 .text._vfprintf_r
                0x00115038     0x3554 C:/devkitPro/devkitARM/bin/../lib/gcc/arm-none-eabi/16.1.0/../../../../arm-none-eabi/lib/armv6k/fpu\libg.a(libc_a-vfprintf.o)
                0x00115038                _vfprintf_r
 .text.__sbprintf
                0x0011858c       0xb4 C:/devkitPro/devkitARM/bin/../lib/gcc/arm-none-eabi/16.1.0/../../../../arm-none-eabi/lib/armv6k/fpu\libg.a(libc_a-vfprintf.o)
 .text._wcrtomb_r
                0x00118640       0xa0 C:/devkitPro/devkitARM/bin/../lib/gcc/arm-none-eabi/16.1.0/../../../../arm-none-eabi/lib/armv6k/fpu\libg.a(libc_a-wcrtomb.o)
                0x00118640                _wcrtomb_r
 .text.__ssprint_r
                0x001186e0       0xa4 C:/devkitPro/devkitARM/bin/../lib/gcc/arm-none-eabi/16.1.0/../../../../arm-none-eabi/lib/armv6k/fpu\libg.a(libc_a-ssprint_r.o)
                0x001186e0                __ssprint_r
 .text.__sfvwrite_r
                0x00118784      0x4a4 C:/devkitPro/devkitARM/bin/../lib/gcc/arm-none-eabi/16.1.0/../../../../arm-none-eabi/lib/armv6k/fpu\libg.a(libc_a-fvwrite.o)
                0x00118784                __sfvwrite_r
 .text.strchr   0x00118c28      0x140 C:/devkitPro/devkitARM/bin/../lib/gcc/arm-none-eabi/16.1.0/../../../../arm-none-eabi/lib/armv6k/fpu\libg.a(libc_a-strchr.o)
                0x00118c28                strchr
 .text.__locale_mb_cur_max
                0x00118d68       0x24 C:/devkitPro/devkitARM/bin/../lib/gcc/arm-none-eabi/16.1.0/../../../../arm-none-eabi/lib/armv6k/fpu\libg.a(libc_a-locale.o)
                0x00118d68                __locale_mb_cur_max
 .text.__sprint_r
                0x00118d8c       0x30 C:/devkitPro/devkitARM/bin/../lib/gcc/arm-none-eabi/16.1.0/../../../../arm-none-eabi/lib/armv6k/fpu\libg.a(libc_a-sprint_r.o)
                0x00118d8c                __sprint_r
 .text.localtime_r
                0x00118dbc      0x35c C:/devkitPro/devkitARM/bin/../lib/gcc/arm-none-eabi/16.1.0/../../../../arm-none-eabi/lib/armv6k/fpu\libg.a(libc_a-lcltime_r.o)
                0x00118dbc                localtime_r
 .text.get_arg  0x00119118       0x50 C:/devkitPro/devkitARM/bin/../lib/gcc/arm-none-eabi/16.1.0/../../../../arm-none-eabi/lib/armv6k/fpu\libg.a(libc_a-vfscanf.o)
 .text.__svfscanf_r
                0x00119168     0x2bc4 C:/devkitPro/devkitARM/bin/../lib/gcc/arm-none-eabi/16.1.0/../../../../arm-none-eabi/lib/armv6k/fpu\libg.a(libc_a-vfscanf.o)
                0x00119168                __svfscanf_r
 .text._vfscanf_r
                0x0011bd2c       0x40 C:/devkitPro/devkitARM/bin/../lib/gcc/arm-none-eabi/16.1.0/../../../../arm-none-eabi/lib/armv6k/fpu\libg.a(libc_a-vfscanf.o)
                0x0011bd2c                _vfscanf_r
 .text.__tzcalc_limits
                0x0011bd6c      0x258 C:/devkitPro/devkitARM/bin/../lib/gcc/arm-none-eabi/16.1.0/../../../../arm-none-eabi/lib/armv6k/fpu\libg.a(libc_a-tzcalc_limits.o)
                0x0011bd6c                __tzcalc_limits
 .text.quorem   0x0011bfc4      0x1c0 C:/devkitPro/devkitARM/bin/../lib/gcc/arm-none-eabi/16.1.0/../../../../arm-none-eabi/lib/armv6k/fpu\libg.a(libc_a-dtoa.o)
 *fill*         0x0011c184        0x4 
 .text._dtoa_r  0x0011c188     0x1420 C:/devkitPro/devkitARM/bin/../lib/gcc/arm-none-eabi/16.1.0/../../../../arm-none-eabi/lib/armv6k/fpu\libg.a(libc_a-dtoa.o)
                0x0011c188                _dtoa_r
 .text._strtol_l.part.0
                0x0011d5a8      0x384 C:/devkitPro/devkitARM/bin/../lib/gcc/arm-none-eabi/16.1.0/../../../../arm-none-eabi/lib/armv6k/fpu\libg.a(libc_a-strtol.o)
 .text._strtol_r
                0x0011d92c       0x6c C:/devkitPro/devkitARM/bin/../lib/gcc/arm-none-eabi/16.1.0/../../../../arm-none-eabi/lib/armv6k/fpu\libg.a(libc_a-strtol.o)
                0x0011d92c                _strtol_r
 .text._tzset_unlocked
                0x0011d998       0x10 C:/devkitPro/devkitARM/bin/../lib/gcc/arm-none-eabi/16.1.0/../../../../arm-none-eabi/lib/armv6k/fpu\libg.a(libc_a-tzset.o)
                0x0011d998                _tzset_unlocked
 .text.memchr   0x0011d9a8       0xe8 C:/devkitPro/devkitARM/bin/../lib/gcc/arm-none-eabi/16.1.0/../../../../arm-none-eabi/lib/armv6k/fpu\libg.a(libc_a-memchr-stub.o)
                0x0011d9a8                memchr
 .text._wcsrtombs_r
                0x0011da90       0x28 C:/devkitPro/devkitARM/bin/../lib/gcc/arm-none-eabi/16.1.0/../../../../arm-none-eabi/lib/armv6k/fpu\libg.a(libc_a-wcsrtombs.o)
                0x0011da90                _wcsrtombs_r
 .text.__swsetup_r
                0x0011dab8      0x140 C:/devkitPro/devkitARM/bin/../lib/gcc/arm-none-eabi/16.1.0/../../../../arm-none-eabi/lib/armv6k/fpu\libg.a(libc_a-wsetup.o)
                0x0011dab8                __swsetup_r
 .text.__gettzinfo
                0x0011dbf8        0xc C:/devkitPro/devkitARM/bin/../lib/gcc/arm-none-eabi/16.1.0/../../../../arm-none-eabi/lib/armv6k/fpu\libg.a(libc_a-gettzinfo.o)
                0x0011dbf8                __gettzinfo
 .text._findenv_r
                0x0011dc04       0xdc C:/devkitPro/devkitARM/bin/../lib/gcc/arm-none-eabi/16.1.0/../../../../arm-none-eabi/lib/armv6k/fpu\libg.a(libc_a-getenv_r.o)
                0x0011dc04                _findenv_r
 .text._getenv_r
                0x0011dce0       0x18 C:/devkitPro/devkitARM/bin/../lib/gcc/arm-none-eabi/16.1.0/../../../../arm-none-eabi/lib/armv6k/fpu\libg.a(libc_a-getenv_r.o)
                0x0011dce0                _getenv_r
 .text._localeconv_r
                0x0011dcf8       0x24 C:/devkitPro/devkitARM/bin/../lib/gcc/arm-none-eabi/16.1.0/../../../../arm-none-eabi/lib/armv6k/fpu\libg.a(libc_a-localeconv.o)
                0x0011dcf8                _localeconv_r
 .text.memmove  0x0011dd1c      0x1a8 C:/devkitPro/devkitARM/bin/../lib/gcc/arm-none-eabi/16.1.0/../../../../arm-none-eabi/lib/armv6k/fpu\libg.a(libc_a-memmove.o)
                0x0011dd1c                memmove
 .text._realloc_r
                0x0011dec4      0x4f0 C:/devkitPro/devkitARM/bin/../lib/gcc/arm-none-eabi/16.1.0/../../../../arm-none-eabi/lib/armv6k/fpu\libg.a(libc_a-reallocr.o)
                0x0011dec4                _realloc_r
 .text.__ssputs_r
                0x0011e3b4      0x12c C:/devkitPro/devkitARM/bin/../lib/gcc/arm-none-eabi/16.1.0/../../../../arm-none-eabi/lib/armv6k/fpu\libg.a(libc_a-ssputs_r.o)
                0x0011e3b4                __ssputs_r
 .text.__utf8_wctomb
                0x0011e4e0       0xf8 C:/devkitPro/devkitARM/bin/../lib/gcc/arm-none-eabi/16.1.0/../../../../arm-none-eabi/lib/armv6k/fpu\libg.a(libc_a-wctomb_r.o)
                0x0011e4e0                __utf8_wctomb
 .text.gmtime_r
                0x0011e5d8      0x25c C:/devkitPro/devkitARM/bin/../lib/gcc/arm-none-eabi/16.1.0/../../../../arm-none-eabi/lib/armv6k/fpu\libg.a(libc_a-gmtime_r.o)
                0x0011e5d8                gmtime_r
 .text._tzset_unlocked_r
                0x0011e834      0x648 C:/devkitPro/devkitARM/bin/../lib/gcc/arm-none-eabi/16.1.0/../../../../arm-none-eabi/lib/armv6k/fpu\libg.a(libc_a-tzset_r.o)
                0x0011e834                _tzset_unlocked_r
 .text._wcsnrtombs_l
                0x0011ee7c      0x15c C:/devkitPro/devkitARM/bin/../lib/gcc/arm-none-eabi/16.1.0/../../../../arm-none-eabi/lib/armv6k/fpu\libg.a(libc_a-wcsnrtombs.o)
                0x0011ee7c                _wcsnrtombs_l
 .text._wcsnrtombs_r
                0x0011efd8       0x64 C:/devkitPro/devkitARM/bin/../lib/gcc/arm-none-eabi/16.1.0/../../../../arm-none-eabi/lib/armv6k/fpu\libg.a(libc_a-wcsnrtombs.o)
                0x0011efd8                _wcsnrtombs_r
 .text.sprintf  0x0011f03c       0x68 C:/devkitPro/devkitARM/bin/../lib/gcc/arm-none-eabi/16.1.0/../../../../arm-none-eabi/lib/armv6k/fpu\libg.a(libc_a-sprintf.o)
                0x0011f03c                sprintf
 .text.nanf     0x0011f0a4        0xc C:/devkitPro/devkitARM/bin/../lib/gcc/arm-none-eabi/16.1.0/../../../../arm-none-eabi/lib/armv6k/fpu\libg.a(libm_a-sf_nan.o)
                0x0011f0a4                nanf
 .text.stpncpy  0x0011f0b0       0xdc C:/devkitPro/devkitARM/bin/../lib/gcc/arm-none-eabi/16.1.0/../../../../arm-none-eabi/lib/armv6k/fpu\libg.a(libc_a-stpncpy.o)
                0x0011f0b0                stpncpy
 .text.__env_lock
                0x0011f18c        0xc C:/devkitPro/devkitARM/bin/../lib/gcc/arm-none-eabi/16.1.0/../../../../arm-none-eabi/lib/armv6k/fpu\libg.a(libc_a-envlock.o)
                0x0011f18c                __env_lock
 .text.__env_unlock
                0x0011f198        0xc C:/devkitPro/devkitARM/bin/../lib/gcc/arm-none-eabi/16.1.0/../../../../arm-none-eabi/lib/armv6k/fpu\libg.a(libc_a-envlock.o)
                0x0011f198                __env_unlock
 .text.__assert_func
                0x0011f1a4       0x5c C:/devkitPro/devkitARM/bin/../lib/gcc/arm-none-eabi/16.1.0/../../../../arm-none-eabi/lib/armv6k/fpu\libg.a(libc_a-assert.o)
                0x0011f1a4                __assert_func
 .text.iswspace
                0x0011f200        0x8 C:/devkitPro/devkitARM/bin/../lib/gcc/arm-none-eabi/16.1.0/../../../../arm-none-eabi/lib/armv6k/fpu\libg.a(libc_a-iswspace.o)
                0x0011f200                iswspace
 .text._Balloc  0x0011f208       0x88 C:/devkitPro/devkitARM/bin/../lib/gcc/arm-none-eabi/16.1.0/../../../../arm-none-eabi/lib/armv6k/fpu\libg.a(libc_a-mprec.o)
                0x0011f208                _Balloc
 .text._Bfree   0x0011f290       0x1c C:/devkitPro/devkitARM/bin/../lib/gcc/arm-none-eabi/16.1.0/../../../../arm-none-eabi/lib/armv6k/fpu\libg.a(libc_a-mprec.o)
                0x0011f290                _Bfree
 .text.__multadd
                0x0011f2ac       0xf4 C:/devkitPro/devkitARM/bin/../lib/gcc/arm-none-eabi/16.1.0/../../../../arm-none-eabi/lib/armv6k/fpu\libg.a(libc_a-mprec.o)
                0x0011f2ac                __multadd
 .text.__s2b    0x0011f3a0      0x10c C:/devkitPro/devkitARM/bin/../lib/gcc/arm-none-eabi/16.1.0/../../../../arm-none-eabi/lib/armv6k/fpu\libg.a(libc_a-mprec.o)
                0x0011f3a0                __s2b
 .text.__hi0bits
                0x0011f4ac       0x80 C:/devkitPro/devkitARM/bin/../lib/gcc/arm-none-eabi/16.1.0/../../../../arm-none-eabi/lib/armv6k/fpu\libg.a(libc_a-mprec.o)
                0x0011f4ac                __hi0bits
 .text.__lo0bits
                0x0011f52c       0xf0 C:/devkitPro/devkitARM/bin/../lib/gcc/arm-none-eabi/16.1.0/../../../../arm-none-eabi/lib/armv6k/fpu\libg.a(libc_a-mprec.o)
                0x0011f52c                __lo0bits
 .text.__i2b    0x0011f61c       0xa4 C:/devkitPro/devkitARM/bin/../lib/gcc/arm-none-eabi/16.1.0/../../../../arm-none-eabi/lib/armv6k/fpu\libg.a(libc_a-mprec.o)
                0x0011f61c                __i2b
 .text.__multiply
                0x0011f6c0      0x230 C:/devkitPro/devkitARM/bin/../lib/gcc/arm-none-eabi/16.1.0/../../../../arm-none-eabi/lib/armv6k/fpu\libg.a(libc_a-mprec.o)
                0x0011f6c0                __multiply
 .text.__pow5mult
                0x0011f8f0      0x130 C:/devkitPro/devkitARM/bin/../lib/gcc/arm-none-eabi/16.1.0/../../../../arm-none-eabi/lib/armv6k/fpu\libg.a(libc_a-mprec.o)
                0x0011f8f0                __pow5mult
 .text.__lshift
                0x0011fa20      0x138 C:/devkitPro/devkitARM/bin/../lib/gcc/arm-none-eabi/16.1.0/../../../../arm-none-eabi/lib/armv6k/fpu\libg.a(libc_a-mprec.o)
                0x0011fa20                __lshift
 .text.__mcmp   0x0011fb58       0x58 C:/devkitPro/devkitARM/bin/../lib/gcc/arm-none-eabi/16.1.0/../../../../arm-none-eabi/lib/armv6k/fpu\libg.a(libc_a-mprec.o)
                0x0011fb58                __mcmp
 .text.__mdiff  0x0011fbb0      0x218 C:/devkitPro/devkitARM/bin/../lib/gcc/arm-none-eabi/16.1.0/../../../../arm-none-eabi/lib/armv6k/fpu\libg.a(libc_a-mprec.o)
                0x0011fbb0                __mdiff
 .text.__ulp    0x0011fdc8       0x68 C:/devkitPro/devkitARM/bin/../lib/gcc/arm-none-eabi/16.1.0/../../../../arm-none-eabi/lib/armv6k/fpu\libg.a(libc_a-mprec.o)
                0x0011fdc8                __ulp
 .text.__b2d    0x0011fe30       0xd4 C:/devkitPro/devkitARM/bin/../lib/gcc/arm-none-eabi/16.1.0/../../../../arm-none-eabi/lib/armv6k/fpu\libg.a(libc_a-mprec.o)
                0x0011fe30                __b2d
 .text.__d2b    0x0011ff04      0x120 C:/devkitPro/devkitARM/bin/../lib/gcc/arm-none-eabi/16.1.0/../../../../arm-none-eabi/lib/armv6k/fpu\libg.a(libc_a-mprec.o)
                0x0011ff04                __d2b
 .text.__ratio  0x00120024       0x78 C:/devkitPro/devkitARM/bin/../lib/gcc/arm-none-eabi/16.1.0/../../../../arm-none-eabi/lib/armv6k/fpu\libg.a(libc_a-mprec.o)
                0x00120024                __ratio
 .text.__copybits
                0x0012009c       0x8c C:/devkitPro/devkitARM/bin/../lib/gcc/arm-none-eabi/16.1.0/../../../../arm-none-eabi/lib/armv6k/fpu\libg.a(libc_a-mprec.o)
                0x0012009c                __copybits
 .text.__any_on
                0x00120128       0x5c C:/devkitPro/devkitARM/bin/../lib/gcc/arm-none-eabi/16.1.0/../../../../arm-none-eabi/lib/armv6k/fpu\libg.a(libc_a-mprec.o)
                0x00120128                __any_on
 .text.sulp     0x00120184       0x60 C:/devkitPro/devkitARM/bin/../lib/gcc/arm-none-eabi/16.1.0/../../../../arm-none-eabi/lib/armv6k/fpu\libg.a(libc_a-strtod.o)
 *fill*         0x001201e4        0x4 
 .text._strtod_l
                0x001201e8     0x1428 C:/devkitPro/devkitARM/bin/../lib/gcc/arm-none-eabi/16.1.0/../../../../arm-none-eabi/lib/armv6k/fpu\libg.a(libc_a-strtod.o)
                0x001201e8                _strtod_l
 .text._strtod_r
                0x00121610       0x44 C:/devkitPro/devkitARM/bin/../lib/gcc/arm-none-eabi/16.1.0/../../../../arm-none-eabi/lib/armv6k/fpu\libg.a(libc_a-strtod.o)
                0x00121610                _strtod_r
 .text._strtoull_l.isra.0
                0x00121654      0x264 C:/devkitPro/devkitARM/bin/../lib/gcc/arm-none-eabi/16.1.0/../../../../arm-none-eabi/lib/armv6k/fpu\libg.a(libc_a-strtoull.o)
 .text._strtoull_r
                0x001218b8       0x38 C:/devkitPro/devkitARM/bin/../lib/gcc/arm-none-eabi/16.1.0/../../../../arm-none-eabi/lib/armv6k/fpu\libg.a(libc_a-strtoull.o)
                0x001218b8                _strtoull_r
 .text.rshift   0x001218f0       0xf4 C:/devkitPro/devkitARM/bin/../lib/gcc/arm-none-eabi/16.1.0/../../../../arm-none-eabi/lib/armv6k/fpu\libg.a(libc_a-gdtoa-gethex.o)
 .text.__gethex
                0x001219e4      0x8b4 C:/devkitPro/devkitARM/bin/../lib/gcc/arm-none-eabi/16.1.0/../../../../arm-none-eabi/lib/armv6k/fpu\libg.a(libc_a-gdtoa-gethex.o)
                0x001219e4                __gethex
 .text.__submore
                0x00122298       0xb8 C:/devkitPro/devkitARM/bin/../lib/gcc/arm-none-eabi/16.1.0/../../../../arm-none-eabi/lib/armv6k/fpu\libg.a(libc_a-ungetc.o)
                0x00122298                __submore
 .text._ungetc_r
                0x00122350      0x230 C:/devkitPro/devkitARM/bin/../lib/gcc/arm-none-eabi/16.1.0/../../../../arm-none-eabi/lib/armv6k/fpu\libg.a(libc_a-ungetc.o)
                0x00122350                _ungetc_r
 .text.__utf8_mbtowc
                0x00122580      0x340 C:/devkitPro/devkitARM/bin/../lib/gcc/arm-none-eabi/16.1.0/../../../../arm-none-eabi/lib/armv6k/fpu\libg.a(libc_a-mbtowc_r.o)
                0x00122580                __utf8_mbtowc
 .text.fiprintf
                0x001228c0       0x3c C:/devkitPro/devkitARM/bin/../lib/gcc/arm-none-eabi/16.1.0/../../../../arm-none-eabi/lib/armv6k/fpu\libg.a(libc_a-fiprintf.o)
                0x001228c0                fiprintf
 .text._mbrtowc_r
                0x001228fc       0xc4 C:/devkitPro/devkitARM/bin/../lib/gcc/arm-none-eabi/16.1.0/../../../../arm-none-eabi/lib/armv6k/fpu\libg.a(libc_a-mbrtowc.o)
                0x001228fc                _mbrtowc_r
 .text.__tz_lock
                0x001229c0        0xc C:/devkitPro/devkitARM/bin/../lib/gcc/arm-none-eabi/16.1.0/../../../../arm-none-eabi/lib/armv6k/fpu\libg.a(libc_a-tzlock.o)
                0x001229c0                __tz_lock
 .text.__tz_unlock
                0x001229cc        0xc C:/devkitPro/devkitARM/bin/../lib/gcc/arm-none-eabi/16.1.0/../../../../arm-none-eabi/lib/armv6k/fpu\libg.a(libc_a-tzlock.o)
                0x001229cc                __tz_unlock
 .text.__sccl   0x001229d8       0xf8 C:/devkitPro/devkitARM/bin/../lib/gcc/arm-none-eabi/16.1.0/../../../../arm-none-eabi/lib/armv6k/fpu\libg.a(libc_a-sccl.o)
                0x001229d8                __sccl
 .text.abort    0x00122ad0       0x14 C:/devkitPro/devkitARM/bin/../lib/gcc/arm-none-eabi/16.1.0/../../../../arm-none-eabi/lib/armv6k/fpu\libg.a(libc_a-abort.o)
                0x00122ad0                abort
 .text._strtoll_l.isra.0
                0x00122ae4      0x47c C:/devkitPro/devkitARM/bin/../lib/gcc/arm-none-eabi/16.1.0/../../../../arm-none-eabi/lib/armv6k/fpu\libg.a(libc_a-strtoll.o)
 .text._strtoll_r
                0x00122f60       0x38 C:/devkitPro/devkitARM/bin/../lib/gcc/arm-none-eabi/16.1.0/../../../../arm-none-eabi/lib/armv6k/fpu\libg.a(libc_a-strtoll.o)
                0x00122f60                _strtoll_r
 .text.strcpy   0x00122f98       0xf0 C:/devkitPro/devkitARM/bin/../lib/gcc/arm-none-eabi/16.1.0/../../../../arm-none-eabi/lib/armv6k/fpu\libg.a(libc_a-strcpy.o)
                0x00122f98                strcpy
 .text._calloc_r
                0x00123088       0xd8 C:/devkitPro/devkitARM/bin/../lib/gcc/arm-none-eabi/16.1.0/../../../../arm-none-eabi/lib/armv6k/fpu\libg.a(libc_a-callocr.o)
                0x00123088                _calloc_r
 .text.realloc  0x00123160       0x28 C:/devkitPro/devkitARM/bin/../lib/gcc/arm-none-eabi/16.1.0/../../../../arm-none-eabi/lib/armv6k/fpu\libg.a(libc_a-realloc.o)
                0x00123160                realloc
 .text.siscanf  0x00123188       0x78 C:/devkitPro/devkitARM/bin/../lib/gcc/arm-none-eabi/16.1.0/../../../../arm-none-eabi/lib/armv6k/fpu\libg.a(libc_a-siscanf.o)
                0x00123188                siscanf
 .text.iswspace_l
                0x00123200       0x38 C:/devkitPro/devkitARM/bin/../lib/gcc/arm-none-eabi/16.1.0/../../../../arm-none-eabi/lib/armv6k/fpu\libg.a(libc_a-iswspace_l.o)
                0x00123200                iswspace_l
 .text.get_arg  0x00123238      0x5e0 C:/devkitPro/devkitARM/bin/../lib/gcc/arm-none-eabi/16.1.0/../../../../arm-none-eabi/lib/armv6k/fpu\libg.a(libc_a-vfiprintf.o)
 .text._vfiprintf_r
                0x00123818     0x22f8 C:/devkitPro/devkitARM/bin/../lib/gcc/arm-none-eabi/16.1.0/../../../../arm-none-eabi/lib/armv6k/fpu\libg.a(libc_a-vfiprintf.o)
                0x00123818                _vfiprintf_r
 .text.__sbprintf
                0x00125b10       0xb4 C:/devkitPro/devkitARM/bin/../lib/gcc/arm-none-eabi/16.1.0/../../../../arm-none-eabi/lib/armv6k/fpu\libg.a(libc_a-vfiprintf.o)
 .text.__match  0x00125bc4       0x70 C:/devkitPro/devkitARM/bin/../lib/gcc/arm-none-eabi/16.1.0/../../../../arm-none-eabi/lib/armv6k/fpu\libg.a(libc_a-gdtoa-hexnan.o)
                0x00125bc4                __match
 .text.__hexnan
                0x00125c34      0x2a8 C:/devkitPro/devkitARM/bin/../lib/gcc/arm-none-eabi/16.1.0/../../../../arm-none-eabi/lib/armv6k/fpu\libg.a(libc_a-gdtoa-hexnan.o)
                0x00125c34                __hexnan
 *fill*         0x00125edc        0x4 
 .text.nan      0x00125ee0       0x10 C:/devkitPro/devkitARM/bin/../lib/gcc/arm-none-eabi/16.1.0/../../../../arm-none-eabi/lib/armv6k/fpu\libg.a(libm_a-s_nan.o)
                0x00125ee0                nan
 .text._raise_r
                0x00125ef0       0x9c C:/devkitPro/devkitARM/bin/../lib/gcc/arm-none-eabi/16.1.0/../../../../arm-none-eabi/lib/armv6k/fpu\libg.a(libc_a-signal.o)
                0x00125ef0                _raise_r
 .text.raise    0x00125f8c       0x20 C:/devkitPro/devkitARM/bin/../lib/gcc/arm-none-eabi/16.1.0/../../../../arm-none-eabi/lib/armv6k/fpu\libg.a(libc_a-signal.o)
                0x00125f8c                raise
 .text.category
                0x00125fac       0x90 C:/devkitPro/devkitARM/bin/../lib/gcc/arm-none-eabi/16.1.0/../../../../arm-none-eabi/lib/armv6k/fpu\libg.a(libc_a-categories.o)
                0x00125fac                category
 .text.get_arg  0x0012603c       0x50 C:/devkitPro/devkitARM/bin/../lib/gcc/arm-none-eabi/16.1.0/../../../../arm-none-eabi/lib/armv6k/fpu\libg.a(libc_a-svfiscanf.o)
 .text._sungetc_r
                0x0012608c       0xe4 C:/devkitPro/devkitARM/bin/../lib/gcc/arm-none-eabi/16.1.0/../../../../arm-none-eabi/lib/armv6k/fpu\libg.a(libc_a-svfiscanf.o)
                0x0012608c                _sungetc_r
 .text.__ssrefill_r
                0x00126170       0x6c C:/devkitPro/devkitARM/bin/../lib/gcc/arm-none-eabi/16.1.0/../../../../arm-none-eabi/lib/armv6k/fpu\libg.a(libc_a-svfiscanf.o)
                0x00126170                __ssrefill_r
 .text._sfread_r
                0x001261dc       0xb4 C:/devkitPro/devkitARM/bin/../lib/gcc/arm-none-eabi/16.1.0/../../../../arm-none-eabi/lib/armv6k/fpu\libg.a(libc_a-svfiscanf.o)
                0x001261dc                _sfread_r
 .text.__ssvfiscanf_r
                0x00126290     0x22c4 C:/devkitPro/devkitARM/bin/../lib/gcc/arm-none-eabi/16.1.0/../../../../arm-none-eabi/lib/armv6k/fpu\libg.a(libc_a-svfiscanf.o)
                0x00126290                __ssvfiscanf_r
 .text._exit    0x00128554       0x20 C:/devkitPro/devkitARM/bin/../lib/gcc/arm-none-eabi/16.1.0/../../../../arm-none-eabi/lib/armv6k/fpu\libsysbase.a(libsysbase_libsysbase_a-_exit.o)
                0x00128554                _exit
 .text.chdir    0x00128574      0x140 C:/devkitPro/devkitARM/bin/../lib/gcc/arm-none-eabi/16.1.0/../../../../arm-none-eabi/lib/armv6k/fpu\libsysbase.a(libsysbase_libsysbase_a-chdir.o)
                0x00128574                chdir
 .text._concatenate_path
                0x001286b4      0x1c8 C:/devkitPro/devkitARM/bin/../lib/gcc/arm-none-eabi/16.1.0/../../../../arm-none-eabi/lib/armv6k/fpu\libsysbase.a(libsysbase_libsysbase_a-concatenate.o)
                0x001286b4                _concatenate_path
 .text.__dirnext
                0x0012887c       0x70 C:/devkitPro/devkitARM/bin/../lib/gcc/arm-none-eabi/16.1.0/../../../../arm-none-eabi/lib/armv6k/fpu\libsysbase.a(libsysbase_libsysbase_a-dirent.o)
 .text.opendir  0x001288ec      0x114 C:/devkitPro/devkitARM/bin/../lib/gcc/arm-none-eabi/16.1.0/../../../../arm-none-eabi/lib/armv6k/fpu\libsysbase.a(libsysbase_libsysbase_a-dirent.o)
                0x001288ec                opendir
 .text.closedir
                0x00128a00       0x98 C:/devkitPro/devkitARM/bin/../lib/gcc/arm-none-eabi/16.1.0/../../../../arm-none-eabi/lib/armv6k/fpu\libsysbase.a(libsysbase_libsysbase_a-dirent.o)
                0x00128a00                closedir
 .text.readdir_r
                0x00128a98       0xf8 C:/devkitPro/devkitARM/bin/../lib/gcc/arm-none-eabi/16.1.0/../../../../arm-none-eabi/lib/armv6k/fpu\libsysbase.a(libsysbase_libsysbase_a-dirent.o)
                0x00128a98                readdir_r
 .text.readdir  0x00128b90       0x48 C:/devkitPro/devkitARM/bin/../lib/gcc/arm-none-eabi/16.1.0/../../../../arm-none-eabi/lib/armv6k/fpu\libsysbase.a(libsysbase_libsysbase_a-dirent.o)
                0x00128b90                readdir
 .text._fstat_r
                0x00128bd8       0x9c C:/devkitPro/devkitARM/bin/../lib/gcc/arm-none-eabi/16.1.0/../../../../arm-none-eabi/lib/armv6k/fpu\libsysbase.a(libsysbase_libsysbase_a-fstat.o)
                0x00128bd8                _fstat_r
 .text._getpid_r
                0x00128c74       0x14 C:/devkitPro/devkitARM/bin/../lib/gcc/arm-none-eabi/16.1.0/../../../../arm-none-eabi/lib/armv6k/fpu\libsysbase.a(libsysbase_libsysbase_a-getpid.o)
                0x00128c74                _getpid_r
 .text.__getreent
                0x00128c88       0x2c C:/devkitPro/devkitARM/bin/../lib/gcc/arm-none-eabi/16.1.0/../../../../arm-none-eabi/lib/armv6k/fpu\libsysbase.a(libsysbase_libsysbase_a-getreent.o)
                0x00128c88                __getreent
 .text._gettimeofday_r
                0x00128cb4       0x30 C:/devkitPro/devkitARM/bin/../lib/gcc/arm-none-eabi/16.1.0/../../../../arm-none-eabi/lib/armv6k/fpu\libsysbase.a(libsysbase_libsysbase_a-gettod.o)
                0x00128cb4                _gettimeofday_r
 .text.__release_handle
                0x00128ce4       0xa0 C:/devkitPro/devkitARM/bin/../lib/gcc/arm-none-eabi/16.1.0/../../../../arm-none-eabi/lib/armv6k/fpu\libsysbase.a(libsysbase_libsysbase_a-handle_manager.o)
                0x00128ce4                __release_handle
 .text.__alloc_handle
                0x00128d84       0xb0 C:/devkitPro/devkitARM/bin/../lib/gcc/arm-none-eabi/16.1.0/../../../../arm-none-eabi/lib/armv6k/fpu\libsysbase.a(libsysbase_libsysbase_a-handle_manager.o)
                0x00128d84                __alloc_handle
 .text.__get_handle
                0x00128e34       0x58 C:/devkitPro/devkitARM/bin/../lib/gcc/arm-none-eabi/16.1.0/../../../../arm-none-eabi/lib/armv6k/fpu\libsysbase.a(libsysbase_libsysbase_a-handle_manager.o)
                0x00128e34                __get_handle
 .text._close_r
                0x00128e8c      0x110 C:/devkitPro/devkitARM/bin/../lib/gcc/arm-none-eabi/16.1.0/../../../../arm-none-eabi/lib/armv6k/fpu\libsysbase.a(libsysbase_libsysbase_a-handle_manager.o)
                0x00128e8c                _close_r
 .text.null_write
                0x00128f9c        0x8 C:/devkitPro/devkitARM/bin/../lib/gcc/arm-none-eabi/16.1.0/../../../../arm-none-eabi/lib/armv6k/fpu\libsysbase.a(libsysbase_libsysbase_a-iosupport.o)
 .text.setDefaultDevice
                0x00128fa4       0x18 C:/devkitPro/devkitARM/bin/../lib/gcc/arm-none-eabi/16.1.0/../../../../arm-none-eabi/lib/armv6k/fpu\libsysbase.a(libsysbase_libsysbase_a-iosupport.o)
                0x00128fa4                setDefaultDevice
 .text.FindDevice
                0x00128fbc       0x98 C:/devkitPro/devkitARM/bin/../lib/gcc/arm-none-eabi/16.1.0/../../../../arm-none-eabi/lib/armv6k/fpu\libsysbase.a(libsysbase_libsysbase_a-iosupport.o)
                0x00128fbc                FindDevice
 .text.RemoveDevice
                0x00129054       0x24 C:/devkitPro/devkitARM/bin/../lib/gcc/arm-none-eabi/16.1.0/../../../../arm-none-eabi/lib/armv6k/fpu\libsysbase.a(libsysbase_libsysbase_a-iosupport.o)
                0x00129054                RemoveDevice
 .text.AddDevice
                0x00129078       0x88 C:/devkitPro/devkitARM/bin/../lib/gcc/arm-none-eabi/16.1.0/../../../../arm-none-eabi/lib/armv6k/fpu\libsysbase.a(libsysbase_libsysbase_a-iosupport.o)
                0x00129078                AddDevice
 .text.GetDeviceOpTab
                0x00129100       0x20 C:/devkitPro/devkitARM/bin/../lib/gcc/arm-none-eabi/16.1.0/../../../../arm-none-eabi/lib/armv6k/fpu\libsysbase.a(libsysbase_libsysbase_a-iosupport.o)
                0x00129100                GetDeviceOpTab
 .text._isatty_r
                0x00129120        0x8 C:/devkitPro/devkitARM/bin/../lib/gcc/arm-none-eabi/16.1.0/../../../../arm-none-eabi/lib/armv6k/fpu\libsysbase.a(libsysbase_libsysbase_a-isatty.o)
                0x00129120                _isatty_r
 .text._kill_r  0x00129128       0x14 C:/devkitPro/devkitARM/bin/../lib/gcc/arm-none-eabi/16.1.0/../../../../arm-none-eabi/lib/armv6k/fpu\libsysbase.a(libsysbase_libsysbase_a-kill.o)
                0x00129128                _kill_r
 .text._lseek_r
                0x0012913c       0x94 C:/devkitPro/devkitARM/bin/../lib/gcc/arm-none-eabi/16.1.0/../../../../arm-none-eabi/lib/armv6k/fpu\libsysbase.a(libsysbase_libsysbase_a-lseek.o)
                0x0012913c                _lseek_r
 .text.mkdir    0x001291d0       0x68 C:/devkitPro/devkitARM/bin/../lib/gcc/arm-none-eabi/16.1.0/../../../../arm-none-eabi/lib/armv6k/fpu\libsysbase.a(libsysbase_libsysbase_a-mkdir.o)
                0x001291d0                mkdir
 .text._open_r  0x00129238       0xc0 C:/devkitPro/devkitARM/bin/../lib/gcc/arm-none-eabi/16.1.0/../../../../arm-none-eabi/lib/armv6k/fpu\libsysbase.a(libsysbase_libsysbase_a-open.o)
                0x00129238                _open_r
 .text._read_r  0x001292f8       0x94 C:/devkitPro/devkitARM/bin/../lib/gcc/arm-none-eabi/16.1.0/../../../../arm-none-eabi/lib/armv6k/fpu\libsysbase.a(libsysbase_libsysbase_a-read.o)
                0x001292f8                _read_r
 .text._rmdir_r
                0x0012938c       0x7c C:/devkitPro/devkitARM/bin/../lib/gcc/arm-none-eabi/16.1.0/../../../../arm-none-eabi/lib/armv6k/fpu\libsysbase.a(libsysbase_libsysbase_a-rmdir.o)
                0x0012938c                _rmdir_r
 .text._sbrk_r  0x00129408       0x78 C:/devkitPro/devkitARM/bin/../lib/gcc/arm-none-eabi/16.1.0/../../../../arm-none-eabi/lib/armv6k/fpu\libsysbase.a(libsysbase_libsysbase_a-sbrk.o)
                0x00129408                _sbrk_r
 .text.__libc_lock_acquire
                0x00129480       0x1c C:/devkitPro/devkitARM/bin/../lib/gcc/arm-none-eabi/16.1.0/../../../../arm-none-eabi/lib/armv6k/fpu\libsysbase.a(libsysbase_libsysbase_a-syscall_support.o)
                0x00129480                __libc_lock_acquire
 .text.__libc_lock_release
                0x0012949c       0x1c C:/devkitPro/devkitARM/bin/../lib/gcc/arm-none-eabi/16.1.0/../../../../arm-none-eabi/lib/armv6k/fpu\libsysbase.a(libsysbase_libsysbase_a-syscall_support.o)
                0x0012949c                __libc_lock_release
 .text.__libc_lock_acquire_recursive
                0x001294b8       0x1c C:/devkitPro/devkitARM/bin/../lib/gcc/arm-none-eabi/16.1.0/../../../../arm-none-eabi/lib/armv6k/fpu\libsysbase.a(libsysbase_libsysbase_a-syscall_support.o)
                0x001294b8                __libc_lock_acquire_recursive
 .text.__libc_lock_release_recursive
                0x001294d4       0x1c C:/devkitPro/devkitARM/bin/../lib/gcc/arm-none-eabi/16.1.0/../../../../arm-none-eabi/lib/armv6k/fpu\libsysbase.a(libsysbase_libsysbase_a-syscall_support.o)
                0x001294d4                __libc_lock_release_recursive
 .text._unlink_r
                0x001294f0       0x78 C:/devkitPro/devkitARM/bin/../lib/gcc/arm-none-eabi/16.1.0/../../../../arm-none-eabi/lib/armv6k/fpu\libsysbase.a(libsysbase_libsysbase_a-unlink.o)
                0x001294f0                _unlink_r
 .text._write_r
                0x00129568       0x94 C:/devkitPro/devkitARM/bin/../lib/gcc/arm-none-eabi/16.1.0/../../../../arm-none-eabi/lib/armv6k/fpu\libsysbase.a(libsysbase_libsysbase_a-write.o)
                0x00129568                _write_r
 *(.glue_7)
 .glue_7        0x001295fc        0x0 linker stubs
 *(.glue_7t)
 .glue_7t       0x001295fc        0x0 linker stubs
 *(.stub)
 *(.gnu.warning)
 *(.gnu.linkonce.t*)
                0x001295fc                        . = ALIGN (0x4)
 *(.fini)
 .fini          0x001295fc        0xc C:/devkitPro/devkitARM/bin/../lib/gcc/arm-none-eabi/16.1.0/armv6k/fpu/crti.o
                0x001295fc                _fini
 .fini          0x00129608        0xc C:/devkitPro/devkitARM/bin/../lib/gcc/arm-none-eabi/16.1.0/armv6k/fpu/crtn.o
                0x00129614                        . = ALIGN (0x4)

.vfp11_veneer   0x00129614        0x0
 .vfp11_veneer  0x00129614        0x0 linker stubs

.v4_bx          0x00129614        0x0
 .v4_bx         0x00129614        0x0 linker stubs

.iplt           0x00129614        0x0
 .iplt          0x00129614        0x0 C:/devkitPro/devkitARM/bin/../lib/gcc/arm-none-eabi/16.1.0/../../../../arm-none-eabi/lib/armv6k/fpu/3dsx_crt0.o
                0x0012a000                        . = ALIGN (0x1000)

.rodata         0x0012a000     0x4e7c
 *(.rodata)
 .rodata        0x0012a000      0x198 main.o
 .rodata        0x0012a198        0xc C:/devkitPro/libctru/lib\libctru.a(archive_dev.o)
 *(.roda)
 *(.rodata.*)
 .rodata.str1.4
                0x0012a1a4      0x834 main.o
                                0x539 (size before relaxing)
 .rodata.aptEventHandler
                0x0012a9d8        0xb C:/devkitPro/libctru/lib\libctru.a(apt.o)
 .rodata.aptWaitForWakeUp.isra.0
                0x0012a9e3       0x11 C:/devkitPro/libctru/lib\libctru.a(apt.o)
 .rodata.morton_y.2
                0x0012a9f4        0x8 C:/devkitPro/libctru/lib\libctru.a(apt.o)
 .rodata.morton_x.3
                0x0012a9fc        0x8 C:/devkitPro/libctru/lib\libctru.a(apt.o)
 .rodata.s_sleepWakeEvents.4
                0x0012aa04        0x8 C:/devkitPro/libctru/lib\libctru.a(apt.o)
 .rodata.str1.4
                0x0012aa0c        0x0 C:/devkitPro/libctru/lib\libctru.a(apt.o)
                                 0x16 (size before relaxing)
 .rodata.serviceNameTable.5
                0x0012aa0c        0xc C:/devkitPro/libctru/lib\libctru.a(apt.o)
 .rodata.camInit.str1.4
                0x0012aa18        0x0 C:/devkitPro/libctru/lib\libctru.a(cam.o)
                                  0x6 (size before relaxing)
 .rodata.gspInit.str1.4
                0x0012aa18        0x0 C:/devkitPro/libctru/lib\libctru.a(gspgpu.o)
                                  0x9 (size before relaxing)
 .rodata.hidInit.str1.4
                0x0012aa18        0x0 C:/devkitPro/libctru/lib\libctru.a(hid.o)
                                 0x15 (size before relaxing)
 .rodata.irrstInit.str1.4
                0x0012aa18        0x0 C:/devkitPro/libctru/lib\libctru.a(irrst.o)
                                  0x7 (size before relaxing)
 .rodata.__system_initArgv.str1.4
                0x0012aa18        0x0 C:/devkitPro/libctru/lib\libctru.a(initArgv.o)
                                  0xa (size before relaxing)
 .rodata.srvInit.str1.4
                0x0012aa18        0x0 C:/devkitPro/libctru/lib\libctru.a(srv.o)
                                  0x5 (size before relaxing)
 .rodata.ptmSysmInit.str1.4
                0x0012aa18        0x0 C:/devkitPro/libctru/lib\libctru.a(ptmsysm.o)
                                  0x9 (size before relaxing)
 .rodata.archive_utf16path.str1.4
                0x0012aa18        0x0 C:/devkitPro/libctru/lib\libctru.a(archive_dev.o)
                                  0x2 (size before relaxing)
 .rodata._archiveUnmountDeviceStruct.part.0.str1.4
                0x0012aa18        0x0 C:/devkitPro/libctru/lib\libctru.a(archive_dev.o)
                                  0x2 (size before relaxing)
 .rodata._archiveMountDevice.str1.4
                0x0012aa18        0x0 C:/devkitPro/libctru/lib\libctru.a(archive_dev.o)
                                  0xc (size before relaxing)
 .rodata.archiveMountSdmc.str1.4
                0x0012aa18        0x0 C:/devkitPro/libctru/lib\libctru.a(archive_dev.o)
                                  0x5 (size before relaxing)
 .rodata.error_table
                0x0012aa18       0x30 C:/devkitPro/libctru/lib\libctru.a(archive_dev.o)
 .rodata.str1.4
                0x0012aa48        0x0 C:/devkitPro/libctru/lib\libctru.a(archive_dev.o)
                                  0x8 (size before relaxing)
 .rodata.archive_devoptab
                0x0012aa48       0x80 C:/devkitPro/libctru/lib\libctru.a(archive_dev.o)
 .rodata.fsInit.str1.4
                0x0012aac8        0x0 C:/devkitPro/libctru/lib\libctru.a(fs.o)
                                  0x8 (size before relaxing)
 .rodata.get_arg
                0x0012aac8       0x34 C:/devkitPro/devkitARM/bin/../lib/gcc/arm-none-eabi/16.1.0/../../../../arm-none-eabi/lib/armv6k/fpu\libg.a(libc_a-svfprintf.o)
 .rodata._svfprintf_r.str1.1
                0x0012aafc       0x40 C:/devkitPro/devkitARM/bin/../lib/gcc/arm-none-eabi/16.1.0/../../../../arm-none-eabi/lib/armv6k/fpu\libg.a(libc_a-svfprintf.o)
                                 0x3b (size before relaxing)
 .rodata._svfprintf_r
                0x0012ab3c       0xb6 C:/devkitPro/devkitARM/bin/../lib/gcc/arm-none-eabi/16.1.0/../../../../arm-none-eabi/lib/armv6k/fpu\libg.a(libc_a-svfprintf.o)
 *fill*         0x0012abf2        0x2 
 .rodata.zeroes.0
                0x0012abf4       0x10 C:/devkitPro/devkitARM/bin/../lib/gcc/arm-none-eabi/16.1.0/../../../../arm-none-eabi/lib/armv6k/fpu\libg.a(libc_a-svfprintf.o)
 .rodata.blanks.1
                0x0012ac04       0x10 C:/devkitPro/devkitARM/bin/../lib/gcc/arm-none-eabi/16.1.0/../../../../arm-none-eabi/lib/armv6k/fpu\libg.a(libc_a-svfprintf.o)
 .rodata._ctype_
                0x0012ac14      0x101 C:/devkitPro/devkitARM/bin/../lib/gcc/arm-none-eabi/16.1.0/../../../../arm-none-eabi/lib/armv6k/fpu\libg.a(libc_a-ctype_.o)
                0x0012ac14                _ctype_
 *fill*         0x0012ad15        0x1 
 .rodata.get_arg