Archive member included to satisfy reference by file (symbol)

C:/devkitPro/libctru/lib\libctru.a(gfx.o)
                              main.o (gfxSet3D)
C:/devkitPro/libctru/lib\libctru.a(apt.o)
                              main.o (aptMainLoop)
C:/devkitPro/libctru/lib\libctru.a(cam.o)
                              main.o (camInit)
C:/devkitPro/libctru/lib\libctru.a(gspgpu.o)
                              C:/devkitPro/libctru/lib\libctru.a(gfx.o) (gspInit)
C:/devkitPro/libctru/lib\libctru.a(hid.o)
                              main.o (hidScanInput)
C:/devkitPro/libctru/lib\libctru.a(irrst.o)
                              C:/devkitPro/libctru/lib\libctru.a(hid.o) (irrstInit)
C:/devkitPro/libctru/lib\libctru.a(ctru_init.o)
                              C:/devkitPro/libctru/lib\libctru.a(apt.o) (__system_retAddr)
C:/devkitPro/libctru/lib\libctru.a(initArgv.o)
                              C:/devkitPro/libctru/lib\libctru.a(ctru_init.o) (__system_initArgv)
C:/devkitPro/libctru/lib\libctru.a(syscalls.o)
                              C:/devkitPro/libctru/lib\libctru.a(ctru_init.o) (__system_initSyscalls)
C:/devkitPro/libctru/lib\libctru.a(svc.o)
                              main.o (svcSleepThread)
C:/devkitPro/libctru/lib\libctru.a(stack_adjust.o)
                              C:/devkitPro/devkitARM/bin/../lib/gcc/arm-none-eabi/16.1.0/../../../../arm-none-eabi/lib/armv6k/fpu/3dsx_crt0.o (initSystem)
C:/devkitPro/libctru/lib\libctru.a(linear.o)
                              C:/devkitPro/libctru/lib\libctru.a(gfx.o) (linearAlloc)
C:/devkitPro/libctru/lib\libctru.a(mem_pool.o)
                              C:/devkitPro/libctru/lib\libctru.a(linear.o) (MemPool::Allocate(MemChunk&, unsigned long, int))
C:/devkitPro/libctru/lib\libctru.a(vram.o)
                              C:/devkitPro/libctru/lib\libctru.a(gfx.o) (vramAlloc)
C:/devkitPro/libctru/lib\libctru.a(3dslink.o)
                              C:/devkitPro/libctru/lib\libctru.a(initArgv.o) (__3dslink_host)
C:/devkitPro/libctru/lib\libctru.a(env.o)
                              C:/devkitPro/libctru/lib\libctru.a(irrst.o) (envGetHandle)
C:/devkitPro/libctru/lib\libctru.a(os.o)
                              C:/devkitPro/libctru/lib\libctru.a(syscalls.o) (osGetTime)
C:/devkitPro/libctru/lib\libctru.a(srv.o)
                              C:/devkitPro/libctru/lib\libctru.a(apt.o) (srvInit)
C:/devkitPro/libctru/lib\libctru.a(synchronization.o)
                              C:/devkitPro/libctru/lib\libctru.a(ctru_init.o) (__sync_init)
C:/devkitPro/libctru/lib\libctru.a(thread.o)
                              C:/devkitPro/libctru/lib\libctru.a(apt.o) (threadCreate)
C:/devkitPro/libctru/lib\libctru.a(mappable.o)
                              C:/devkitPro/libctru/lib\libctru.a(apt.o) (mappableAlloc)
C:/devkitPro/libctru/lib\libctru.a(ptmsysm.o)
                              C:/devkitPro/libctru/lib\libctru.a(os.o) (ptmSysmInit)
C:/devkitPro/libctru/lib\libctru.a(srvpm.o)
                              C:/devkitPro/libctru/lib\libctru.a(srv.o) (srvPmGetSessionHandle)
C:/devkitPro/libctru/lib\libctru.a(soc_connect.o)
                              C:/devkitPro/libctru/lib\libctru.a(3dslink.o) (connect)
C:/devkitPro/libctru/lib\libctru.a(soc_socket.o)
                              C:/devkitPro/libctru/lib\libctru.a(3dslink.o) (socket)
C:/devkitPro/libctru/lib\libctru.a(rbtree_find.o)
                              C:/devkitPro/libctru/lib\libctru.a(linear.o) (rbtree_find)
C:/devkitPro/libctru/lib\libctru.a(rbtree_init.o)
                              C:/devkitPro/libctru/lib\libctru.a(linear.o) (rbtree_init)
C:/devkitPro/libctru/lib\libctru.a(rbtree_insert.o)
                              C:/devkitPro/libctru/lib\libctru.a(linear.o) (rbtree_insert)
C:/devkitPro/libctru/lib\libctru.a(rbtree_remove.o)
                              C:/devkitPro/libctru/lib\libctru.a(linear.o) (rbtree_remove)
C:/devkitPro/libctru/lib\libctru.a(rbtree_rotate.o)
                              C:/devkitPro/libctru/lib\libctru.a(rbtree_insert.o) (rbtree_rotate)
C:/devkitPro/libctru/lib\libctru.a(allocateHeaps.o)
                              C:/devkitPro/libctru/lib\libctru.a(ctru_init.o) (__system_allocateHeaps)
C:/devkitPro/libctru/lib\libctru.a(appExit.o)
                              C:/devkitPro/libctru/lib\libctru.a(stack_adjust.o) (__appExit)
C:/devkitPro/libctru/lib\libctru.a(appInit.o)
                              C:/devkitPro/libctru/lib\libctru.a(stack_adjust.o) (__appInit)
C:/devkitPro/libctru/lib\libctru.a(ctru_exit.o)
                              C:/devkitPro/libctru/lib\libctru.a(stack_adjust.o) (__libctru_exit)
C:/devkitPro/libctru/lib\libctru.a(archive_dev.o)
                              C:/devkitPro/libctru/lib\libctru.a(appInit.o) (archiveMountSdmc)
C:/devkitPro/libctru/lib\libctru.a(path_buf.o)
                              C:/devkitPro/libctru/lib\libctru.a(archive_dev.o) (__ctru_dev_utf16_buf)
[...]
Memory Configuration

Name             Origin             Length             Attributes
*default*        0x00000000         0xffffffff

Linker script and memory map

                0x00000000                        __sync_synchronize = __sync_synchronize_dmb
                0x00100000                        PROVIDE (__start__ = 0x100000)
                0x00100000                        . = __start__

.text           0x00100000    0x28274
 *(.crt0)
 .crt0          0x00100000       0x94 C:/devkitPro/devkitARM/bin/../lib/gcc/arm-none-eabi/16.1.0/../../../../arm-none-eabi/lib/armv6k/fpu/3dsx_crt0.o
                0x00100000                _start
                0x00100008                __service_ptr
                0x0010000c                __apt_appid
                0x00100010                __heap_size
                0x00100014                __linear_heap_size
                0x00100018                __system_arglist
                0x0010001c                __system_runflags
 *(.init)
 .init          0x00100094        0xc C:/devkitPro/devkitARM/bin/../lib/gcc/arm-none-eabi/16.1.0/armv6k/fpu/crti.o
                0x00100094                _init
 .init          0x001000a0        0xc C:/devkitPro/devkitARM/bin/../lib/gcc/arm-none-eabi/16.1.0/armv6k/fpu/crtn.o
                0x001000ac                        . = ALIGN (0x4)
 *(.text)
 .text          0x001000ac      0x240 C:/devkitPro/devkitARM/bin/../lib/gcc/arm-none-eabi/16.1.0/armv6k/fpu\libgcc.a(_divsi3.o)
                0x001000ac                __divsi3
                0x001000ac                __aeabi_idiv
                0x001002cc                __aeabi_idivmod
 .text          0x001002ec        0x4 C:/devkitPro/devkitARM/bin/../lib/gcc/arm-none-eabi/16.1.0/armv6k/fpu\libgcc.a(_dvmd_tls.o)
                0x001002ec                __aeabi_idiv0
                0x001002ec                __aeabi_ldiv0
 .text          0x001002f0       0xd4 C:/devkitPro/devkitARM/bin/../lib/gcc/arm-none-eabi/16.1.0/armv6k/fpu\libgcc.a(_aeabi_ldivmod.o)
                0x001002f0                __aeabi_ldivmod
 .text          0x001003c4       0x3c C:/devkitPro/devkitARM/bin/../lib/gcc/arm-none-eabi/16.1.0/armv6k/fpu\libgcc.a(_aeabi_uldivmod.o)
                0x001003c4                __aeabi_uldivmod
 .text          0x00100400      0x390 C:/devkitPro/devkitARM/bin/../lib/gcc/arm-none-eabi/16.1.0/../../../../arm-none-eabi/lib/armv6k/fpu\libg.a(libc_a-strcmp.o)
                0x00100408                strcmp
 .text          0x00100790      0x20c C:/devkitPro/devkitARM/bin/../lib/gcc/arm-none-eabi/16.1.0/armv6k/fpu\libgcc.a(_udivsi3.o)
                0x00100790                __aeabi_uidiv
                0x00100790                __udivsi3
                0x0010097c                __aeabi_uidivmod
 .text          0x0010099c      0x3c0 C:/devkitPro/devkitARM/bin/../lib/gcc/arm-none-eabi/16.1.0/armv6k/fpu\libgcc.a(_arm_addsubdf3.o)
                0x0010099c                __aeabi_drsub
                0x001009a4                __aeabi_dsub
                0x001009a4                __subdf3
                0x001009a8                __aeabi_dadd
                0x001009a8                __adddf3
                0x00100c54                __floatunsidf
                0x00100c54                __aeabi_ui2d
                0x00100c78                __floatsidf
                0x00100c78                __aeabi_i2d
                0x00100ca0                __aeabi_f2d
                0x00100ca0                __extendsfdf2
                0x00100ce8                __floatundidf
                0x00100ce8                __aeabi_ul2d
                0x00100cfc                __floatdidf
                0x00100cfc                __aeabi_l2d
 *(.text.*)
 .text.__do_global_dtors_aux
                0x00100d5c       0x50 C:/devkitPro/devkitARM/bin/../lib/gcc/arm-none-eabi/16.1.0/armv6k/fpu/crtbegin.o
 .text.frame_dummy
                0x00100dac       0x2c C:/devkitPro/devkitARM/bin/../lib/gcc/arm-none-eabi/16.1.0/armv6k/fpu/crtbegin.o
 .text.drawFrame
                0x00100dd8       0x68 main.o
 .text.refreshGallery
                0x00100e40      0x11c main.o
 .text.saveSettings
                0x00100f5c       0xb8 main.o
 .text.nowClock
                0x00101014       0x84 main.o
 .text.saveCcp  0x00101098       0xb0 main.o
 .text.saveBmpScaled
                0x00101148      0x1a4 main.o
 .text.filterFrame
                0x001012ec      0x4a4 main.o
 .text.stampDate
                0x00101790      0x130 main.o
 .text.setupCamera
                0x001018c0      0x180 main.o
 .text.saveShot
                0x00101a40      0x290 main.o
 .text.fbText.constprop.0
                0x00101cd0      0x360 main.o
 .text.fbRect.constprop.0
                0x00102030      0x104 main.o
 .text.drawBottom
                0x00102134      0x34c main.o
 .text.startup.main
                0x00102480     0x1084 main.o
                0x00102480                main
 .text.gfxPresentFramebuffer
                0x00103504       0xcc C:/devkitPro/libctru/lib\libctru.a(gfx.o)
 .text.gfxSet3D
                0x001035d0       0x10 C:/devkitPro/libctru/lib\libctru.a(gfx.o)
                0x001035d0                gfxSet3D
 .text.gfxSetScreenFormat
                0x001035e0       0xf8 C:/devkitPro/libctru/lib\libctru.a(gfx.o)
                0x001035e0                gfxSetScreenFormat
 .text.gfxSetDoubleBuffering
                0x001036d8       0x10 C:/devkitPro/libctru/lib\libctru.a(gfx.o)
                0x001036d8                gfxSetDoubleBuffering
 .text.gfxInit  0x001036e8       0xd8 C:/devkitPro/libctru/lib\libctru.a(gfx.o)
                0x001036e8                gfxInit
 .text.gfxInitDefault
                0x001037c0       0x10 C:/devkitPro/libctru/lib\libctru.a(gfx.o)
                0x001037c0                gfxInitDefault
 .text.gfxExit  0x001037d0       0xb8 C:/devkitPro/libctru/lib\libctru.a(gfx.o)
                0x001037d0                gfxExit
 .text.gfxGetFramebuffer
                0x00103888       0xa0 C:/devkitPro/libctru/lib\libctru.a(gfx.o)
                0x00103888                gfxGetFramebuffer
 .text.gfxFlushBuffers
                0x00103928      0x100 C:/devkitPro/libctru/lib\libctru.a(gfx.o)
                0x00103928                gfxFlushBuffers
 .text.gfxScreenSwapBuffers
                0x00103a28       0x28 C:/devkitPro/libctru/lib\libctru.a(gfx.o)
                0x00103a28                gfxScreenSwapBuffers
 .text.aptConvertScreenForCapture
                0x00103a50      0x180 C:/devkitPro/libctru/lib\libctru.a(apt.o)
 .text.aptDspSleep
                0x00103bd0        0x8 C:/devkitPro/libctru/lib\libctru.a(apt.o)
                0x00103bd0                aptDspSleep
 .text.aptDspWakeup
                0x00103bd8        0x4 C:/devkitPro/libctru/lib\libctru.a(apt.o)
                0x00103bd8                aptDspWakeup
 .text.aptDspCancel
                0x00103bdc        0x4 C:/devkitPro/libctru/lib\libctru.a(apt.o)
                0x00103bdc                aptDspCancel
 .text.aptSendCommand
                0x00103be0      0x138 C:/devkitPro/libctru/lib\libctru.a(apt.o)
                0x00103be0                aptSendCommand
 .text.aptExitProcess
                0x00103d18       0x44 C:/devkitPro/libctru/lib\libctru.a(apt.o)
 .text.aptExit  0x00103d5c      0x394 C:/devkitPro/libctru/lib\libctru.a(apt.o)
                0x00103d5c                aptExit
 .text.aptHandleSleep
                0x001040f0       0xd8 C:/devkitPro/libctru/lib\libctru.a(apt.o)
                0x001040f0                aptHandleSleep
 .text.APT_SleepIfShellClosed
                0x001041c8       0x84 C:/devkitPro/libctru/lib\libctru.a(apt.o)
                0x001041c8                APT_SleepIfShellClosed
 .text.aptSetSleepAllowed
                0x0010424c       0x78 C:/devkitPro/libctru/lib\libctru.a(apt.o)
                0x0010424c                aptSetSleepAllowed
 .text.APT_UnlockTransition
                0x001042c4       0x84 C:/devkitPro/libctru/lib\libctru.a(apt.o)
                0x001042c4                APT_UnlockTransition
 .text.aptEventHandler
                0x00104348      0x470 C:/devkitPro/libctru/lib\libctru.a(apt.o)
 .text.APT_ReceiveParameter
                0x001047b8       0xbc C:/devkitPro/libctru/lib\libctru.a(apt.o)
                0x001047b8                APT_ReceiveParameter
 .text.aptReceiveParameter.constprop.0
                0x00104874       0xb0 C:/devkitPro/libctru/lib\libctru.a(apt.o)
 *fill*         0x00104924        0x4 
 .text.aptScreenTransfer
                0x00104928      0x294 C:/devkitPro/libctru/lib\libctru.a(apt.o)
 .text.aptWaitForWakeUp.isra.0
                0x00104bbc      0x2d0 C:/devkitPro/libctru/lib\libctru.a(apt.o)
 .text.aptJumpToHomeMenu
                0x00104e8c       0xf4 C:/devkitPro/libctru/lib\libctru.a(apt.o)
                0x00104e8c                aptJumpToHomeMenu
 .text.aptMainLoop
                0x00104f80       0x58 C:/devkitPro/libctru/lib\libctru.a(apt.o)
                0x00104f80                aptMainLoop
 .text.aptInit  0x00104fd8      0x240 C:/devkitPro/libctru/lib\libctru.a(apt.o)
                0x00104fd8                aptInit
 .text.APT_CheckNew3DS
                0x00105218       0x90 C:/devkitPro/libctru/lib\libctru.a(apt.o)
                0x00105218                APT_CheckNew3DS
 .text.camInit  0x001052a8       0xe0 C:/devkitPro/libctru/lib\libctru.a(cam.o)
                0x001052a8                camInit
 .text.camExit  0x00105388       0x5c C:/devkitPro/libctru/lib\libctru.a(cam.o)
                0x00105388                camExit
 .text.CAMU_StartCapture
                0x001053e4       0x34 C:/devkitPro/libctru/lib\libctru.a(cam.o)
                0x001053e4                CAMU_StartCapture
 .text.CAMU_StopCapture
                0x00105418       0x34 C:/devkitPro/libctru/lib\libctru.a(cam.o)
                0x00105418                CAMU_StopCapture
 .text.CAMU_ClearBuffer
                0x0010544c       0x34 C:/devkitPro/libctru/lib\libctru.a(cam.o)
                0x0010544c                CAMU_ClearBuffer
 .text.CAMU_GetBufferErrorInterruptEvent
                0x00105480       0x40 C:/devkitPro/libctru/lib\libctru.a(cam.o)
                0x00105480                CAMU_GetBufferErrorInterruptEvent
 .text.CAMU_SetReceiving
                0x001054c0       0x60 C:/devkitPro/libctru/lib\libctru.a(cam.o)
                0x001054c0                CAMU_SetReceiving
 .text.CAMU_SetTransferBytes
                0x00105520       0x3c C:/devkitPro/libctru/lib\libctru.a(cam.o)
                0x00105520                CAMU_SetTransferBytes
 .text.CAMU_GetMaxBytes
                0x0010555c       0x44 C:/devkitPro/libctru/lib\libctru.a(cam.o)
                0x0010555c                CAMU_GetMaxBytes
 .text.CAMU_SetTrimming
                0x001055a0       0x38 C:/devkitPro/libctru/lib\libctru.a(cam.o)
                0x001055a0                CAMU_SetTrimming
 .text.CAMU_Activate
                0x001055d8       0x34 C:/devkitPro/libctru/lib\libctru.a(cam.o)
                0x001055d8                CAMU_Activate
 .text.CAMU_SetAutoExposure
                0x0010560c       0x38 C:/devkitPro/libctru/lib\libctru.a(cam.o)
                0x0010560c                CAMU_SetAutoExposure
 .text.CAMU_SetAutoWhiteBalance
                0x00105644       0x38 C:/devkitPro/libctru/lib\libctru.a(cam.o)
                0x00105644                CAMU_SetAutoWhiteBalance
 .text.CAMU_SetSize
                0x0010567c       0x40 C:/devkitPro/libctru/lib\libctru.a(cam.o)
                0x0010567c                CAMU_SetSize
 .text.CAMU_SetFrameRate
                0x001056bc       0x38 C:/devkitPro/libctru/lib\libctru.a(cam.o)
                0x001056bc                CAMU_SetFrameRate
 .text.CAMU_SetOutputFormat
                0x001056f4       0x40 C:/devkitPro/libctru/lib\libctru.a(cam.o)
                0x001056f4                CAMU_SetOutputFormat
 .text.CAMU_SetNoiseFilter
                0x00105734       0x38 C:/devkitPro/libctru/lib\libctru.a(cam.o)
                0x00105734                CAMU_SetNoiseFilter
 .text.CAMU_SynchronizeVsyncTiming
                0x0010576c       0x38 C:/devkitPro/libctru/lib\libctru.a(cam.o)
                0x0010576c                CAMU_SynchronizeVsyncTiming
 .text.CAMU_PlayShutterSound
                0x001057a4       0x34 C:/devkitPro/libctru/lib\libctru.a(cam.o)
                0x001057a4                CAMU_PlayShutterSound
 .text.gspHardwareInit
                0x001057d8      0xc70 C:/devkitPro/libctru/lib\libctru.a(gspgpu.o)
 .text.gspInit  0x00106448      0x288 C:/devkitPro/libctru/lib\libctru.a(gspgpu.o)
                0x00106448                gspInit
 .text.gspExit  0x001066d0      0x104 C:/devkitPro/libctru/lib\libctru.a(gspgpu.o)
                0x001066d0                gspExit
 .text.gspHasGpuRight
                0x001067d4       0x10 C:/devkitPro/libctru/lib\libctru.a(gspgpu.o)
                0x001067d4                gspHasGpuRight
 .text.gspPresentBuffer
                0x001067e4       0xa4 C:/devkitPro/libctru/lib\libctru.a(gspgpu.o)
                0x001067e4                gspPresentBuffer
 .text.gspWaitForEvent
                0x00106888       0x50 C:/devkitPro/libctru/lib\libctru.a(gspgpu.o)
                0x00106888                gspWaitForEvent
 .text.gxCmdQueueInterrupt
                0x001068d8        0x4 C:/devkitPro/libctru/lib\libctru.a(gspgpu.o)
                0x001068d8                gxCmdQueueInterrupt
 .text.gspEventThreadMain
                0x001068dc      0x154 C:/devkitPro/libctru/lib\libctru.a(gspgpu.o)
 .text.GSPGPU_FlushDataCache
                0x00106a30       0x50 C:/devkitPro/libctru/lib\libctru.a(gspgpu.o)
                0x00106a30                GSPGPU_FlushDataCache
 .text.GSPGPU_SetLcdForceBlack
                0x00106a80       0x34 C:/devkitPro/libctru/lib\libctru.a(gspgpu.o)
                0x00106a80                GSPGPU_SetLcdForceBlack
 .text.GSPGPU_AcquireRight
                0x00106ab4       0x84 C:/devkitPro/libctru/lib\libctru.a(gspgpu.o)
                0x00106ab4                GSPGPU_AcquireRight
 .text.GSPGPU_ReleaseRight
                0x00106b38       0x64 C:/devkitPro/libctru/lib\libctru.a(gspgpu.o)
                0x00106b38                GSPGPU_ReleaseRight
 .text.GSPGPU_ImportDisplayCaptureInfo
                0x00106b9c       0x7c C:/devkitPro/libctru/lib\libctru.a(gspgpu.o)
                0x00106b9c                GSPGPU_ImportDisplayCaptureInfo
 .text.GSPGPU_SaveVramSysArea
                0x00106c18       0x2c C:/devkitPro/libctru/lib\libctru.a(gspgpu.o)
                0x00106c18                GSPGPU_SaveVramSysArea
 .text.GSPGPU_RestoreVramSysArea
                0x00106c44       0x2c C:/devkitPro/libctru/lib\libctru.a(gspgpu.o)
                0x00106c44                GSPGPU_RestoreVramSysArea
 .text.hidShouldUseIrrst
                0x00106c70       0x24 C:/devkitPro/libctru/lib\libctru.a(hid.o)
                0x00106c70                hidShouldUseIrrst
 .text.hidInit  0x00106c94      0x1cc C:/devkitPro/libctru/lib\libctru.a(hid.o)
                0x00106c94                hidInit
 .text.hidExit  0x00106e60       0xe8 C:/devkitPro/libctru/lib\libctru.a(hid.o)
                0x00106e60                hidExit
 .text.hidScanInput
                0x00106f48      0x2a0 C:/devkitPro/libctru/lib\libctru.a(hid.o)
                0x00106f48                hidScanInput
 .text.hidKeysDown
                0x001071e8       0x10 C:/devkitPro/libctru/lib\libctru.a(hid.o)
                0x001071e8                hidKeysDown
 .text.irrstInit
                0x001071f8      0x1a4 C:/devkitPro/libctru/lib\libctru.a(irrst.o)
                0x001071f8                irrstInit
 .text.irrstExit
                0x0010739c       0xdc C:/devkitPro/libctru/lib\libctru.a(irrst.o)
                0x0010739c                irrstExit
 .text.irrstScanInput
                0x00107478       0xb4 C:/devkitPro/libctru/lib\libctru.a(irrst.o)
                0x00107478                irrstScanInput
 .text.irrstKeysHeld
                0x0010752c       0x24 C:/devkitPro/libctru/lib\libctru.a(irrst.o)
                0x0010752c                irrstKeysHeld
 .text.__libctru_init
                0x00107550       0x38 C:/devkitPro/libctru/lib\libctru.a(ctru_init.o)
                0x00107550                __libctru_init
 .text.__system_initArgv
                0x00107588      0x16c C:/devkitPro/libctru/lib\libctru.a(initArgv.o)
                0x00107588                __system_initArgv
 .text.__syscall_getreent
                0x001076f4       0x30 C:/devkitPro/libctru/lib\libctru.a(syscalls.o)
                0x001076f4                __syscall_getreent
 .text.__syscall_gettod_r
                0x00107724       0x64 C:/devkitPro/libctru/lib\libctru.a(syscalls.o)
                0x00107724                __syscall_gettod_r
 .text.__syscall_lock_acquire
                0x00107788        0x4 C:/devkitPro/libctru/lib\libctru.a(syscalls.o)
                0x00107788                __syscall_lock_acquire
 .text.__syscall_lock_release
                0x0010778c        0x4 C:/devkitPro/libctru/lib\libctru.a(syscalls.o)
                0x0010778c                __syscall_lock_release
 .text.__syscall_lock_acquire_recursive
                0x00107790        0x4 C:/devkitPro/libctru/lib\libctru.a(syscalls.o)
                0x00107790                __syscall_lock_acquire_recursive
 .text.__syscall_lock_release_recursive
                0x00107794        0x4 C:/devkitPro/libctru/lib\libctru.a(syscalls.o)
                0x00107794                __syscall_lock_release_recursive
 .text.__syscall_exit
                0x00107798        0x4 C:/devkitPro/libctru/lib\libctru.a(syscalls.o)
                0x00107798                __syscall_exit
 .text.initThreadVars
                0x0010779c       0x54 C:/devkitPro/libctru/lib\libctru.a(syscalls.o)
                0x0010779c                initThreadVars
 .text.__system_initSyscalls
                0x001077f0       0x80 C:/devkitPro/libctru/lib\libctru.a(syscalls.o)
                0x001077f0                __system_initSyscalls
 .text.svcControlMemory
                0x00107870       0x20 C:/devkitPro/libctru/lib\libctru.a(svc.o)
                0x00107870                svcControlMemory
 .text.svcQueryMemory
                0x00107890       0x30 C:/devkitPro/libctru/lib\libctru.a(svc.o)
                0x00107890                svcQueryMemory
 .text.svcExitProcess
                0x001078c0        0x8 C:/devkitPro/libctru/lib\libctru.a(svc.o)
                0x001078c0                svcExitProcess
 .text.svcCreateThread
                0x001078c8       0x20 C:/devkitPro/libctru/lib\libctru.a(svc.o)
                0x001078c8                svcCreateThread
 .text.svcExitThread
                0x001078e8        0x8 C:/devkitPro/libctru/lib\libctru.a(svc.o)
                0x001078e8                svcExitThread
 .text.svcSleepThread
                0x001078f0        0x8 C:/devkitPro/libctru/lib\libctru.a(svc.o)
                0x001078f0                svcSleepThread
 .text.svcReleaseMutex
                0x001078f8        0x8 C:/devkitPro/libctru/lib\libctru.a(svc.o)
                0x001078f8                svcReleaseMutex
 .text.svcCreateEvent
                0x00107900       0x14 C:/devkitPro/libctru/lib\libctru.a(svc.o)
                0x00107900                svcCreateEvent
 .text.svcSignalEvent
                0x00107914        0x8 C:/devkitPro/libctru/lib\libctru.a(svc.o)
                0x00107914                svcSignalEvent
 .text.svcClearEvent
                0x0010791c        0x8 C:/devkitPro/libctru/lib\libctru.a(svc.o)
                0x0010791c                svcClearEvent
 .text.svcMapMemoryBlock
                0x00107924        0x8 C:/devkitPro/libctru/lib\libctru.a(svc.o)
                0x00107924                svcMapMemoryBlock
 .text.svcUnmapMemoryBlock
                0x0010792c        0x8 C:/devkitPro/libctru/lib\libctru.a(svc.o)
                0x0010792c                svcUnmapMemoryBlock
 .text.svcCreateAddressArbiter
                0x00107934       0x14 C:/devkitPro/libctru/lib\libctru.a(svc.o)
                0x00107934                svcCreateAddressArbiter
 .text.svcArbitrateAddressNoTimeout
                0x00107948        0x8 C:/devkitPro/libctru/lib\libctru.a(svc.o)
                0x00107948                svcArbitrateAddressNoTimeout
 .text.svcCloseHandle
                0x00107950        0x8 C:/devkitPro/libctru/lib\libctru.a(svc.o)
                0x00107950                svcCloseHandle
 .text.svcWaitSynchronization
                0x00107958        0x8 C:/devkitPro/libctru/lib\libctru.a(svc.o)
                0x00107958                svcWaitSynchronization
 .text.svcWaitSynchronizationN
                0x00107960       0x28 C:/devkitPro/libctru/lib\libctru.a(svc.o)
                0x00107960                svcWaitSynchronizationN
 .text.svcDuplicateHandle
                0x00107988       0x14 C:/devkitPro/libctru/lib\libctru.a(svc.o)
                0x00107988                svcDuplicateHandle
 .text.svcGetSystemTick
                0x0010799c        0x8 C:/devkitPro/libctru/lib\libctru.a(svc.o)
                0x0010799c                svcGetSystemTick
 .text.svcConnectToPort
                0x001079a4       0x14 C:/devkitPro/libctru/lib\libctru.a(svc.o)
                0x001079a4                svcConnectToPort
 .text.svcSendSyncRequest
                0x001079b8        0x8 C:/devkitPro/libctru/lib\libctru.a(svc.o)
                0x001079b8                svcSendSyncRequest
 .text.svcGetResourceLimit
                0x001079c0       0x14 C:/devkitPro/libctru/lib\libctru.a(svc.o)
                0x001079c0                svcGetResourceLimit
 .text.svcGetResourceLimitLimitValues
                0x001079d4        0x8 C:/devkitPro/libctru/lib\libctru.a(svc.o)
                0x001079d4                svcGetResourceLimitLimitValues
 .text.svcGetResourceLimitCurrentValues
                0x001079dc        0x8 C:/devkitPro/libctru/lib\libctru.a(svc.o)
                0x001079dc                svcGetResourceLimitCurrentValues
 .text.svcBreak
                0x001079e4        0x8 C:/devkitPro/libctru/lib\libctru.a(svc.o)
                0x001079e4                svcBreak
 .text.initSystem
                0x001079ec       0x50 C:/devkitPro/libctru/lib\libctru.a(stack_adjust.o)
                0x001079ec                initSystem
 .text.__ctru_exit
                0x00107a3c       0x14 C:/devkitPro/libctru/lib\libctru.a(stack_adjust.o)
                0x00107a3c                __ctru_exit
 .text._ZL21addrMapNodeComparatorPK11rbtree_nodeS1_
                0x00107a50       0x24 C:/devkitPro/libctru/lib\libctru.a(linear.o)
 .text._ZL21addrMapNodeDestructorP11rbtree_node
                0x00107a74        0x4 C:/devkitPro/libctru/lib\libctru.a(linear.o)
 .text.linearMemAlign
                0x00107a78      0x12c C:/devkitPro/libctru/lib\libctru.a(linear.o)
                0x00107a78                linearMemAlign
 .text.linearAlloc
                0x00107ba4        0x8 C:/devkitPro/libctru/lib\libctru.a(linear.o)
                0x00107ba4                linearAlloc
 .text.linearFree
                0x00107bac       0x5c C:/devkitPro/libctru/lib\libctru.a(linear.o)
                0x00107bac                linearFree
 .text._ZN7MemPool13CoalesceRightEP8MemBlock
                0x00107c08       0x88 C:/devkitPro/libctru/lib\libctru.a(mem_pool.o)
                0x00107c08                MemPool::CoalesceRight(MemBlock*)
 .text._ZN7MemPool8AllocateER8MemChunkmi
                0x00107c90      0x178 C:/devkitPro/libctru/lib\libctru.a(mem_pool.o)
                0x00107c90                MemPool::Allocate(MemChunk&, unsigned long, int)
 .text._ZN7MemPool10DeallocateERK8MemChunk
                0x00107e08      0x118 C:/devkitPro/libctru/lib\libctru.a(mem_pool.o)
                0x00107e08                MemPool::Deallocate(MemChunk const&)
 .text._ZN7MemPool12GetFreeSpaceEv
                0x00107f20       0x30 C:/devkitPro/libctru/lib\libctru.a(mem_pool.o)
                0x00107f20                MemPool::GetFreeSpace()
 .text._ZL21addrMapNodeComparatorPK11rbtree_nodeS1_
                0x00107f50       0x24 C:/devkitPro/libctru/lib\libctru.a(vram.o)
 .text._ZL21addrMapNodeDestructorP11rbtree_node
                0x00107f74        0x4 C:/devkitPro/libctru/lib\libctru.a(vram.o)
 .text.vramMemAlignAt
                0x00107f78      0x248 C:/devkitPro/libctru/lib\libctru.a(vram.o)
                0x00107f78                vramMemAlignAt
 .text.vramAlloc
                0x001081c0        0xc C:/devkitPro/libctru/lib\libctru.a(vram.o)
                0x001081c0                vramAlloc
 .text.vramFree
                0x001081cc       0x94 C:/devkitPro/libctru/lib\libctru.a(vram.o)
                0x001081cc                vramFree
 .text.envGetHandle
                0x00108260       0x8c C:/devkitPro/libctru/lib\libctru.a(env.o)
                0x00108260                envGetHandle
 .text.envDestroyHandles
                0x001082ec       0x50 C:/devkitPro/libctru/lib\libctru.a(env.o)
                0x001082ec                envDestroyHandles
 .text.osGetTimeRef
                0x0010833c       0x54 C:/devkitPro/libctru/lib\libctru.a(os.o)
                0x0010833c                osGetTimeRef
 .text.osGetTime
                0x00108390       0xec C:/devkitPro/libctru/lib\libctru.a(os.o)
                0x00108390                osGetTime
 .text.__ctru_speedup_config
                0x0010847c       0x34 C:/devkitPro/libctru/lib\libctru.a(os.o)
                0x0010847c                __ctru_speedup_config
 .text.srvInit  0x001084b0      0x164 C:/devkitPro/libctru/lib\libctru.a(srv.o)
                0x001084b0                srvInit
 .text.srvExit  0x00108614       0x64 C:/devkitPro/libctru/lib\libctru.a(srv.o)
                0x00108614                srvExit
 .text.srvEnableNotification
                0x00108678       0x60 C:/devkitPro/libctru/lib\libctru.a(srv.o)
                0x00108678                srvEnableNotification
 .text.srvGetServiceHandleDirect
                0x001086d8       0xa0 C:/devkitPro/libctru/lib\libctru.a(srv.o)
                0x001086d8                srvGetServiceHandleDirect
 .text.srvGetServiceHandle
                0x00108778       0x48 C:/devkitPro/libctru/lib\libctru.a(srv.o)
                0x00108778                srvGetServiceHandle
 .text.srvSubscribe
                0x001087c0       0x34 C:/devkitPro/libctru/lib\libctru.a(srv.o)
                0x001087c0                srvSubscribe
 .text.srvReceiveNotification
                0x001087f4       0x60 C:/devkitPro/libctru/lib\libctru.a(srv.o)
                0x001087f4                srvReceiveNotification
 .text.srvPublishToSubscriber
                0x00108854       0x38 C:/devkitPro/libctru/lib\libctru.a(srv.o)
                0x00108854                srvPublishToSubscriber
 .text.__sync_init
                0x0010888c        0xc C:/devkitPro/libctru/lib\libctru.a(synchronization.o)
                0x0010888c                __sync_init
 .text.__sync_fini
                0x00108898       0x18 C:/devkitPro/libctru/lib\libctru.a(synchronization.o)
                0x00108898                __sync_fini
 .text.syncArbitrateAddress
                0x001088b0       0x28 C:/devkitPro/libctru/lib\libctru.a(synchronization.o)
                0x001088b0                syncArbitrateAddress
 .text.LightLock_Lock
                0x001088d8       0xac C:/devkitPro/libctru/lib\libctru.a(synchronization.o)
                0x001088d8                LightLock_Lock
 .text.LightLock_Unlock
                0x00108984       0x40 C:/devkitPro/libctru/lib\libctru.a(synchronization.o)
                0x00108984                LightLock_Unlock
 .text.RecursiveLock_Lock
                0x001089c4       0x54 C:/devkitPro/libctru/lib\libctru.a(synchronization.o)
                0x001089c4                RecursiveLock_Lock
 .text.RecursiveLock_Unlock
                0x00108a18       0x54 C:/devkitPro/libctru/lib\libctru.a(synchronization.o)
                0x00108a18                RecursiveLock_Unlock
 .text.LightEvent_Init
                0x00108a6c       0x44 C:/devkitPro/libctru/lib\libctru.a(synchronization.o)
                0x00108a6c                LightEvent_Init
 .text.LightEvent_Clear
                0x00108ab0       0xb8 C:/devkitPro/libctru/lib\libctru.a(synchronization.o)
                0x00108ab0                LightEvent_Clear
 .text.LightEvent_Signal
                0x00108b68       0xdc C:/devkitPro/libctru/lib\libctru.a(synchronization.o)
                0x00108b68                LightEvent_Signal
 .text.LightEvent_TryWait
                0x00108c44       0x50 C:/devkitPro/libctru/lib\libctru.a(synchronization.o)
                0x00108c44                LightEvent_TryWait
 .text.LightEvent_Wait
                0x00108c94       0xac C:/devkitPro/libctru/lib\libctru.a(synchronization.o)
                0x00108c94                LightEvent_Wait
 .text.threadCreate
                0x00108d40      0x1fc C:/devkitPro/libctru/lib\libctru.a(thread.o)
                0x00108d40                threadCreate
 .text.threadFree
                0x00108f3c       0x38 C:/devkitPro/libctru/lib\libctru.a(thread.o)
                0x00108f3c                threadFree
 .text.threadJoin
                0x00108f74       0x24 C:/devkitPro/libctru/lib\libctru.a(thread.o)
                0x00108f74                threadJoin
 .text.threadGetCurrent
                0x00108f98       0x30 C:/devkitPro/libctru/lib\libctru.a(thread.o)
                0x00108f98                threadGetCurrent
 .text.threadExit
                0x00108fc8       0x40 C:/devkitPro/libctru/lib\libctru.a(thread.o)
                0x00108fc8                threadExit
 .text._thread_begin
                0x00109008       0x20 C:/devkitPro/libctru/lib\libctru.a(thread.o)
 .text.mappableFindAddressWithin
                0x00109028       0x90 C:/devkitPro/libctru/lib\libctru.a(mappable.o)
 .text.mappableInit
                0x001090b8       0x28 C:/devkitPro/libctru/lib\libctru.a(mappable.o)
                0x001090b8                mappableInit
 .text.mappableAlloc
                0x001090e0       0x7c C:/devkitPro/libctru/lib\libctru.a(mappable.o)
                0x001090e0                mappableAlloc
 .text.mappableFree
                0x0010915c        0x4 C:/devkitPro/libctru/lib\libctru.a(mappable.o)
                0x0010915c                mappableFree
 .text.ptmSysmInit
                0x00109160       0x78 C:/devkitPro/libctru/lib\libctru.a(ptmsysm.o)
                0x00109160                ptmSysmInit
 .text.ptmSysmExit
                0x001091d8       0x3c C:/devkitPro/libctru/lib\libctru.a(ptmsysm.o)
                0x001091d8                ptmSysmExit
 .text.PTMSYSM_ConfigureNew3DSCPU
                0x00109214       0x34 C:/devkitPro/libctru/lib\libctru.a(ptmsysm.o)
                0x00109214                PTMSYSM_ConfigureNew3DSCPU
 .text.srvPmGetSessionHandle
                0x00109248        0xc C:/devkitPro/libctru/lib\libctru.a(srvpm.o)
                0x00109248                srvPmGetSessionHandle
 .text.rbtree_find
                0x00109254       0x74 C:/devkitPro/libctru/lib\libctru.a(rbtree_find.o)
                0x00109254                rbtree_find
 .text.rbtree_init
                0x001092c8       0x10 C:/devkitPro/libctru/lib\libctru.a(rbtree_init.o)
                0x001092c8                rbtree_init
 .text.do_insert
                0x001092d8      0x198 C:/devkitPro/libctru/lib\libctru.a(rbtree_insert.o)
 .text.rbtree_insert
                0x00109470        0x8 C:/devkitPro/libctru/lib\libctru.a(rbtree_insert.o)
                0x00109470                rbtree_insert
 .text.rbtree_remove
                0x00109478      0x310 C:/devkitPro/libctru/lib\libctru.a(rbtree_remove.o)
                0x00109478                rbtree_remove
 .text.rbtree_rotate
                0x00109788       0x90 C:/devkitPro/libctru/lib\libctru.a(rbtree_rotate.o)
                0x00109788                rbtree_rotate
 .text.__system_allocateHeaps
                0x00109818      0x1e8 C:/devkitPro/libctru/lib\libctru.a(allocateHeaps.o)
                0x00109818                __system_allocateHeaps
 .text.__appExit
                0x00109a00       0x30 C:/devkitPro/libctru/lib\libctru.a(appExit.o)
                0x00109a00                __appExit
 .text.__appInit
                0x00109a30       0x30 C:/devkitPro/libctru/lib\libctru.a(appInit.o)
                0x00109a30                __appInit
 .text.__libctru_exit
                0x00109a60       0x90 C:/devkitPro/libctru/lib\libctru.a(ctru_exit.o)
                0x00109a60                __libctru_exit
 .text.error_cmp
                0x00109af0       0x24 C:/devkitPro/libctru/lib\libctru.a(archive_dev.o)
 .text.archive_translate_error
                0x00109b14       0x50 C:/devkitPro/libctru/lib\libctru.a(archive_dev.o)
 .text.archive_seek
                0x00109b64       0xc0 C:/devkitPro/libctru/lib\libctru.a(archive_dev.o)
 .text._archiveInit.part.0
                0x00109c24       0x78 C:/devkitPro/libctru/lib\libctru.a(archive_dev.o)
 .text.archiveFindDevice.part.0
                0x00109c9c      0x110 C:/devkitPro/libctru/lib\libctru.a(archive_dev.o)
 .text.archive_utf16path
                0x00109dac      0x298 C:/devkitPro/libctru/lib\libctru.a(archive_dev.o)
 .text._archiveUnmountDeviceStruct.part.0
                0x0010a044       0x98 C:/devkitPro/libctru/lib\libctru.a(archive_dev.o)
 .text._archiveMountDevice
                0x0010a0dc      0x178 C:/devkitPro/libctru/lib\libctru.a(archive_dev.o)
 .text.archive_diropen
                0x0010a254       0xf8 C:/devkitPro/libctru/lib\libctru.a(archive_dev.o)
 .text.archive_fstat
                0x0010a34c       0xac C:/devkitPro/libctru/lib\libctru.a(archive_dev.o)
 .text.archive_fsync
                0x0010a3f8       0x74 C:/devkitPro/libctru/lib\libctru.a(archive_dev.o)
 .text.archive_close
                0x0010a46c       0x74 C:/devkitPro/libctru/lib\libctru.a(archive_dev.o)
 .text.archive_dirclose
                0x0010a4e0       0x78 C:/devkitPro/libctru/lib\libctru.a(archive_dev.o)
 .text.sdmc_statvfs
                0x0010a558       0xec C:/devkitPro/libctru/lib\libctru.a(archive_dev.o)
 .text.archive_chdir
                0x0010a644       0xf8 C:/devkitPro/libctru/lib\libctru.a(archive_dev.o)
 .text.archive_ftruncate
                0x0010a73c       0x8c C:/devkitPro/libctru/lib\libctru.a(archive_dev.o)
 .text.archive_read
                0x0010a7c8       0xbc C:/devkitPro/libctru/lib\libctru.a(archive_dev.o)
 .text.archive_unlink
                0x0010a884       0xa8 C:/devkitPro/libctru/lib\libctru.a(archive_dev.o)
 .text.archive_rmdir
                0x0010a92c       0xc0 C:/devkitPro/libctru/lib\libctru.a(archive_dev.o)
 .text.archive_mkdir
                0x0010a9ec       0xd8 C:/devkitPro/libctru/lib\libctru.a(archive_dev.o)
 .text.archive_stat
                0x0010aac4      0x1a0 C:/devkitPro/libctru/lib\libctru.a(archive_dev.o)
 .text.archive_dirnext
                0x0010ac64      0x164 C:/devkitPro/libctru/lib\libctru.a(archive_dev.o)
 .text.archive_write
                0x0010adc8      0x13c C:/devkitPro/libctru/lib\libctru.a(archive_dev.o)
 *fill*         0x0010af04        0x4 
 .text.archive_open
                0x0010af08      0x254 C:/devkitPro/libctru/lib\libctru.a(archive_dev.o)
 .text.archive_rename
                0x0010b15c      0x270 C:/devkitPro/libctru/lib\libctru.a(archive_dev.o)
 .text.archiveMountSdmc
                0x0010b3cc      0x1c8 C:/devkitPro/libctru/lib\libctru.a(archive_dev.o)
                0x0010b3cc                archiveMountSdmc
 .text.archiveUnmountAll
                0x0010b594       0x54 C:/devkitPro/libctru/lib\libctru.a(archive_dev.o)
                0x0010b594                archiveUnmountAll
 .text.fsInit   0x0010b5e8      0x104 C:/devkitPro/libctru/lib\libctru.a(fs.o)
                0x0010b5e8                fsInit
 .text.fsExit   0x0010b6ec       0x3c C:/devkitPro/libctru/lib\libctru.a(fs.o)
                0x0010b6ec                fsExit
 .text.fsExemptFromSession
                0x0010b728       0x68 C:/devkitPro/libctru/lib\libctru.a(fs.o)
                0x0010b728                fsExemptFromSession
 .text.fsUnexemptFromSession
                0x0010b790       0x50 C:/devkitPro/libctru/lib\libctru.a(fs.o)
                0x0010b790                fsUnexemptFromSession
 .text.FSUSER_OpenFile
                0x0010b7e0       0xcc C:/devkitPro/libctru/lib\libctru.a(fs.o)
                0x0010b7e0                FSUSER_OpenFile
 .text.FSUSER_DeleteFile
                0x0010b8ac       0xb8 C:/devkitPro/libctru/lib\libctru.a(fs.o)
                0x0010b8ac                FSUSER_DeleteFile
 .text.FSUSER_RenameFile
                0x0010b964       0xf4 C:/devkitPro/libctru/lib\libctru.a(fs.o)
                0x0010b964                FSUSER_RenameFile
 .text.FSUSER_DeleteDirectory
                0x0010ba58       0xb8 C:/devkitPro/libctru/lib\libctru.a(fs.o)
                0x0010ba58                FSUSER_DeleteDirectory
 .text.FSUSER_CreateFile
                0x0010bb10       0xd0 C:/devkitPro/libctru/lib\libctru.a(fs.o)
                0x0010bb10                FSUSER_CreateFile
 .text.FSUSER_CreateDirectory
                0x0010bbe0       0xc0 C:/devkitPro/libctru/lib\libctru.a(fs.o)
                0x0010bbe0                FSUSER_CreateDirectory
 .text.FSUSER_RenameDirectory
                0x0010bca0       0xf4 C:/devkitPro/libctru/lib\libctru.a(fs.o)
                0x0010bca0                FSUSER_RenameDirectory
 .text.FSUSER_OpenDirectory
                0x0010bd94       0xb4 C:/devkitPro/libctru/lib\libctru.a(fs.o)
                0x0010bd94                FSUSER_OpenDirectory
 .text.FSUSER_OpenArchive
                0x0010be48       0x90 C:/devkitPro/libctru/lib\libctru.a(fs.o)
                0x0010be48                FSUSER_OpenArchive
 .text.FSUSER_CloseArchive
                0x0010bed8       0x8c C:/devkitPro/libctru/lib\libctru.a(fs.o)
                0x0010bed8                FSUSER_CloseArchive
 .text.FSUSER_GetSdmcArchiveResource
                0x0010bf64       0x74 C:/devkitPro/libctru/lib\libctru.a(fs.o)
                0x0010bf64                FSUSER_GetSdmcArchiveResource
 .text.FSUSER_IsSdmcWritable
                0x0010bfd8       0x64 C:/devkitPro/libctru/lib\libctru.a(fs.o)
                0x0010bfd8                FSUSER_IsSdmcWritable
 .text.FSFILE_Read
                0x0010c03c       0x64 C:/devkitPro/libctru/lib\libctru.a(fs.o)
                0x0010c03c                FSFILE_Read
 .text.FSFILE_Write
                0x0010c0a0       0x6c C:/devkitPro/libctru/lib\libctru.a(fs.o)
                0x0010c0a0                FSFILE_Write
 .text.FSFILE_GetSize
                0x0010c10c       0x44 C:/devkitPro/libctru/lib\libctru.a(fs.o)
                0x0010c10c                FSFILE_GetSize
 .text.FSFILE_SetSize
                0x0010c150       0x28 C:/devkitPro/libctru/lib\libctru.a(fs.o)
                0x0010c150                FSFILE_SetSize
 .text.FSFILE_Close
                0x0010c178       0x3c C:/devkitPro/libctru/lib\libctru.a(fs.o)
                0x0010c178                FSFILE_Close
 .text.FSFILE_Flush
                0x0010c1b4       0x24 C:/devkitPro/libctru/lib\libctru.a(fs.o)
                0x0010c1b4                FSFILE_Flush
 .text.FSDIR_Read
                0x0010c1d8       0x60 C:/devkitPro/libctru/lib\libctru.a(fs.o)
                0x0010c1d8                FSDIR_Read
 .text.FSDIR_Close
                0x0010c238       0x3c C:/devkitPro/libctru/lib\libctru.a(fs.o)
                0x0010c238                FSDIR_Close
 .text.rbtree_node_next
                0x0010c274       0x60 C:/devkitPro/libctru/lib\libctru.a(rbtree_iterator.o)
                0x0010c274                rbtree_node_next
 .text.decode_utf8
                0x0010c2d4      0x140 C:/devkitPro/libctru/lib\libctru.a(decode_utf8.o)
                0x0010c2d4                decode_utf8
 .text.utf16_to_utf8
                0x0010c414       0xe8 C:/devkitPro/libctru/lib\libctru.a(utf16_to_utf8.o)
                0x0010c414                utf16_to_utf8
 .text.utf8_to_utf16
                0x0010c4fc       0xc0 C:/devkitPro/libctru/lib\libctru.a(utf8_to_utf16.o)
                0x0010c4fc                utf8_to_utf16
 .text.__aeabi_read_tp
                0x0010c5bc        0xc C:/devkitPro/libctru/lib\libctru.a(readtp.o)
                0x0010c5bc                __aeabi_read_tp
 .text.decode_utf16
                0x0010c5c8       0x54 C:/devkitPro/libctru/lib\libctru.a(decode_utf16.o)
                0x0010c5c8                decode_utf16
 .text.encode_utf16
                0x0010c61c       0x54 C:/devkitPro/libctru/lib\libctru.a(encode_utf16.o)
                0x0010c61c                encode_utf16
 .text.encode_utf8
                0x0010c670       0xe0 C:/devkitPro/libctru/lib\libctru.a(encode_utf8.o)
                0x0010c670                encode_utf8
 .text.__fixdfdi
                0x0010c750       0x2c C:/devkitPro/devkitARM/bin/../lib/gcc/arm-none-eabi/16.1.0/armv6k/fpu\libgcc.a(_fixdfdi.o)
                0x0010c750                __fixdfdi
                0x0010c750                __aeabi_d2lz
 *fill*         0x0010c77c        0x4 
 .text.__fixunsdfdi
                0x0010c780       0x40 C:/devkitPro/devkitARM/bin/../lib/gcc/arm-none-eabi/16.1.0/armv6k/fpu\libgcc.a(_fixunsdfdi.o)
                0x0010c780                __fixunsdfdi
                0x0010c780                __aeabi_d2ulz
 .text.__udivmoddi4
                0x0010c7c0      0x130 C:/devkitPro/devkitARM/bin/../lib/gcc/arm-none-eabi/16.1.0/armv6k/fpu\libgcc.a(_udivmoddi4.o)
                0x0010c7c0                __udivmoddi4
 .text.strncat  0x0010c8f0       0xe4 C:/devkitPro/devkitARM/bin/../lib/gcc/arm-none-eabi/16.1.0/../../../../arm-none-eabi/lib/armv6k/fpu\libg.a(libc_a-strncat.o)
                0x0010c8f0                strncat
 .text.memcpy   0x0010c9d4      0x128 C:/devkitPro/devkitARM/bin/../lib/gcc/arm-none-eabi/16.1.0/../../../../arm-none-eabi/lib/armv6k/fpu\libg.a(libc_a-memcpy-stub.o)
                0x0010c9d4                memcpy
 .text.strlen   0x0010cafc       0x8c C:/devkitPro/devkitARM/bin/../lib/gcc/arm-none-eabi/16.1.0/../../../../arm-none-eabi/lib/armv6k/fpu\libg.a(libc_a-strlen.o)
                0x0010cafc                strlen
 .text._fread_r
                0x0010cb88      0x334 C:/devkitPro/devkitARM/bin/../lib/gcc/arm-none-eabi/16.1.0/../../../../arm-none-eabi/lib/armv6k/fpu\libg.a(libc_a-fread.o)
                0x0010cb88                _fread_r
 .text.fread    0x0010cebc       0x38 C:/devkitPro/devkitARM/bin/../lib/gcc/arm-none-eabi/16.1.0/../../../../arm-none-eabi/lib/armv6k/fpu\libg.a(libc_a-fread.o)
                0x0010cebc                fread
 .text.bsearch  0x0010cef4       0x78 C:/devkitPro/devkitARM/bin/../lib/gcc/arm-none-eabi/16.1.0/../../../../arm-none-eabi/lib/armv6k/fpu\libg.a(libc_a-bsearch.o)
                0x0010cef4                bsearch
 .text._fopen_r
                0x0010cf6c      0x134 C:/devkitPro/devkitARM/bin/../lib/gcc/arm-none-eabi/16.1.0/../../../../arm-none-eabi/lib/armv6k/fpu\libg.a(libc_a-fopen.o)
                0x0010cf6c                _fopen_r
 .text.fopen    0x0010d0a0       0x28 C:/devkitPro/devkitARM/bin/../lib/gcc/arm-none-eabi/16.1.0/../../../../arm-none-eabi/lib/armv6k/fpu\libg.a(libc_a-fopen.o)
                0x0010d0a0                fopen
 .text.memalign
                0x0010d0c8       0x28 C:/devkitPro/devkitARM/bin/../lib/gcc/arm-none-eabi/16.1.0/../../../../arm-none-eabi/lib/armv6k/fpu\libg.a(libc_a-malign.o)
                0x0010d0c8                memalign
 .text.strcasecmp
                0x0010d0f0       0x68 C:/devkitPro/devkitARM/bin/../lib/gcc/arm-none-eabi/16.1.0/../../../../arm-none-eabi/lib/armv6k/fpu\libg.a(libc_a-strcasecmp.o)
                0x0010d0f0                strcasecmp
 .text.snprintf
                0x0010d158       0xa0 C:/devkitPro/devkitARM/bin/../lib/gcc/arm-none-eabi/16.1.0/../../../../arm-none-eabi/lib/armv6k/fpu\libg.a(libc_a-snprintf.o)
                0x0010d158                snprintf
 .text._strtoul_l.isra.0
                0x0010d1f8      0x1ec C:/devkitPro/devkitARM/bin/../lib/gcc/arm-none-eabi/16.1.0/../../../../arm-none-eabi/lib/armv6k/fpu\libg.a(libc_a-strtoul.o)
 .text._strtoul_r
                0x0010d3e4       0x38 C:/devkitPro/devkitARM/bin/../lib/gcc/arm-none-eabi/16.1.0/../../../../arm-none-eabi/lib/armv6k/fpu\libg.a(libc_a-strtoul.o)
                0x0010d3e4                _strtoul_r
 .text.strtoul  0x0010d41c       0x3c C:/devkitPro/devkitARM/bin/../lib/gcc/arm-none-eabi/16.1.0/../../../../arm-none-eabi/lib/armv6k/fpu\libg.a(libc_a-strtoul.o)
                0x0010d41c                strtoul
 .text.remove   0x0010d458       0x58 C:/devkitPro/devkitARM/bin/../lib/gcc/arm-none-eabi/16.1.0/../../../../arm-none-eabi/lib/armv6k/fpu\libg.a(libc_a-remove.o)
                0x0010d458                remove
 .text._memalign_r
                0x0010d4b0      0x16c C:/devkitPro/devkitARM/bin/../lib/gcc/arm-none-eabi/16.1.0/../../../../arm-none-eabi/lib/armv6k/fpu\libg.a(libc_a-malignr.o)
                0x0010d4b0                _memalign_r
 .text.__errno  0x0010d61c        0xc C:/devkitPro/devkitARM/bin/../lib/gcc/arm-none-eabi/16.1.0/../../../../arm-none-eabi/lib/armv6k/fpu\libg.a(libc_a-errno.o)
                0x0010d61c                __errno
 .text.__smakebuf_r
                0x0010d628      0x164 C:/devkitPro/devkitARM/bin/../lib/gcc/arm-none-eabi/16.1.0/../../../../arm-none-eabi/lib/armv6k/fpu\libg.a(libc_a-makebuf.o)
                0x0010d628                __smakebuf_r
 .text.memset   0x0010d78c       0xe4 C:/devkitPro/devkitARM/bin/../lib/gcc/arm-none-eabi/16.1.0/../../../../arm-none-eabi/lib/armv6k/fpu\libg.a(libc_a-memset.o)
                0x0010d78c                memset
 .text.__sflush_r
                0x0010d870      0x22c C:/devkitPro/devkitARM/bin/../lib/gcc/arm-none-eabi/16.1.0/../../../../arm-none-eabi/lib/armv6k/fpu\libg.a(libc_a-fflush.o)
                0x0010d870                __sflush_r
 .text._fflush_r
                0x0010da9c       0xc4 C:/devkitPro/devkitARM/bin/../lib/gcc/arm-none-eabi/16.1.0/../../../../arm-none-eabi/lib/armv6k/fpu\libg.a(libc_a-fflush.o)
                0x0010da9c                _fflush_r
 .text._fwrite_r
                0x0010db60      0x104 C:/devkitPro/devkitARM/bin/../lib/gcc/arm-none-eabi/16.1.0/../../../../arm-none-eabi/lib/armv6k/fpu\libg.a(libc_a-fwrite.o)
                0x0010db60                _fwrite_r
 .text.fwrite   0x0010dc64       0x38 C:/devkitPro/devkitARM/bin/../lib/gcc/arm-none-eabi/16.1.0/../../../../arm-none-eabi/lib/armv6k/fpu\libg.a(libc_a-fwrite.o)
                0x0010dc64                fwrite
 .text.fscanf   0x0010dc9c       0x3c C:/devkitPro/devkitARM/bin/../lib/gcc/arm-none-eabi/16.1.0/../../../../arm-none-eabi/lib/armv6k/fpu\libg.a(libc_a-fscanf.o)
                0x0010dc9c                fscanf
 .text._malloc_r
                0x0010dcd8      0x82c C:/devkitPro/devkitARM/bin/../lib/gcc/arm-none-eabi/16.1.0/../../../../arm-none-eabi/lib/armv6k/fpu\libg.a(libc_a-mallocr.o)
                0x0010dcd8                _malloc_r
 .text._malloc_trim_r
                0x0010e504      0x114 C:/devkitPro/devkitARM/bin/../lib/gcc/arm-none-eabi/16.1.0/../../../../arm-none-eabi/lib/armv6k/fpu\libg.a(libc_a-freer.o)
                0x0010e504                _malloc_trim_r
 .text._free_r  0x0010e618      0x314 C:/devkitPro/devkitARM/bin/../lib/gcc/arm-none-eabi/16.1.0/../../../../arm-none-eabi/lib/armv6k/fpu\libg.a(libc_a-freer.o)
                0x0010e618                _free_r
 .text.stdio_exit_handler
                0x0010e92c       0x1c C:/devkitPro/devkitARM/bin/../lib/gcc/arm-none-eabi/16.1.0/../../../../arm-none-eabi/lib/armv6k/fpu\libg.a(libc_a-findfp.o)
 .text.cleanup_stdio
                0x0010e948       0x5c C:/devkitPro/devkitARM/bin/../lib/gcc/arm-none-eabi/16.1.0/../../../../arm-none-eabi/lib/armv6k/fpu\libg.a(libc_a-findfp.o)
 .text.global_stdio_init.part.0
                0x0010e9a4      0x154 C:/devkitPro/devkitARM/bin/../lib/gcc/arm-none-eabi/16.1.0/../../../../arm-none-eabi/lib/armv6k/fpu\libg.a(libc_a-findfp.o)
 .text.__sfp    0x0010eaf8      0x138 C:/devkitPro/devkitARM/bin/../lib/gcc/arm-none-eabi/16.1.0/../../../../arm-none-eabi/lib/armv6k/fpu\libg.a(libc_a-findfp.o)
                0x0010eaf8                __sfp
 .text.__sinit  0x0010ec30       0x5c C:/devkitPro/devkitARM/bin/../lib/gcc/arm-none-eabi/16.1.0/../../../../arm-none-eabi/lib/armv6k/fpu\libg.a(libc_a-findfp.o)
                0x0010ec30                __sinit
 .text.__sfp_lock_acquire
                0x0010ec8c        0xc C:/devkitPro/devkitARM/bin/../lib/gcc/arm-none-eabi/16.1.0/../../../../arm-none-eabi/lib/armv6k/fpu\libg.a(libc_a-findfp.o)
                0x0010ec8c                __sfp_lock_acquire
 .text.__sfp_lock_release
                0x0010ec98        0xc C:/devkitPro/devkitARM/bin/../lib/gcc/arm-none-eabi/16.1.0/../../../../arm-none-eabi/lib/armv6k/fpu\libg.a(libc_a-findfp.o)
                0x0010ec98                __sfp_lock_release
 .text.__libc_init_array
                0x0010eca4       0x84 C:/devkitPro/devkitARM/bin/../lib/gcc/arm-none-eabi/16.1.0/../../../../arm-none-eabi/lib/armv6k/fpu\libg.a(libc_a-init.o)
                0x0010eca4                __libc_init_array
 .text.strncpy  0x0010ed28       0xd4 C:/devkitPro/devkitARM/bin/../lib/gcc/arm-none-eabi/16.1.0/../../../../arm-none-eabi/lib/armv6k/fpu\libg.a(libc_a-strncpy.o)
                0x0010ed28                strncpy
 .text._fseek_r
                0x0010edfc       0x1c C:/devkitPro/devkitARM/bin/../lib/gcc/arm-none-eabi/16.1.0/../../../../arm-none-eabi/lib/armv6k/fpu\libg.a(libc_a-fseek.o)
                0x0010edfc                _fseek_r
 .text.malloc   0x0010ee18       0x40 C:/devkitPro/devkitARM/bin/../lib/gcc/arm-none-eabi/16.1.0/../../../../arm-none-eabi/lib/armv6k/fpu\libg.a(libc_a-malloc.o)
                0x0010ee18                malloc
 .text.free     0x0010ee58       0x20 C:/devkitPro/devkitARM/bin/../lib/gcc/arm-none-eabi/16.1.0/../../../../arm-none-eabi/lib/armv6k/fpu\libg.a(libc_a-malloc.o)
                0x0010ee58                free
 .text.strrchr  0x0010ee78       0x48 C:/devkitPro/devkitARM/bin/../lib/gcc/arm-none-eabi/16.1.0/../../../../arm-none-eabi/lib/armv6k/fpu\libg.a(libc_a-strrchr.o)
                0x0010ee78                strrchr
 .text.__sread  0x0010eec0       0x44 C:/devkitPro/devkitARM/bin/../lib/gcc/arm-none-eabi/16.1.0/../../../../arm-none-eabi/lib/armv6k/fpu\libg.a(libc_a-stdio.o)
                0x0010eec0                __sread
 .text.__seofread
                0x0010ef04        0x8 C:/devkitPro/devkitARM/bin/../lib/gcc/arm-none-eabi/16.1.0/../../../../arm-none-eabi/lib/armv6k/fpu\libg.a(libc_a-stdio.o)
                0x0010ef04                __seofread
 .text.__swrite
                0x0010ef0c       0x68 C:/devkitPro/devkitARM/bin/../lib/gcc/arm-none-eabi/16.1.0/../../../../arm-none-eabi/lib/armv6k/fpu\libg.a(libc_a-stdio.o)
                0x0010ef0c                __swrite
 .text.__sseek  0x0010ef74       0x40 C:/devkitPro/devkitARM/bin/../lib/gcc/arm-none-eabi/16.1.0/../../../../arm-none-eabi/lib/armv6k/fpu\libg.a(libc_a-stdio.o)
                0x0010ef74                __sseek
 .text.__sclose
                0x0010efb4        0x8 C:/devkitPro/devkitARM/bin/../lib/gcc/arm-none-eabi/16.1.0/../../../../arm-none-eabi/lib/armv6k/fpu\libg.a(libc_a-stdio.o)
                0x0010efb4                __sclose
 .text.localtime
                0x0010efbc       0x1c C:/devkitPro/devkitARM/bin/../lib/gcc/arm-none-eabi/16.1.0/../../../../arm-none-eabi/lib/armv6k/fpu\libg.a(libc_a-lcltime.o)
                0x0010efbc                localtime
 .text.__malloc_lock
                0x0010efd8        0xc C:/devkitPro/devkitARM/bin/../lib/gcc/arm-none-eabi/16.1.0/../../../../arm-none-eabi/lib/armv6k/fpu\libg.a(libc_a-mlock.o)
                0x0010efd8                __malloc_lock
 .text.__malloc_unlock
                0x0010efe4        0xc C:/devkitPro/devkitARM/bin/../lib/gcc/arm-none-eabi/16.1.0/../../../../arm-none-eabi/lib/armv6k/fpu\libg.a(libc_a-mlock.o)
                0x0010efe4                __malloc_unlock
 .text._fseeko_r
                0x0010eff0      0x588 C:/devkitPro/devkitARM/bin/../lib/gcc/arm-none-eabi/16.1.0/../../../../arm-none-eabi/lib/armv6k/fpu\libg.a(libc_a-fseeko.o)
                0x0010eff0                _fseeko_r
 .text._fclose_r
                0x0010f578      0x148 C:/devkitPro/devkitARM/bin/../lib/gcc/arm-none-eabi/16.1.0/../../../../arm-none-eabi/lib/armv6k/fpu\libg.a(libc_a-fclose.o)
                0x0010f578                _fclose_r
 .text.fclose   0x0010f6c0       0x20 C:/devkitPro/devkitARM/bin/../lib/gcc/arm-none-eabi/16.1.0/../../../../arm-none-eabi/lib/armv6k/fpu\libg.a(libc_a-fclose.o)
                0x0010f6c0                fclose
 .text.time     0x0010f6e0       0x48 C:/devkitPro/devkitARM/bin/../lib/gcc/arm-none-eabi/16.1.0/../../../../arm-none-eabi/lib/armv6k/fpu\libg.a(libc_a-time.o)
                0x0010f6e0                time
 .text.fprintf  0x0010f728       0x3c C:/devkitPro/devkitARM/bin/../lib/gcc/arm-none-eabi/16.1.0/../../../../arm-none-eabi/lib/armv6k/fpu\libg.a(libc_a-fprintf.o)
                0x0010f728                fprintf
 .text.__call_exitprocs
                0x0010f764        0x4 C:/devkitPro/devkitARM/bin/../lib/gcc/arm-none-eabi/16.1.0/../../../../arm-none-eabi/lib/armv6k/fpu\libg.a(libc_a-exit.o)
                0x0010f764                __call_exitprocs
 .text.exit     0x0010f768       0x30 C:/devkitPro/devkitARM/bin/../lib/gcc/arm-none-eabi/16.1.0/../../../../arm-none-eabi/lib/armv6k/fpu\libg.a(libc_a-exit.o)
                0x0010f768                exit
 .text.get_arg  0x0010f798      0x5e0 C:/devkitPro/devkitARM/bin/../lib/gcc/arm-none-eabi/16.1.0/../../../../arm-none-eabi/lib/armv6k/fpu\libg.a(libc_a-svfprintf.o)
 .text._svfprintf_r
                0x0010fd78     0x345c C:/devkitPro/devkitARM/bin/../lib/gcc/arm-none-eabi/16.1.0/../../../../arm-none-eabi/lib/armv6k/fpu\libg.a(libc_a-svfprintf.o)
                0x0010fd78                _svfprintf_r
 .text.__sflags
                0x001131d4       0xb8 C:/devkitPro/devkitARM/bin/../lib/gcc/arm-none-eabi/16.1.0/../../../../arm-none-eabi/lib/armv6k/fpu\libg.a(libc_a-flags.o)
                0x001131d4                __sflags
 .text.__libc_fini_array
                0x0011328c       0x3c C:/devkitPro/devkitARM/bin/../lib/gcc/arm-none-eabi/16.1.0/../../../../arm-none-eabi/lib/armv6k/fpu\libg.a(libc_a-fini.o)
                0x0011328c                __libc_fini_array
 .text.strnlen  0x001132c8       0x3c C:/devkitPro/devkitARM/bin/../lib/gcc/arm-none-eabi/16.1.0/../../../../arm-none-eabi/lib/armv6k/fpu\libg.a(libc_a-strnlen.o)
                0x001132c8                strnlen
 .text.strncmp  0x00113304       0xd8 C:/devkitPro/devkitARM/bin/../lib/gcc/arm-none-eabi/16.1.0/../../../../arm-none-eabi/lib/armv6k/fpu\libg.a(libc_a-strncmp.o)
                0x00113304                strncmp
 .text.lflush   0x001133dc       0x38 C:/devkitPro/devkitARM/bin/../lib/gcc/arm-none-eabi/16.1.0/../../../../arm-none-eabi/lib/armv6k/fpu\libg.a(libc_a-refill.o)
 .text.__srefill_r
                0x00113414      0x1a8 C:/devkitPro/devkitARM/bin/../lib/gcc/arm-none-eabi/16.1.0/../../../../arm-none-eabi/lib/armv6k/fpu\libg.a(libc_a-refill.o)
                0x00113414                __srefill_r
 *fill*         0x001135bc        0x4 
 .text.frexp    0x001135c0       0x88 C:/devkitPro/devkitARM/bin/../lib/gcc/arm-none-eabi/16.1.0/../../../../arm-none-eabi/lib/armv6k/fpu\libg.a(libm_a-s_frexp.o)
                0x001135c0                frexp
 .text._fwalk_sglue
                0x00113648       0x70 C:/devkitPro/devkitARM/bin/../lib/gcc/arm-none-eabi/16.1.0/../../../../arm-none-eabi/lib/armv6k/fpu\libg.a(libc_a-fwalk.o)
                0x00113648                _fwalk_sglue
 .text.get_arg  0x001136b8      0x5e0 C:/devkitPro/devkitARM/bin/../lib/gcc/arm-none-eabi/16.1.0/../../../../arm-none-eabi/lib/armv6k/fpu\libg.a(libc_a-vfprintf.o)
 .text._vfprintf_r
                0x00113c98     0x3554 C:/devkitPro/devkitARM/bin/../lib/gcc/arm-none-eabi/16.1.0/../../../../arm-none-eabi/lib/armv6k/fpu\libg.a(libc_a-vfprintf.o)
                0x00113c98                _vfprintf_r
 .text.__sbprintf
                0x001171ec       0xb4 C:/devkitPro/devkitARM/bin/../lib/gcc/arm-none-eabi/16.1.0/../../../../arm-none-eabi/lib/armv6k/fpu\libg.a(libc_a-vfprintf.o)
 .text._wcrtomb_r
                0x001172a0       0xa0 C:/devkitPro/devkitARM/bin/../lib/gcc/arm-none-eabi/16.1.0/../../../../arm-none-eabi/lib/armv6k/fpu\libg.a(libc_a-wcrtomb.o)
                0x001172a0                _wcrtomb_r
 .text.__ssprint_r
                0x00117340       0xa4 C:/devkitPro/devkitARM/bin/../lib/gcc/arm-none-eabi/16.1.0/../../../../arm-none-eabi/lib/armv6k/fpu\libg.a(libc_a-ssprint_r.o)
                0x00117340                __ssprint_r
 .text.__sfvwrite_r
                0x001173e4      0x4a4 C:/devkitPro/devkitARM/bin/../lib/gcc/arm-none-eabi/16.1.0/../../../../arm-none-eabi/lib/armv6k/fpu\libg.a(libc_a-fvwrite.o)
                0x001173e4                __sfvwrite_r
 .text.strchr   0x00117888      0x140 C:/devkitPro/devkitARM/bin/../lib/gcc/arm-none-eabi/16.1.0/../../../../arm-none-eabi/lib/armv6k/fpu\libg.a(libc_a-strchr.o)
                0x00117888                strchr
 .text.__locale_mb_cur_max
                0x001179c8       0x24 C:/devkitPro/devkitARM/bin/../lib/gcc/arm-none-eabi/16.1.0/../../../../arm-none-eabi/lib/armv6k/fpu\libg.a(libc_a-locale.o)
                0x001179c8                __locale_mb_cur_max
 .text.__sprint_r
                0x001179ec       0x30 C:/devkitPro/devkitARM/bin/../lib/gcc/arm-none-eabi/16.1.0/../../../../arm-none-eabi/lib/armv6k/fpu\libg.a(libc_a-sprint_r.o)
                0x001179ec                __sprint_r
 .text.localtime_r
                0x00117a1c      0x35c C:/devkitPro/devkitARM/bin/../lib/gcc/arm-none-eabi/16.1.0/../../../../arm-none-eabi/lib/armv6k/fpu\libg.a(libc_a-lcltime_r.o)
                0x00117a1c                localtime_r
 .text.get_arg  0x00117d78       0x50 C:/devkitPro/devkitARM/bin/../lib/gcc/arm-none-eabi/16.1.0/../../../../arm-none-eabi/lib/armv6k/fpu\libg.a(libc_a-vfscanf.o)
 .text.__svfscanf_r
                0x00117dc8     0x2bc4 C:/devkitPro/devkitARM/bin/../lib/gcc/arm-none-eabi/16.1.0/../../../../arm-none-eabi/lib/armv6k/fpu\libg.a(libc_a-vfscanf.o)
                0x00117dc8                __svfscanf_r
 .text._vfscanf_r
                0x0011a98c       0x40 C:/devkitPro/devkitARM/bin/../lib/gcc/arm-none-eabi/16.1.0/../../../../arm-none-eabi/lib/armv6k/fpu\libg.a(libc_a-vfscanf.o)
                0x0011a98c                _vfscanf_r
 .text.__tzcalc_limits
                0x0011a9cc      0x258 C:/devkitPro/devkitARM/bin/../lib/gcc/arm-none-eabi/16.1.0/../../../../arm-none-eabi/lib/armv6k/fpu\libg.a(libc_a-tzcalc_limits.o)
                0x0011a9cc                __tzcalc_limits
 .text.quorem   0x0011ac24      0x1c0 C:/devkitPro/devkitARM/bin/../lib/gcc/arm-none-eabi/16.1.0/../../../../arm-none-eabi/lib/armv6k/fpu\libg.a(libc_a-dtoa.o)
 *fill*         0x0011ade4        0x4 
 .text._dtoa_r  0x0011ade8     0x1420 C:/devkitPro/devkitARM/bin/../lib/gcc/arm-none-eabi/16.1.0/../../../../arm-none-eabi/lib/armv6k/fpu\libg.a(libc_a-dtoa.o)
                0x0011ade8                _dtoa_r
 .text._strtol_l.part.0
                0x0011c208      0x384 C:/devkitPro/devkitARM/bin/../lib/gcc/arm-none-eabi/16.1.0/../../../../arm-none-eabi/lib/armv6k/fpu\libg.a(libc_a-strtol.o)
 .text._strtol_r
                0x0011c58c       0x6c C:/devkitPro/devkitARM/bin/../lib/gcc/arm-none-eabi/16.1.0/../../../../arm-none-eabi/lib/armv6k/fpu\libg.a(libc_a-strtol.o)
                0x0011c58c                _strtol_r
 .text._tzset_unlocked
                0x0011c5f8       0x10 C:/devkitPro/devkitARM/bin/../lib/gcc/arm-none-eabi/16.1.0/../../../../arm-none-eabi/lib/armv6k/fpu\libg.a(libc_a-tzset.o)
                0x0011c5f8                _tzset_unlocked
 .text.memchr   0x0011c608       0xe8 C:/devkitPro/devkitARM/bin/../lib/gcc/arm-none-eabi/16.1.0/../../../../arm-none-eabi/lib/armv6k/fpu\libg.a(libc_a-memchr-stub.o)
                0x0011c608                memchr
 .text._wcsrtombs_r
                0x0011c6f0       0x28 C:/devkitPro/devkitARM/bin/../lib/gcc/arm-none-eabi/16.1.0/../../../../arm-none-eabi/lib/armv6k/fpu\libg.a(libc_a-wcsrtombs.o)
                0x0011c6f0                _wcsrtombs_r
 .text.__swsetup_r
                0x0011c718      0x140 C:/devkitPro/devkitARM/bin/../lib/gcc/arm-none-eabi/16.1.0/../../../../arm-none-eabi/lib/armv6k/fpu\libg.a(libc_a-wsetup.o)
                0x0011c718                __swsetup_r
 .text.__gettzinfo
                0x0011c858        0xc C:/devkitPro/devkitARM/bin/../lib/gcc/arm-none-eabi/16.1.0/../../../../arm-none-eabi/lib/armv6k/fpu\libg.a(libc_a-gettzinfo.o)
                0x0011c858                __gettzinfo
 .text._findenv_r
                0x0011c864       0xdc C:/devkitPro/devkitARM/bin/../lib/gcc/arm-none-eabi/16.1.0/../../../../arm-none-eabi/lib/armv6k/fpu\libg.a(libc_a-getenv_r.o)
                0x0011c864                _findenv_r
 .text._getenv_r
                0x0011c940       0x18 C:/devkitPro/devkitARM/bin/../lib/gcc/arm-none-eabi/16.1.0/../../../../arm-none-eabi/lib/armv6k/fpu\libg.a(libc_a-getenv_r.o)
                0x0011c940                _getenv_r
 .text._localeconv_r
                0x0011c958       0x24 C:/devkitPro/devkitARM/bin/../lib/gcc/arm-none-eabi/16.1.0/../../../../arm-none-eabi/lib/armv6k/fpu\libg.a(libc_a-localeconv.o)
                0x0011c958                _localeconv_r
 .text.memmove  0x0011c97c      0x1a8 C:/devkitPro/devkitARM/bin/../lib/gcc/arm-none-eabi/16.1.0/../../../../arm-none-eabi/lib/armv6k/fpu\libg.a(libc_a-memmove.o)
                0x0011c97c                memmove
 .text._realloc_r
                0x0011cb24      0x4f0 C:/devkitPro/devkitARM/bin/../lib/gcc/arm-none-eabi/16.1.0/../../../../arm-none-eabi/lib/armv6k/fpu\libg.a(libc_a-reallocr.o)
                0x0011cb24                _realloc_r
 .text.__ssputs_r
                0x0011d014      0x12c C:/devkitPro/devkitARM/bin/../lib/gcc/arm-none-eabi/16.1.0/../../../../arm-none-eabi/lib/armv6k/fpu\libg.a(libc_a-ssputs_r.o)
                0x0011d014                __ssputs_r
 .text.__utf8_wctomb
                0x0011d140       0xf8 C:/devkitPro/devkitARM/bin/../lib/gcc/arm-none-eabi/16.1.0/../../../../arm-none-eabi/lib/armv6k/fpu\libg.a(libc_a-wctomb_r.o)
                0x0011d140                __utf8_wctomb
 .text.gmtime_r
                0x0011d238      0x25c C:/devkitPro/devkitARM/bin/../lib/gcc/arm-none-eabi/16.1.0/../../../../arm-none-eabi/lib/armv6k/fpu\libg.a(libc_a-gmtime_r.o)
                0x0011d238                gmtime_r
 .text._tzset_unlocked_r
                0x0011d494      0x648 C:/devkitPro/devkitARM/bin/../lib/gcc/arm-none-eabi/16.1.0/../../../../arm-none-eabi/lib/armv6k/fpu\libg.a(libc_a-tzset_r.o)
                0x0011d494                _tzset_unlocked_r
 .text._wcsnrtombs_l
                0x0011dadc      0x15c C:/devkitPro/devkitARM/bin/../lib/gcc/arm-none-eabi/16.1.0/../../../../arm-none-eabi/lib/armv6k/fpu\libg.a(libc_a-wcsnrtombs.o)
                0x0011dadc                _wcsnrtombs_l
 .text._wcsnrtombs_r
                0x0011dc38       0x64 C:/devkitPro/devkitARM/bin/../lib/gcc/arm-none-eabi/16.1.0/../../../../arm-none-eabi/lib/armv6k/fpu\libg.a(libc_a-wcsnrtombs.o)
                0x0011dc38                _wcsnrtombs_r
 .text.sprintf  0x0011dc9c       0x68 C:/devkitPro/devkitARM/bin/../lib/gcc/arm-none-eabi/16.1.0/../../../../arm-none-eabi/lib/armv6k/fpu\libg.a(libc_a-sprintf.o)
                0x0011dc9c                sprintf
 .text.nanf     0x0011dd04        0xc C:/devkitPro/devkitARM/bin/../lib/gcc/arm-none-eabi/16.1.0/../../../../arm-none-eabi/lib/armv6k/fpu\libg.a(libm_a-sf_nan.o)
                0x0011dd04                nanf
 .text.stpncpy  0x0011dd10       0xdc C:/devkitPro/devkitARM/bin/../lib/gcc/arm-none-eabi/16.1.0/../../../../arm-none-eabi/lib/armv6k/fpu\libg.a(libc_a-stpncpy.o)
                0x0011dd10                stpncpy
 .text.__env_lock
                0x0011ddec        0xc C:/devkitPro/devkitARM/bin/../lib/gcc/arm-none-eabi/16.1.0/../../../../arm-none-eabi/lib/armv6k/fpu\libg.a(libc_a-envlock.o)
                0x0011ddec                __env_lock
 .text.__env_unlock
                0x0011ddf8        0xc C:/devkitPro/devkitARM/bin/../lib/gcc/arm-none-eabi/16.1.0/../../../../arm-none-eabi/lib/armv6k/fpu\libg.a(libc_a-envlock.o)
                0x0011ddf8                __env_unlock
 .text.__assert_func
                0x0011de04       0x5c C:/devkitPro/devkitARM/bin/../lib/gcc/arm-none-eabi/16.1.0/../../../../arm-none-eabi/lib/armv6k/fpu\libg.a(libc_a-assert.o)
                0x0011de04                __assert_func
 .text.iswspace
                0x0011de60        0x8 C:/devkitPro/devkitARM/bin/../lib/gcc/arm-none-eabi/16.1.0/../../../../arm-none-eabi/lib/armv6k/fpu\libg.a(libc_a-iswspace.o)
                0x0011de60                iswspace
 .text._Balloc  0x0011de68       0x88 C:/devkitPro/devkitARM/bin/../lib/gcc/arm-none-eabi/16.1.0/../../../../arm-none-eabi/lib/armv6k/fpu\libg.a(libc_a-mprec.o)
                0x0011de68                _Balloc
 .text._Bfree   0x0011def0       0x1c C:/devkitPro/devkitARM/bin/../lib/gcc/arm-none-eabi/16.1.0/../../../../arm-none-eabi/lib/armv6k/fpu\libg.a(libc_a-mprec.o)
                0x0011def0                _Bfree
 .text.__multadd
                0x0011df0c       0xf4 C:/devkitPro/devkitARM/bin/../lib/gcc/arm-none-eabi/16.1.0/../../../../arm-none-eabi/lib/armv6k/fpu\libg.a(libc_a-mprec.o)
                0x0011df0c                __multadd
 .text.__s2b    0x0011e000      0x10c C:/devkitPro/devkitARM/bin/../lib/gcc/arm-none-eabi/16.1.0/../../../../arm-none-eabi/lib/armv6k/fpu\libg.a(libc_a-mprec.o)
                0x0011e000                __s2b
 .text.__hi0bits
                0x0011e10c       0x80 C:/devkitPro/devkitARM/bin/../lib/gcc/arm-none-eabi/16.1.0/../../../../arm-none-eabi/lib/armv6k/fpu\libg.a(libc_a-mprec.o)
                0x0011e10c                __hi0bits
 .text.__lo0bits
                0x0011e18c       0xf0 C:/devkitPro/devkitARM/bin/../lib/gcc/arm-none-eabi/16.1.0/../../../../arm-none-eabi/lib/armv6k/fpu\libg.a(libc_a-mprec.o)
                0x0011e18c                __lo0bits
 .text.__i2b    0x0011e27c       0xa4 C:/devkitPro/devkitARM/bin/../lib/gcc/arm-none-eabi/16.1.0/../../../../arm-none-eabi/lib/armv6k/fpu\libg.a(libc_a-mprec.o)
                0x0011e27c                __i2b
 .text.__multiply
                0x0011e320      0x230 C:/devkitPro/devkitARM/bin/../lib/gcc/arm-none-eabi/16.1.0/../../../../arm-none-eabi/lib/armv6k/fpu\libg.a(libc_a-mprec.o)
                0x0011e320                __multiply
 .text.__pow5mult
                0x0011e550      0x130 C:/devkitPro/devkitARM/bin/../lib/gcc/arm-none-eabi/16.1.0/../../../../arm-none-eabi/lib/armv6k/fpu\libg.a(libc_a-mprec.o)
                0x0011e550                __pow5mult
 .text.__lshift
                0x0011e680      0x138 C:/devkitPro/devkitARM/bin/../lib/gcc/arm-none-eabi/16.1.0/../../../../arm-none-eabi/lib/armv6k/fpu\libg.a(libc_a-mprec.o)
                0x0011e680                __lshift
 .text.__mcmp   0x0011e7b8       0x58 C:/devkitPro/devkitARM/bin/../lib/gcc/arm-none-eabi/16.1.0/../../../../arm-none-eabi/lib/armv6k/fpu\libg.a(libc_a-mprec.o)
                0x0011e7b8                __mcmp
 .text.__mdiff  0x0011e810      0x218 C:/devkitPro/devkitARM/bin/../lib/gcc/arm-none-eabi/16.1.0/../../../../arm-none-eabi/lib/armv6k/fpu\libg.a(libc_a-mprec.o)
                0x0011e810                __mdiff
 .text.__ulp    0x0011ea28       0x68 C:/devkitPro/devkitARM/bin/../lib/gcc/arm-none-eabi/16.1.0/../../../../arm-none-eabi/lib/armv6k/fpu\libg.a(libc_a-mprec.o)
                0x0011ea28                __ulp
 .text.__b2d    0x0011ea90       0xd4 C:/devkitPro/devkitARM/bin/../lib/gcc/arm-none-eabi/16.1.0/../../../../arm-none-eabi/lib/armv6k/fpu\libg.a(libc_a-mprec.o)
                0x0011ea90                __b2d
 .text.__d2b    0x0011eb64      0x120 C:/devkitPro/devkitARM/bin/../lib/gcc/arm-none-eabi/16.1.0/../../../../arm-none-eabi/lib/armv6k/fpu\libg.a(libc_a-mprec.o)
                0x0011eb64                __d2b
 .text.__ratio  0x0011ec84       0x78 C:/devkitPro/devkitARM/bin/../lib/gcc/arm-none-eabi/16.1.0/../../../../arm-none-eabi/lib/armv6k/fpu\libg.a(libc_a-mprec.o)
                0x0011ec84                __ratio
 .text.__copybits
                0x0011ecfc       0x8c C:/devkitPro/devkitARM/bin/../lib/gcc/arm-none-eabi/16.1.0/../../../../arm-none-eabi/lib/armv6k/fpu\libg.a(libc_a-mprec.o)
                0x0011ecfc                __copybits
 .text.__any_on
                0x0011ed88       0x5c C:/devkitPro/devkitARM/bin/../lib/gcc/arm-none-eabi/16.1.0/../../../../arm-none-eabi/lib/armv6k/fpu\libg.a(libc_a-mprec.o)
                0x0011ed88                __any_on
 .text.sulp     0x0011ede4       0x60 C:/devkitPro/devkitARM/bin/../lib/gcc/arm-none-eabi/16.1.0/../../../../arm-none-eabi/lib/armv6k/fpu\libg.a(libc_a-strtod.o)
 *fill*         0x0011ee44        0x4 
 .text._strtod_l
                0x0011ee48     0x1428 C:/devkitPro/devkitARM/bin/../lib/gcc/arm-none-eabi/16.1.0/../../../../arm-none-eabi/lib/armv6k/fpu\libg.a(libc_a-strtod.o)
                0x0011ee48                _strtod_l
 .text._strtod_r
                0x00120270       0x44 C:/devkitPro/devkitARM/bin/../lib/gcc/arm-none-eabi/16.1.0/../../../../arm-none-eabi/lib/armv6k/fpu\libg.a(libc_a-strtod.o)
                0x00120270                _strtod_r
 .text._strtoull_l.isra.0
                0x001202b4      0x264 C:/devkitPro/devkitARM/bin/../lib/gcc/arm-none-eabi/16.1.0/../../../../arm-none-eabi/lib/armv6k/fpu\libg.a(libc_a-strtoull.o)
 .text._strtoull_r
                0x00120518       0x38 C:/devkitPro/devkitARM/bin/../lib/gcc/arm-none-eabi/16.1.0/../../../../arm-none-eabi/lib/armv6k/fpu\libg.a(libc_a-strtoull.o)
                0x00120518                _strtoull_r
 .text.rshift   0x00120550       0xf4 C:/devkitPro/devkitARM/bin/../lib/gcc/arm-none-eabi/16.1.0/../../../../arm-none-eabi/lib/armv6k/fpu\libg.a(libc_a-gdtoa-gethex.o)
 .text.__gethex
                0x00120644      0x8b4 C:/devkitPro/devkitARM/bin/../lib/gcc/arm-none-eabi/16.1.0/../../../../arm-none-eabi/lib/armv6k/fpu\libg.a(libc_a-gdtoa-gethex.o)
                0x00120644                __gethex
 .text.__submore
                0x00120ef8       0xb8 C:/devkitPro/devkitARM/bin/../lib/gcc/arm-none-eabi/16.1.0/../../../../arm-none-eabi/lib/armv6k/fpu\libg.a(libc_a-ungetc.o)
                0x00120ef8                __submore
 .text._ungetc_r
                0x00120fb0      0x230 C:/devkitPro/devkitARM/bin/../lib/gcc/arm-none-eabi/16.1.0/../../../../arm-none-eabi/lib/armv6k/fpu\libg.a(libc_a-ungetc.o)
                0x00120fb0                _ungetc_r
 .text.__utf8_mbtowc
                0x001211e0      0x340 C:/devkitPro/devkitARM/bin/../lib/gcc/arm-none-eabi/16.1.0/../../../../arm-none-eabi/lib/armv6k/fpu\libg.a(libc_a-mbtowc_r.o)
                0x001211e0                __utf8_mbtowc
 .text.fiprintf
                0x00121520       0x3c C:/devkitPro/devkitARM/bin/../lib/gcc/arm-none-eabi/16.1.0/../../../../arm-none-eabi/lib/armv6k/fpu\libg.a(libc_a-fiprintf.o)
                0x00121520                fiprintf
 .text._mbrtowc_r
                0x0012155c       0xc4 C:/devkitPro/devkitARM/bin/../lib/gcc/arm-none-eabi/16.1.0/../../../../arm-none-eabi/lib/armv6k/fpu\libg.a(libc_a-mbrtowc.o)
                0x0012155c                _mbrtowc_r
 .text.__tz_lock
                0x00121620        0xc C:/devkitPro/devkitARM/bin/../lib/gcc/arm-none-eabi/16.1.0/../../../../arm-none-eabi/lib/armv6k/fpu\libg.a(libc_a-tzlock.o)
                0x00121620                __tz_lock
 .text.__tz_unlock
                0x0012162c        0xc C:/devkitPro/devkitARM/bin/../lib/gcc/arm-none-eabi/16.1.0/../../../../arm-none-eabi/lib/armv6k/fpu\libg.a(libc_a-tzlock.o)
                0x0012162c                __tz_unlock
 .text.__sccl   0x00121638       0xf8 C:/devkitPro/devkitARM/bin/../lib/gcc/arm-none-eabi/16.1.0/../../../../arm-none-eabi/lib/armv6k/fpu\libg.a(libc_a-sccl.o)
                0x00121638                __sccl
 .text.abort    0x00121730       0x14 C:/devkitPro/devkitARM/bin/../lib/gcc/arm-none-eabi/16.1.0/../../../../arm-none-eabi/lib/armv6k/fpu\libg.a(libc_a-abort.o)
                0x00121730                abort
 .text._strtoll_l.isra.0
                0x00121744      0x47c C:/devkitPro/devkitARM/bin/../lib/gcc/arm-none-eabi/16.1.0/../../../../arm-none-eabi/lib/armv6k/fpu\libg.a(libc_a-strtoll.o)
 .text._strtoll_r
                0x00121bc0       0x38 C:/devkitPro/devkitARM/bin/../lib/gcc/arm-none-eabi/16.1.0/../../../../arm-none-eabi/lib/armv6k/fpu\libg.a(libc_a-strtoll.o)
                0x00121bc0                _strtoll_r
 .text.strcpy   0x00121bf8       0xf0 C:/devkitPro/devkitARM/bin/../lib/gcc/arm-none-eabi/16.1.0/../../../../arm-none-eabi/lib/armv6k/fpu\libg.a(libc_a-strcpy.o)
                0x00121bf8                strcpy
 .text._calloc_r
                0x00121ce8       0xd8 C:/devkitPro/devkitARM/bin/../lib/gcc/arm-none-eabi/16.1.0/../../../../arm-none-eabi/lib/armv6k/fpu\libg.a(libc_a-callocr.o)
                0x00121ce8                _calloc_r
 .text.realloc  0x00121dc0       0x28 C:/devkitPro/devkitARM/bin/../lib/gcc/arm-none-eabi/16.1.0/../../../../arm-none-eabi/lib/armv6k/fpu\libg.a(libc_a-realloc.o)
                0x00121dc0                realloc
 .text.siscanf  0x00121de8       0x78 C:/devkitPro/devkitARM/bin/../lib/gcc/arm-none-eabi/16.1.0/../../../../arm-none-eabi/lib/armv6k/fpu\libg.a(libc_a-siscanf.o)
                0x00121de8                siscanf
 .text.iswspace_l
                0x00121e60       0x38 C:/devkitPro/devkitARM/bin/../lib/gcc/arm-none-eabi/16.1.0/../../../../arm-none-eabi/lib/armv6k/fpu\libg.a(libc_a-iswspace_l.o)
                0x00121e60                iswspace_l
 .text.get_arg  0x00121e98      0x5e0 C:/devkitPro/devkitARM/bin/../lib/gcc/arm-none-eabi/16.1.0/../../../../arm-none-eabi/lib/armv6k/fpu\libg.a(libc_a-vfiprintf.o)
 .text._vfiprintf_r
                0x00122478     0x22f8 C:/devkitPro/devkitARM/bin/../lib/gcc/arm-none-eabi/16.1.0/../../../../arm-none-eabi/lib/armv6k/fpu\libg.a(libc_a-vfiprintf.o)
                0x00122478                _vfiprintf_r
 .text.__sbprintf
                0x00124770       0xb4 C:/devkitPro/devkitARM/bin/../lib/gcc/arm-none-eabi/16.1.0/../../../../arm-none-eabi/lib/armv6k/fpu\libg.a(libc_a-vfiprintf.o)
 .text.__match  0x00124824       0x70 C:/devkitPro/devkitARM/bin/../lib/gcc/arm-none-eabi/16.1.0/../../../../arm-none-eabi/lib/armv6k/fpu\libg.a(libc_a-gdtoa-hexnan.o)
                0x00124824                __match
 .text.__hexnan
                0x00124894      0x2a8 C:/devkitPro/devkitARM/bin/../lib/gcc/arm-none-eabi/16.1.0/../../../../arm-none-eabi/lib/armv6k/fpu\libg.a(libc_a-gdtoa-hexnan.o)
                0x00124894                __hexnan
 *fill*         0x00124b3c        0x4 
 .text.nan      0x00124b40       0x10 C:/devkitPro/devkitARM/bin/../lib/gcc/arm-none-eabi/16.1.0/../../../../arm-none-eabi/lib/armv6k/fpu\libg.a(libm_a-s_nan.o)
                0x00124b40                nan
 .text._raise_r
                0x00124b50       0x9c C:/devkitPro/devkitARM/bin/../lib/gcc/arm-none-eabi/16.1.0/../../../../arm-none-eabi/lib/armv6k/fpu\libg.a(libc_a-signal.o)
                0x00124b50                _raise_r
 .text.raise    0x00124bec       0x20 C:/devkitPro/devkitARM/bin/../lib/gcc/arm-none-eabi/16.1.0/../../../../arm-none-eabi/lib/armv6k/fpu\libg.a(libc_a-signal.o)
                0x00124bec                raise
 .text.category
                0x00124c0c       0x90 C:/devkitPro/devkitARM/bin/../lib/gcc/arm-none-eabi/16.1.0/../../../../arm-none-eabi/lib/armv6k/fpu\libg.a(libc_a-categories.o)
                0x00124c0c                category
 .text.get_arg  0x00124c9c       0x50 C:/devkitPro/devkitARM/bin/../lib/gcc/arm-none-eabi/16.1.0/../../../../arm-none-eabi/lib/armv6k/fpu\libg.a(libc_a-svfiscanf.o)
 .text._sungetc_r
                0x00124cec       0xe4 C:/devkitPro/devkitARM/bin/../lib/gcc/arm-none-eabi/16.1.0/../../../../arm-none-eabi/lib/armv6k/fpu\libg.a(libc_a-svfiscanf.o)
                0x00124cec                _sungetc_r
 .text.__ssrefill_r
                0x00124dd0       0x6c C:/devkitPro/devkitARM/bin/../lib/gcc/arm-none-eabi/16.1.0/../../../../arm-none-eabi/lib/armv6k/fpu\libg.a(libc_a-svfiscanf.o)
                0x00124dd0                __ssrefill_r
 .text._sfread_r
                0x00124e3c       0xb4 C:/devkitPro/devkitARM/bin/../lib/gcc/arm-none-eabi/16.1.0/../../../../arm-none-eabi/lib/armv6k/fpu\libg.a(libc_a-svfiscanf.o)
                0x00124e3c                _sfread_r
 .text.__ssvfiscanf_r
                0x00124ef0     0x22c4 C:/devkitPro/devkitARM/bin/../lib/gcc/arm-none-eabi/16.1.0/../../../../arm-none-eabi/lib/armv6k/fpu\libg.a(libc_a-svfiscanf.o)
                0x00124ef0                __ssvfiscanf_r
 .text._exit    0x001271b4       0x20 C:/devkitPro/devkitARM/bin/../lib/gcc/arm-none-eabi/16.1.0/../../../../arm-none-eabi/lib/armv6k/fpu\libsysbase.a(libsysbase_libsysbase_a-_exit.o)
                0x001271b4                _exit
 .text.chdir    0x001271d4      0x140 C:/devkitPro/devkitARM/bin/../lib/gcc/arm-none-eabi/16.1.0/../../../../arm-none-eabi/lib/armv6k/fpu\libsysbase.a(libsysbase_libsysbase_a-chdir.o)
                0x001271d4                chdir
 .text._concatenate_path
                0x00127314      0x1c8 C:/devkitPro/devkitARM/bin/../lib/gcc/arm-none-eabi/16.1.0/../../../../arm-none-eabi/lib/armv6k/fpu\libsysbase.a(libsysbase_libsysbase_a-concatenate.o)
                0x00127314                _concatenate_path
 .text.__dirnext
                0x001274dc       0x70 C:/devkitPro/devkitARM/bin/../lib/gcc/arm-none-eabi/16.1.0/../../../../arm-none-eabi/lib/armv6k/fpu\libsysbase.a(libsysbase_libsysbase_a-dirent.o)
 .text.opendir  0x0012754c      0x114 C:/devkitPro/devkitARM/bin/../lib/gcc/arm-none-eabi/16.1.0/../../../../arm-none-eabi/lib/armv6k/fpu\libsysbase.a(libsysbase_libsysbase_a-dirent.o)
                0x0012754c                opendir
 .text.closedir
                0x00127660       0x98 C:/devkitPro/devkitARM/bin/../lib/gcc/arm-none-eabi/16.1.0/../../../../arm-none-eabi/lib/armv6k/fpu\libsysbase.a(libsysbase_libsysbase_a-dirent.o)
                0x00127660                closedir
 .text.readdir_r
                0x001276f8       0xf8 C:/devkitPro/devkitARM/bin/../lib/gcc/arm-none-eabi/16.1.0/../../../../arm-none-eabi/lib/armv6k/fpu\libsysbase.a(libsysbase_libsysbase_a-dirent.o)
                0x001276f8                readdir_r
 .text.readdir  0x001277f0       0x48 C:/devkitPro/devkitARM/bin/../lib/gcc/arm-none-eabi/16.1.0/../../../../arm-none-eabi/lib/armv6k/fpu\libsysbase.a(libsysbase_libsysbase_a-dirent.o)
                0x001277f0                readdir
 .text._fstat_r
                0x00127838       0x9c C:/devkitPro/devkitARM/bin/../lib/gcc/arm-none-eabi/16.1.0/../../../../arm-none-eabi/lib/armv6k/fpu\libsysbase.a(libsysbase_libsysbase_a-fstat.o)
                0x00127838                _fstat_r
 .text._getpid_r
                0x001278d4       0x14 C:/devkitPro/devkitARM/bin/../lib/gcc/arm-none-eabi/16.1.0/../../../../arm-none-eabi/lib/armv6k/fpu\libsysbase.a(libsysbase_libsysbase_a-getpid.o)
                0x001278d4                _getpid_r
 .text.__getreent
                0x001278e8       0x2c C:/devkitPro/devkitARM/bin/../lib/gcc/arm-none-eabi/16.1.0/../../../../arm-none-eabi/lib/armv6k/fpu\libsysbase.a(libsysbase_libsysbase_a-getreent.o)
                0x001278e8                __getreent
 .text._gettimeofday_r
                0x00127914       0x30 C:/devkitPro/devkitARM/bin/../lib/gcc/arm-none-eabi/16.1.0/../../../../arm-none-eabi/lib/armv6k/fpu\libsysbase.a(libsysbase_libsysbase_a-gettod.o)
                0x00127914                _gettimeofday_r
 .text.__release_handle
                0x00127944       0xa0 C:/devkitPro/devkitARM/bin/../lib/gcc/arm-none-eabi/16.1.0/../../../../arm-none-eabi/lib/armv6k/fpu\libsysbase.a(libsysbase_libsysbase_a-handle_manager.o)
                0x00127944                __release_handle
 .text.__alloc_handle
                0x001279e4       0xb0 C:/devkitPro/devkitARM/bin/../lib/gcc/arm-none-eabi/16.1.0/../../../../arm-none-eabi/lib/armv6k/fpu\libsysbase.a(libsysbase_libsysbase_a-handle_manager.o)
                0x001279e4                __alloc_handle
 .text.__get_handle
                0x00127a94       0x58 C:/devkitPro/devkitARM/bin/../lib/gcc/arm-none-eabi/16.1.0/../../../../arm-none-eabi/lib/armv6k/fpu\libsysbase.a(libsysbase_libsysbase_a-handle_manager.o)
                0x00127a94                __get_handle
 .text._close_r
                0x00127aec      0x110 C:/devkitPro/devkitARM/bin/../lib/gcc/arm-none-eabi/16.1.0/../../../../arm-none-eabi/lib/armv6k/fpu\libsysbase.a(libsysbase_libsysbase_a-handle_manager.o)
                0x00127aec                _close_r
 .text.null_write
                0x00127bfc        0x8 C:/devkitPro/devkitARM/bin/../lib/gcc/arm-none-eabi/16.1.0/../../../../arm-none-eabi/lib/armv6k/fpu\libsysbase.a(libsysbase_libsysbase_a-iosupport.o)
 .text.setDefaultDevice
                0x00127c04       0x18 C:/devkitPro/devkitARM/bin/../lib/gcc/arm-none-eabi/16.1.0/../../../../arm-none-eabi/lib/armv6k/fpu\libsysbase.a(libsysbase_libsysbase_a-iosupport.o)
                0x00127c04                setDefaultDevice
 .text.FindDevice
                0x00127c1c       0x98 C:/devkitPro/devkitARM/bin/../lib/gcc/arm-none-eabi/16.1.0/../../../../arm-none-eabi/lib/armv6k/fpu\libsysbase.a(libsysbase_libsysbase_a-iosupport.o)
                0x00127c1c                FindDevice
 .text.RemoveDevice
                0x00127cb4       0x24 C:/devkitPro/devkitARM/bin/../lib/gcc/arm-none-eabi/16.1.0/../../../../arm-none-eabi/lib/armv6k/fpu\libsysbase.a(libsysbase_libsysbase_a-iosupport.o)
                0x00127cb4                RemoveDevice
 .text.AddDevice
                0x00127cd8       0x88 C:/devkitPro/devkitARM/bin/../lib/gcc/arm-none-eabi/16.1.0/../../../../arm-none-eabi/lib/armv6k/fpu\libsysbase.a(libsysbase_libsysbase_a-iosupport.o)
                0x00127cd8                AddDevice
 .text.GetDeviceOpTab
                0x00127d60       0x20 C:/devkitPro/devkitARM/bin/../lib/gcc/arm-none-eabi/16.1.0/../../../../arm-none-eabi/lib/armv6k/fpu\libsysbase.a(libsysbase_libsysbase_a-iosupport.o)
                0x00127d60                GetDeviceOpTab
 .text._isatty_r
                0x00127d80        0x8 C:/devkitPro/devkitARM/bin/../lib/gcc/arm-none-eabi/16.1.0/../../../../arm-none-eabi/lib/armv6k/fpu\libsysbase.a(libsysbase_libsysbase_a-isatty.o)
                0x00127d80                _isatty_r
 .text._kill_r  0x00127d88       0x14 C:/devkitPro/devkitARM/bin/../lib/gcc/arm-none-eabi/16.1.0/../../../../arm-none-eabi/lib/armv6k/fpu\libsysbase.a(libsysbase_libsysbase_a-kill.o)
                0x00127d88                _kill_r
 .text._lseek_r
                0x00127d9c       0x94 C:/devkitPro/devkitARM/bin/../lib/gcc/arm-none-eabi/16.1.0/../../../../arm-none-eabi/lib/armv6k/fpu\libsysbase.a(libsysbase_libsysbase_a-lseek.o)
                0x00127d9c                _lseek_r
 .text.mkdir    0x00127e30       0x68 C:/devkitPro/devkitARM/bin/../lib/gcc/arm-none-eabi/16.1.0/../../../../arm-none-eabi/lib/armv6k/fpu\libsysbase.a(libsysbase_libsysbase_a-mkdir.o)
                0x00127e30                mkdir
 .text._open_r  0x00127e98       0xc0 C:/devkitPro/devkitARM/bin/../lib/gcc/arm-none-eabi/16.1.0/../../../../arm-none-eabi/lib/armv6k/fpu\libsysbase.a(libsysbase_libsysbase_a-open.o)
                0x00127e98                _open_r
 .text._read_r  0x00127f58       0x94 C:/devkitPro/devkitARM/bin/../lib/gcc/arm-none-eabi/16.1.0/../../../../arm-none-eabi/lib/armv6k/fpu\libsysbase.a(libsysbase_libsysbase_a-read.o)
                0x00127f58                _read_r
 .text._rmdir_r
                0x00127fec       0x7c C:/devkitPro/devkitARM/bin/../lib/gcc/arm-none-eabi/16.1.0/../../../../arm-none-eabi/lib/armv6k/fpu\libsysbase.a(libsysbase_libsysbase_a-rmdir.o)
                0x00127fec                _rmdir_r
 .text._sbrk_r  0x00128068       0x78 C:/devkitPro/devkitARM/bin/../lib/gcc/arm-none-eabi/16.1.0/../../../../arm-none-eabi/lib/armv6k/fpu\libsysbase.a(libsysbase_libsysbase_a-sbrk.o)
                0x00128068                _sbrk_r
 .text.__libc_lock_acquire
                0x001280e0       0x1c C:/devkitPro/devkitARM/bin/../lib/gcc/arm-none-eabi/16.1.0/../../../../arm-none-eabi/lib/armv6k/fpu\libsysbase.a(libsysbase_libsysbase_a-syscall_support.o)
                0x001280e0                __libc_lock_acquire
 .text.__libc_lock_release
                0x001280fc       0x1c C:/devkitPro/devkitARM/bin/../lib/gcc/arm-none-eabi/16.1.0/../../../../arm-none-eabi/lib/armv6k/fpu\libsysbase.a(libsysbase_libsysbase_a-syscall_support.o)
                0x001280fc                __libc_lock_release
 .text.__libc_lock_acquire_recursive
                0x00128118       0x1c C:/devkitPro/devkitARM/bin/../lib/gcc/arm-none-eabi/16.1.0/../../../../arm-none-eabi/lib/armv6k/fpu\libsysbase.a(libsysbase_libsysbase_a-syscall_support.o)
                0x00128118                __libc_lock_acquire_recursive
 .text.__libc_lock_release_recursive
                0x00128134       0x1c C:/devkitPro/devkitARM/bin/../lib/gcc/arm-none-eabi/16.1.0/../../../../arm-none-eabi/lib/armv6k/fpu\libsysbase.a(libsysbase_libsysbase_a-syscall_support.o)
                0x00128134                __libc_lock_release_recursive
 .text._unlink_r
                0x00128150       0x78 C:/devkitPro/devkitARM/bin/../lib/gcc/arm-none-eabi/16.1.0/../../../../arm-none-eabi/lib/armv6k/fpu\libsysbase.a(libsysbase_libsysbase_a-unlink.o)
                0x00128150                _unlink_r
 .text._write_r
                0x001281c8       0x94 C:/devkitPro/devkitARM/bin/../lib/gcc/arm-none-eabi/16.1.0/../../../../arm-none-eabi/lib/armv6k/fpu\libsysbase.a(libsysbase_libsysbase_a-write.o)
                0x001281c8                _write_r
 *(.glue_7)
 .glue_7        0x0012825c        0x0 linker stubs
 *(.glue_7t)
 .glue_7t       0x0012825c        0x0 linker stubs
 *(.stub)
 *(.gnu.warning)
 *(.gnu.linkonce.t*)
                0x0012825c                        . = ALIGN (0x4)
 *(.fini)
 .fini          0x0012825c        0xc C:/devkitPro/devkitARM/bin/../lib/gcc/arm-none-eabi/16.1.0/armv6k/fpu/crti.o
                0x0012825c                _fini
 .fini          0x00128268        0xc C:/devkitPro/devkitARM/bin/../lib/gcc/arm-none-eabi/16.1.0/armv6k/fpu/crtn.o
                0x00128274                        . = ALIGN (0x4)

.vfp11_veneer   0x00128274        0x0
 .vfp11_veneer  0x00128274        0x0 linker stubs

.v4_bx          0x00128274        0x0
 .v4_bx         0x00128274        0x0 linker stubs

.iplt           0x00128274        0x0
 .iplt          0x00128274        0x0 C:/devkitPro/devkitARM/bin/../lib/gcc/arm-none-eabi/16.1.0/../../../../arm-none-eabi/lib/armv6k/fpu/3dsx_crt0.o
                0x00129000                        . = ALIGN (0x1000)

.rodata         0x00129000     0x4d44
 *(.rodata)
 .rodata        0x00129000      0x198 main.o
 .rodata        0x00129198        0xc C:/devkitPro/libctru/lib\libctru.a(archive_dev.o)
 *(.roda)
 *(.rodata.*)
 .rodata.str1.4
                0x001291a4      0x700 main.o
                                0x3f1 (size before relaxing)
 .rodata.aptEventHandler
                0x001298a4        0xb C:/devkitPro/libctru/lib\libctru.a(apt.o)
 .rodata.aptWaitForWakeUp.isra.0
                0x001298af       0x11 C:/devkitPro/libctru/lib\libctru.a(apt.o)
 .rodata.morton_y.2
                0x001298c0        0x8 C:/devkitPro/libctru/lib\libctru.a(apt.o)
 .rodata.morton_x.3
                0x001298c8        0x8 C:/devkitPro/libctru/lib\libctru.a(apt.o)
 .rodata.s_sleepWakeEvents.4
                0x001298d0        0x8 C:/devkitPro/libctru/lib\libctru.a(apt.o)
 .rodata.str1.4
                0x001298d8        0x0 C:/devkitPro/libctru/lib\libctru.a(apt.o)
                                 0x16 (size before relaxing)
 .rodata.serviceNameTable.5
                0x001298d8        0xc C:/devkitPro/libctru/lib\libctru.a(apt.o)
 .rodata.camInit.str1.4
                0x001298e4        0x0 C:/devkitPro/libctru/lib\libctru.a(cam.o)
                                  0x6 (size before relaxing)
 .rodata.gspInit.str1.4
                0x001298e4        0x0 C:/devkitPro/libctru/lib\libctru.a(gspgpu.o)
                                  0x9 (size before relaxing)
 .rodata.hidInit.str1.4
                0x001298e4        0x0 C:/devkitPro/libctru/lib\libctru.a(hid.o)
                                 0x15 (size before relaxing)
 .rodata.irrstInit.str1.4
                0x001298e4        0x0 C:/devkitPro/libctru/lib\libctru.a(irrst.o)
                                  0x7 (size before relaxing)
 .rodata.__system_initArgv.str1.4
                0x001298e4        0x0 C:/devkitPro/libctru/lib\libctru.a(initArgv.o)
                                  0xa (size before relaxing)
 .rodata.srvInit.str1.4
                0x001298e4        0x0 C:/devkitPro/libctru/lib\libctru.a(srv.o)
                                  0x5 (size before relaxing)
 .rodata.ptmSysmInit.str1.4
                0x001298e4        0x0 C:/devkitPro/libctru/lib\libctru.a(ptmsysm.o)
                                  0x9 (size before relaxing)
 .rodata.archive_utf16path.str1.4
                0x001298e4        0x0 C:/devkitPro/libctru/lib\libctru.a(archive_dev.o)
                                  0x2 (size before relaxing)
 .rodata._archiveUnmountDeviceStruct.part.0.str1.4
                0x001298e4        0x0 C:/devkitPro/libctru/lib\libctru.a(archive_dev.o)
                                  0x2 (size before relaxing)
 .rodata._archiveMountDevice.str1.4
                0x001298e4        0x0 C:/devkitPro/libctru/lib\libctru.a(archive_dev.o)
                                  0xc (size before relaxing)
 .rodata.archiveMountSdmc.str1.4
                0x001298e4        0x0 C:/devkitPro/libctru/lib\libctru.a(archive_dev.o)
                                  0x5 (size before relaxing)
 .rodata.error_table
                0x001298e4       0x30 C:/devkitPro/libctru/lib\libctru.a(archive_dev.o)
 .rodata.str1.4
                0x00129914        0x0 C:/devkitPro/libctru/lib\libctru.a(archive_dev.o)
                                  0x8 (size before relaxing)
 .rodata.archive_devoptab
                0x00129914       0x80 C:/devkitPro/libctru/lib\libctru.a(archive_dev.o)
 .rodata.fsInit.str1.4
                0x00129994        0x0 C:/devkitPro/libctru/lib\libctru.a(fs.o)
                                  0x8 (size before relaxing)
 .rodata.get_arg
                0x00129994       0x34 C:/devkitPro/devkitARM/bin/../lib/gcc/arm-none-eabi/16.1.0/../../../../arm-none-eabi/lib/armv6k/fpu\libg.a(libc_a-svfprintf.o)
 .rodata._svfprintf_r.str1.1
                0x001299c8       0x40 C:/devkitPro/devkitARM/bin/../lib/gcc/arm-none-eabi/16.1.0/../../../../arm-none-eabi/lib/armv6k/fpu\libg.a(libc_a-svfprintf.o)
                                 0x3b (size before relaxing)
 .rodata._svfprintf_r
                0x00129a08       0xb6 C:/devkitPro/devkitARM/bin/../lib/gcc/arm-none-eabi/16.1.0/../../../../arm-none-eabi/lib/armv6k/fpu\libg.a(libc_a-svfprintf.o)
 *fill*         0x00129abe        0x2 
 .rodata.zeroes.0
                0x00129ac0       0x10 C:/devkitPro/devkitARM/bin/../lib/gcc/arm-none-eabi/16.1.0/../../../../arm-none-eabi/lib/armv6k/fpu\libg.a(libc_a-svfprintf.o)
 .rodata.blanks.1
                0x00129ad0       0x10 C:/devkitPro/devkitARM/bin/../lib/gcc/arm-none-eabi/16.1.0/../../../../arm-none-eabi/lib/armv6k/fpu\libg.a(libc_a-svfprintf.o)
 .rodata._ctype_
                0x00129ae0      0x101 C:/devkitPro/devkitARM/bin/../lib/gcc/arm-none-eabi/16.1.0/../../../../arm-none-eabi/lib/armv6k/fpu\libg.a(libc_a-ctype_.o)
                0x00129ae0                _ctype_
 *fill*         0x00129be1        0x1 
 .rodata.get_arg
                0x00129be2       0x34 C:/devkitPro/devkitARM/bin/../lib/gcc/arm-none-eabi/16.1.0/../../../../arm-none-eabi/lib/armv6k/fpu\libg.a(libc_a-vfprintf.o)
 .rodata._vfprintf_r.str1.1
                0x00129c16        0x0 C:/devkitPro/devkitARM/bin/../lib/gcc/arm-none-eabi/16.1.0/../../../../arm-none-eabi/lib/armv6k/fpu\libg.a(libc_a-vfprintf.o)
                                 0x3b (size before relaxing)
 .rodata._vfprintf_r
                0x00129c16       0xb6 C:/devkitPro/devkitARM/bin/../lib/gcc/arm-none-eabi/16.1.0/../../../../arm-none-eabi/lib/armv6k/fpu\libg.a(libc_a-vfprintf.o)
 .rodata.zeroes.0
                0x00129ccc       0x10 C:/devkitPro/devkitARM/bin/../lib/gcc/arm-none-eabi/16.1.0/../../../../arm-none-eabi/lib/armv6k/fpu\libg.a(libc_a-vfprintf.o)